→ 🎬 Running test task

→ 🔧 Setup · Running setup

→ 🧪 Test · Spawning bazel test
INFO: Options provided by the client:
  Inherited 'common' options: --isatty=0 --terminal_columns=80 --announce_rc
Computing main repo mapping:
Loading:
Loading: 0 packages loaded
Analyzing: 6 targets (0 packages loaded, 0 targets configured)
Analyzing: 6 targets (0 packages loaded, 0 targets configured)

INFO: Analyzed 6 targets (0 packages loaded, 9779 targets configured).
[273 / 284] 2 / 6 tests; Testing //:python_format_test; 1s linux-sandbox ... (4 actions, 3 running)
[278 / 285] 4 / 6 tests; Testing //core/terminal:host_race_test; 0s linux-sandbox ... (2 actions, 1 running)
[284 / 286] 4 / 6 tests; Testing //core/terminal:host_race_test; 2s linux-sandbox ... (2 actions running)
[284 / 286] 5 / 6 tests; Testing //core/terminal:host_race_test; 5s linux-sandbox ... (2 actions running)
[285 / 286] 5 / 6 tests; Testing //core/connection:command_fuzz_test; 5s linux-sandbox
[285 / 286] 6 / 6 tests; Testing //core/connection:command_fuzz_test; 10s linux-sandbox
INFO: Found 6 test targets...
INFO: Elapsed time: 13.728s, Critical Path: 13.33s
INFO: 28 processes: 258 action cache hit, 11 internal, 19 linux-sandbox.
INFO: Build completed successfully, 28 total actions
INFO:
//:python_format_behavior_test                                  (cached) PASSED in 1.1s
//:python_lint_test                                             (cached) PASSED in 0.2s
//:go_format_test                                                        PASSED in 0.2s
//:python_format_test                                                    PASSED in 0.2s
//core/connection:command_fuzz_test                                      PASSED in 10.5s
//core/terminal:host_race_test                                           PASSED in 5.5s

Executed 4 out of 6 tests: 6 tests pass.
There were tests whose specified size is too big. Use the --test_verbose_timeout_warnings command line option to see which ones these are.
INFO: Build Event Protocol files produced successfully.

→ ✅ Passed test task in 13.9s · Tests passed
    🔧 Setup    0ms  Prepare the task environment
    🧪 Test   13.9s  Run bazel tests
