→ 🎬 Running test task

→ 🔧 Setup · Running setup

→ 🧪 Test · Spawning bazel test
INFO: Options provided by the client:
  Inherited 'common' options: --isatty=0 --terminal_columns=80 --announce_rc
Computing main repo mapping:
Loading:
Loading: 0 packages loaded
Analyzing: target //core/terminal:host_race_test (0 packages loaded, 0 targets configured)
Analyzing: target //core/terminal:host_race_test (0 packages loaded, 0 targets configured)

INFO: Analyzed target //core/terminal:host_race_test (0 packages loaded, 7 targets configured).
[137 / 138] [Prepa] runfiles for //core/terminal:host_race_test
FAIL: //core/terminal:host_race_test (Exit 1) (see /home/bochner/.cache/bazel/_bazel_bochner/600736f58282de05449d4e4ce2f691e6/execroot/_main/bazel-out/k8-fastbuild-ST-43ee7a212f12/testlogs/core/terminal/host_race_test/test.log)
INFO: From Testing //core/terminal:host_race_test:
==================== Test output for //core/terminal:host_race_test:
==================
WARNING: DATA RACE
Read at 0x00c000018258 by goroutine 12:
  github.com/Bochner/burrow/core/terminal_test.TestRaceProbe.func1()
      core/terminal/host_test.go:280 +0x44

Previous write at 0x00c000018258 by goroutine 11:
  github.com/Bochner/burrow/core/terminal_test.TestRaceProbe()
      core/terminal/host_test.go:281 +0x124
  testing.tRunner()
      GOROOT/src/testing/testing.go:2036 +0x21c
  testing.(*T).Run.gowrap1()
      GOROOT/src/testing/testing.go:2101 +0x38

Goroutine 12 (running) created at:
  github.com/Bochner/burrow/core/terminal_test.TestRaceProbe()
      core/terminal/host_test.go:280 +0xfc
  testing.tRunner()
      GOROOT/src/testing/testing.go:2036 +0x21c
  testing.(*T).Run.gowrap1()
      GOROOT/src/testing/testing.go:2101 +0x38

Goroutine 11 (running) created at:
  testing.(*T).Run()
      GOROOT/src/testing/testing.go:2101 +0xb12
  testing.runTests.func1()
      GOROOT/src/testing/testing.go:2585 +0x84
  testing.tRunner()
      GOROOT/src/testing/testing.go:2036 +0x21c
  testing.runTests()
      GOROOT/src/testing/testing.go:2583 +0x9e9
  testing.(*M).Run()
      GOROOT/src/testing/testing.go:2443 +0xf4b
  main.main()
      bazel-out/k8-fastbuild-ST-43ee7a212f12/bin/core/terminal/host_race_test_/testmain.go:142 +0x5b1
==================
--- FAIL: TestRaceProbe (0.00s)
    host_test.go:283: 2000
    testing.go:1712: race detected during execution of test
FAIL
================================================================================
INFO: Found 1 test target...
Target //core/terminal:host_race_test up-to-date:
  bazel-bin/core/terminal/host_race_test_/host_race_test
INFO: Elapsed time: 2.132s, Critical Path: 1.73s
INFO: 10 processes: 10 action cache hit, 2 internal, 8 linux-sandbox.
INFO: Build completed, 1 test FAILED, 10 total actions
INFO:
//core/terminal:host_race_test                                           FAILED in 0.3s
  /home/bochner/.cache/bazel/_bazel_bochner/600736f58282de05449d4e4ce2f691e6/execroot/_main/bazel-out/k8-fastbuild-ST-43ee7a212f12/testlogs/core/terminal/host_race_test/test.log

Executed 1 out of 1 test: 1 fails locally.
INFO: Build Event Protocol files produced successfully.

→ ❌ Failed test task (exit code 3) in 2.3s · Tests failed
    🔧 Setup   0ms  Prepare the task environment
    🧪 Test   2.3s  Run bazel tests (failed)
