exec ${PAGER:-/usr/bin/less} "$0" || exit 1
Executing tests from //core/cmd/burrow:ssh_files_test
-----------------------------------------------------------------------------
TIMING fixture and workspace setup: 2.6s (total 2.6s)
TIMING connect unknown submission-to-CLI-return: 0.472s
TIMING connect gateway submission-to-CLI-return: 0.293s
TIMING connect history-peer submission-to-CLI-return: 0.288s
PASS real same-master SFTP metadata, navigation, denied paths and symlink tree
PASS reviewed same-master download, exact bytes and retrievable completion
PASS durable single/batch full outcomes after CLI detach; private log and unavailable-storage refusal
PASS batch/empty files, no-write review, overwrite binding, containment and deduplicated totals
PASS actual Unicode/quoted/symlink copies and changed source/discovery/root refusal
PASS reviewed contained upload, exact remote bytes and retrievable completion
PASS zero-byte upload, containment, overwrite/denial and download-total isolation
PASS real CLI/TUI history read failure, retained recall and draft, refreshed recall without reopening
PASS log Vim open/toggle/reopen/normal exit restores file draft; live log preserved
PASS right-click active connection opens real same-master shell tab
PASS right-click saved connection, real Vim tab, validated save and retained SSH master
PASS concurrent CLI/TUI first history, browse preserved after uncertain persistence, no retry
TIMING connect file-observer submission-to-CLI-return: 0.369s
PASS real TUI upload and download continues through help/listing/shell; acknowledged cancel preserves original and labelled partial
TIMING connect upload-close submission-to-CLI-return: 0.400s
TIMING connect upload-loss submission-to-CLI-return: 0.378s
PASS stalled rate/unknown ETA, upload cancel/write failure/directory swap/close/loss, concurrent single-stream batch and selected retry
PASS cancellation during parallel link metadata and subsequent request recovery
PASS headless exact-ID discovery cancellation, wrong-ID isolation, audit failure cleanup and sibling preservation
PASS measured remote-load budget: cached completion has zero directory reads; explicit refresh reuses account names; idle stays silent
PASS durable download outcomes/totals after retained owner loss
TIMING acceptance before cleanup: 69.3s (total 72.0s)
PASS post-shutdown database integrity and confirmed Hovel forwarding evidence
TIMING fixture cleanup: 0.8s (total 72.7s)
