→ 🎬 Running test task

→ 🔧 Setup · Running setup

→ 🧪 Test · Spawning bazel test
INFO: Options provided by the client:
  Inherited 'common' options: --isatty=0 --terminal_columns=80 --announce_rc
Computing main repo mapping:
Loading:
Loading: 0 packages loaded
Analyzing: 3 targets (0 packages loaded, 0 targets configured)
Analyzing: 3 targets (0 packages loaded, 0 targets configured)

INFO: Analyzed 3 targets (0 packages loaded, 146 targets configured).
[297 / 299] 1 / 3 tests; Testing //:python_lint_test; 1s linux-sandbox ... (2 actions running)
[298 / 299] 2 / 3 tests; Testing //core/cmd/burrow:ssh_shell_test; 2s local
[298 / 299] 2 / 3 tests; Testing //core/cmd/burrow:ssh_shell_test; 11s local
[298 / 299] 2 / 3 tests; Testing //core/cmd/burrow:ssh_shell_test; 41s local
[298 / 299] 2 / 3 tests; Testing //core/cmd/burrow:ssh_shell_test; 90s local
FAIL: //core/cmd/burrow:ssh_shell_test (Exit 1) (see /home/bochner/.cache/bazel/_bazel_bochner/600736f58282de05449d4e4ce2f691e6/execroot/_main/bazel-out/k8-fastbuild/testlogs/core/cmd/burrow/ssh_shell_test/test.log)
INFO: From Testing //core/cmd/burrow:ssh_shell_test:
==================== Test output for //core/cmd/burrow:ssh_shell_test:
TIMING fixture and workspace setup: 1.9s (total 1.9s)
TIMING connect unknown submission-to-CLI-return: 0.467s
TIMING connect gateway submission-to-CLI-return: 0.286s
SHELL_DISCOVERY {"action": "observe", "counts": {"rpc:GetDaemonInfo": 5, "rpc:ListSessions": 1, "rpc:RunSessionCommand": 1, "command:observe": 1}}
SHELL_DISCOVERY {"action": "snapshot", "counts": {"rpc:GetDaemonInfo": 5, "rpc:ListSessions": 1, "rpc:RunSessionCommand": 1, "command:snapshot": 1}}
PASS bounded screen timeout, broadcast output wakeup, stale revision and control/geometry wakeup
PASS independent CLI readers, concurrent takeover, stale authority and release
PASS explicit current-screen recovery after byte-history truncation
PASS initial/live geometry, private validation, Ctrl+C, slow reader, backpressure and close/input race
TIMING connect shell-peer submission-to-CLI-return: 0.298s
TIMING connect native-close submission-to-CLI-return: 0.303s
TIMING connect audit-close submission-to-CLI-return: 0.313s
TIMING connect target submission-to-CLI-return: 0.461s
TIMING connect target submission-to-CLI-return: 0.467s
TIMING connect target submission-to-CLI-return: 0.483s
TIMING connect target submission-to-CLI-return: 0.457s
TIMING connect target submission-to-CLI-return: 0.462s
PASS retained remote PIDs, launcher exit, selected/connection/manager close, stale/wrong-owner refusal, bounded flood and loss
TIMING connect restricted submission-to-CLI-return: 0.362s
TIMING connect forward-owner submission-to-CLI-return: 0.367s
TIMING reconnect forward-owner submission-to-CLI-return: 0.375s
PASS reviewed local forward, real traffic, retained inventory and selected removal
PASS idle screen waiting: 1 visible / 1 hidden snapshots
TIMING acceptance before cleanup: 87.2s (total 89.1s)
PASS post-shutdown database integrity and confirmed Hovel forwarding evidence
TIMING fixture cleanup: 1.3s (total 90.4s)
Traceback (most recent call last):
  File "/home/bochner/.cache/bazel/_bazel_bochner/600736f58282de05449d4e4ce2f691e6/execroot/_main/bazel-out/k8-fastbuild/bin/core/cmd/burrow/ssh_shell_test.runfiles/_main/core/cmd/burrow/_ssh_shell_test_stage2_bootstrap.py", line 588, in <module>
    main()
  File "/home/bochner/.cache/bazel/_bazel_bochner/600736f58282de05449d4e4ce2f691e6/execroot/_main/bazel-out/k8-fastbuild/bin/core/cmd/burrow/ssh_shell_test.runfiles/_main/core/cmd/burrow/_ssh_shell_test_stage2_bootstrap.py", line 582, in main
    _run_py_path(main_filename, args=sys.argv[1:])
  File "/home/bochner/.cache/bazel/_bazel_bochner/600736f58282de05449d4e4ce2f691e6/execroot/_main/bazel-out/k8-fastbuild/bin/core/cmd/burrow/ssh_shell_test.runfiles/_main/core/cmd/burrow/_ssh_shell_test_stage2_bootstrap.py", line 339, in _run_py_path
    runpy.run_path(main_filename, run_name="__main__")
  File "<frozen runpy>", line 287, in run_path
  File "<frozen runpy>", line 98, in _run_module_code
  File "<frozen runpy>", line 88, in _run_code
  File "/home/bochner/.cache/bazel/_bazel_bochner/600736f58282de05449d4e4ce2f691e6/execroot/_main/bazel-out/k8-fastbuild/bin/core/cmd/burrow/ssh_shell_test.runfiles/_main/core/cmd/burrow/connection_lab.py", line 585, in <module>
    first = shell_checks(binary, w, env, screen_check, burrow, first, options)
            ^^^^^^^^^^^^^^^^^^^^^^^^^^^^^^^^^^^^^^^^^^^^^^^^^^^^^^^^^^^^^^^^^^
  File "/home/bochner/.cache/bazel/_bazel_bochner/600736f58282de05449d4e4ce2f691e6/execroot/_main/bazel-out/k8-fastbuild/bin/core/cmd/burrow/ssh_shell_test.runfiles/_main/core/cmd/burrow/shell_lab.py", line 373, in shell_checks
    wait("snapshot-history")
  File "/home/bochner/.cache/bazel/_bazel_bochner/600736f58282de05449d4e4ce2f691e6/execroot/_main/bazel-out/k8-fastbuild/bin/core/cmd/burrow/ssh_shell_test.runfiles/_main/core/cmd/burrow/shell_lab.py", line 116, in wait
    raise TimeoutError((needle, screen))
TimeoutError: ('snapshot-history', '                         │                                                                                                      │\n WORKSPACES              │    Burrow    Hovel  › Shell #1                                                                       │ ██  █ █ ██  ██  ███ █   █\n                         │                                                                                                      │ █░█ █░█░█░█ █░█ █░█░█░  █░\n  ● w                    │  76                                                                                                  │ ██ ░█░█░██ ░██ ░█░█░█░█ █░\n                         │  77                                                                                                  │ █░█ █░█░█░█ █░█ █░█░█░█░█░\n                         │  78                                                                                                  │ ██ ░███░█░█░█░█░███░ █ █ ░\n                         │  79                                                                                                  │  ░░  ░░░ ░ ░ ░ ░ ░░░  ░ ░\n                         │  80                                                                                                  │\n                         │  81                                                                                                  │ ● Daemon: connected\n                         │  82                                                                                                  │\n                         │  83                                                                                                  │ SHARED SHELL\n                         │  84                                                                                                  │ OBSERVE\n                         │  85                                                                                                  │ Controller:\n                         │  86                                                                                                  │ agent-one\n                         │  87                                                                                                  │ Remote size: 93×27\n                         │  88                                                                                                  │ snapshot-current\n                         │  89                                                                                                  │ Alt+T control · Ctrl+]\n                         │  90                                                                                                  │ detach\n                         │  91                                                                                                  │ Session: id-2670836-381-\n                         │  92                                                                                                  │ session-1\n [New]            [Menu] │  93                                                                                                  │ Controller label is not\n                         │  94                                                                                                  │ liveness.\n SHELLS - SSH            │  95                                                                                                  │\n                         │  96                                                                                                  │ SELECTED CONNECTION\n  ● w                    │  97                                                                                                  │ CONNECTED\n ›  ● #1 gateway         │  98                                                                                                  │ Selection: None\n                         │  99                                                                                                  │ Active in workspace: 1\n                         │  100                                                                                                 │\n                         │  HIDDEN_NORMAL                                                                                       │ WORKSPACE DOWNLOADS\n                         │  61e7992b5722:~$                                                                                     │ Completed files: 1\n                         │                                                                                                      │ Downloaded: 22 B\n                         │                                                                                                      │ Completed downloads ·\n                         │                                                                                                      │ workspace scope\n                         │                                                                                                      │\n                         │                                                                                                      │ HOVEL DAEMON\n                         │                                                                                                      │ CONNECTED\n                         │                                                                                                      │ Last success: 0s ago\n                         │                                                                                                      │ Check duration: 1ms\n                         │  OBSERVE · SSH terminal: controller changed; queued input refused                                    │ Last known PID 2670836\n Ctrl+] detach • Alt+T take control • Alt+1–9 shell • Alt+←/→ shells • Ctrl+C interrupt • drag select text')
================================================================================
INFO: Found 3 test targets...
INFO: Elapsed time: 91.375s, Critical Path: 90.99s
INFO: 7 processes: 292 action cache hit, 4 internal, 4 linux-sandbox, 2 local.
INFO: Build completed, 1 test FAILED, 7 total actions
INFO:
//:python_format_test                                                    PASSED in 0.2s
//:python_lint_test                                                      PASSED in 0.2s
//core/cmd/burrow:ssh_shell_test                                         FAILED in 90.8s
  /home/bochner/.cache/bazel/_bazel_bochner/600736f58282de05449d4e4ce2f691e6/execroot/_main/bazel-out/k8-fastbuild/testlogs/core/cmd/burrow/ssh_shell_test/test.log

Executed 3 out of 3 tests: 2 tests pass and 1 fails locally.
INFO: Build Event Protocol files produced successfully.

→ ❌ Failed test task (exit code 3) in 1m 31s · Tests failed
    🔧 Setup     0ms  Prepare the task environment
    🧪 Test   1m 31s  Run bazel tests (failed)
