→ 🎬 Running burrow task
→ 🎬 Running run task

→ 🔧 Setup · Running setup

→ 🔨 Build · Building //core/cmd/burrow:connection_lab
INFO: Options provided by the client:
  Inherited 'common' options: --isatty=0 --terminal_columns=80 --announce_rc
Computing main repo mapping:
Loading:
Loading: 0 packages loaded
Analyzing: target //core/cmd/burrow:connection_lab (0 packages loaded, 0 targets configured)
Analyzing: target //core/cmd/burrow:connection_lab (0 packages loaded, 0 targets configured)

INFO: Analyzed target //core/cmd/burrow:connection_lab (0 packages loaded, 0 targets configured).
[12 / 14] [Prepa] GoLink core/cmd/burrow/burrow_/burrow
INFO: Found 1 target...
INFO: Elapsed time: 2.195s, Critical Path: 1.85s
INFO: 10 processes: 4 action cache hit, 2 internal, 8 linux-sandbox.
INFO: Build completed successfully, 10 total actions
INFO:
INFO: Build Event Protocol files produced successfully.

→ 🚀 Run · Running //core/cmd/burrow:connection_lab
TIMING fixture and workspace setup: 1.9s (total 1.9s)
TIMING connect unknown submission-to-CLI-return: 0.446s
TIMING connect gateway submission-to-CLI-return: 0.273s
SHELL_DISCOVERY {"action": "observe", "counts": {"rpc:GetDaemonInfo": 5, "rpc:ListSessions": 1, "rpc:RunSessionCommand": 1, "command:observe": 1}}
SHELL_DISCOVERY {"action": "snapshot", "counts": {"rpc:GetDaemonInfo": 5, "rpc:ListSessions": 1, "rpc:RunSessionCommand": 1, "command:snapshot": 1}}
PASS independent CLI readers, concurrent takeover, stale authority and release
PASS explicit current-screen recovery after byte-history truncation
PASS initial/live geometry, private validation, Ctrl+C, slow reader, backpressure and close/input race
TIMING connect shell-peer submission-to-CLI-return: 0.292s
TIMING connect native-close submission-to-CLI-return: 0.288s
TIMING connect audit-close submission-to-CLI-return: 0.306s
TIMING connect target submission-to-CLI-return: 0.443s
TIMING connect target submission-to-CLI-return: 0.443s
TIMING connect target submission-to-CLI-return: 0.441s
TIMING connect target submission-to-CLI-return: 0.440s
TIMING connect target submission-to-CLI-return: 0.442s
PASS retained remote PIDs, launcher exit, selected/connection/manager close, stale/wrong-owner refusal, bounded flood and loss
TIMING acceptance before cleanup: 34.3s (total 36.2s)
TIMING fixture cleanup: 1.2s (total 37.4s)

→ ✅ Passed run task in 39.9s · Ran //core/cmd/burrow:connection_lab
    🔧 Setup    0ms  Prepare the task environment
    🔨 Build   2.2s  Build run target
    🚀 Run    37.6s  Run target

→ ✅ Passed burrow task in 40.1s
