→ 🎬 Running burrow-check task
→ 🎬 Running run task

→ 🔧 Setup · Running setup

→ 🔨 Build · Building //docs/tools/docs:report
INFO: Options provided by the client:
  Inherited 'common' options: --isatty=0 --terminal_columns=80 --announce_rc
Computing main repo mapping: 
Loading: 
Loading: 0 packages loaded
Analyzing: target //docs/tools/docs:report (0 packages loaded, 0 targets configured)
Analyzing: target //docs/tools/docs:report (0 packages loaded, 0 targets configured)

INFO: Analyzed target //docs/tools/docs:report (0 packages loaded, 0 targets configured).
INFO: Found 1 target...
INFO: Elapsed time: 0.250s, Critical Path: 0.00s
INFO: 1 process: 1 internal.
INFO: Build completed successfully, 1 total action
INFO: 
INFO: Build Event Protocol files produced successfully.

→ 🚀 Run · Running //docs/tools/docs:report

→ ✅ Passed run task in 729ms · Ran //docs/tools/docs:report
    🔧 Setup    0ms  Prepare the task environment
    🔨 Build  538ms  Build run target
    🚀 Run    190ms  Run target
→ 🎬 Running test task

→ 🔧 Setup · Running setup

→ 🧪 Test · Spawning bazel test
INFO: Options provided by the client:
  Inherited 'common' options: --isatty=0 --terminal_columns=80 --announce_rc
Computing main repo mapping: 
Loading: 
Loading: 0 packages loaded
Analyzing: 3 targets (0 packages loaded, 0 targets configured)
Analyzing: 3 targets (0 packages loaded, 0 targets configured)

INFO: Analyzed 3 targets (0 packages loaded, 2938 targets configured).
FAIL: //core/launch:hovel_wal_test (Exit 1) (see /home/bochner/.cache/bazel/_bazel_bochner/600736f58282de05449d4e4ce2f691e6/execroot/_main/bazel-out/k8-fastbuild/testlogs/core/launch/hovel_wal_test/test.log)
INFO: From Testing //core/launch:hovel_wal_test:
==================== Test output for //core/launch:hovel_wal_test:
--- FAIL: TestFirstOnlineWorkspace (0.26s)
    online_test.go:78: live Hovel daemon 1923431 has lost SQLite WAL lifetime lock: type=2 owner=0
FAIL
================================================================================
[180 / 182] 1 / 3 tests, 1 failed; Testing //core/prototype_manager:check; 1s local ... (2 actions running)
[180 / 182] 1 / 3 tests, 1 failed; Testing //core/prototype_manager:check; 11s local ... (2 actions running)
FAIL: //core/prototype_manager:check (Exit 1) (see /home/bochner/.cache/bazel/_bazel_bochner/600736f58282de05449d4e4ce2f691e6/execroot/_main/bazel-out/k8-fastbuild/testlogs/core/prototype_manager/check/test.log)
INFO: From Testing //core/prototype_manager:check:
==================== Test output for //core/prototype_manager:check:
PASS frontend agent/config identities, pre-dispatch cancellation and lost-ack reconciliation
PASS two real SSH masters, one retained base-module manager, two frontends
PASS private password and stalled-prompt list/sibling close (0.015s)
PASS quit keep/cancel/changed-review refusal/verified close across two workspaces
PASS immutable/refused routing, workspace isolation, detach, selected cleanup and aggregate log ceiling
PASS owner/daemon loss refuses observation and adoption; reconnect remains manual
Traceback (most recent call last):
  File "/home/bochner/.cache/bazel/_bazel_bochner/600736f58282de05449d4e4ce2f691e6/execroot/_main/bazel-out/k8-fastbuild/bin/core/prototype_manager/check.runfiles/_main/core/prototype_manager/_check_stage2_bootstrap.py", line 588, in <module>
    main()
  File "/home/bochner/.cache/bazel/_bazel_bochner/600736f58282de05449d4e4ce2f691e6/execroot/_main/bazel-out/k8-fastbuild/bin/core/prototype_manager/check.runfiles/_main/core/prototype_manager/_check_stage2_bootstrap.py", line 582, in main
    _run_py_path(main_filename, args=sys.argv[1:])
  File "/home/bochner/.cache/bazel/_bazel_bochner/600736f58282de05449d4e4ce2f691e6/execroot/_main/bazel-out/k8-fastbuild/bin/core/prototype_manager/check.runfiles/_main/core/prototype_manager/_check_stage2_bootstrap.py", line 339, in _run_py_path
    runpy.run_path(main_filename, run_name="__main__")
  File "<frozen runpy>", line 287, in run_path
  File "<frozen runpy>", line 98, in _run_module_code
  File "<frozen runpy>", line 88, in _run_code
  File "/home/bochner/.cache/bazel/_bazel_bochner/600736f58282de05449d4e4ce2f691e6/execroot/_main/bazel-out/k8-fastbuild/bin/core/prototype_manager/check.runfiles/_main/core/prototype_manager/check.py", line 336, in <module>
    assert db.execute("select count(*) from throw_confirmations").fetchone()[0] >= len(plans)
           ^^^^^^^^^^^^^^^^^^^^^^^^^^^^^^^^^^^^^^^^^^^^^^^^^^^^^^^^^^^^^^^^^^^^^^^^^^^^^^^^^^
AssertionError
================================================================================
INFO: Found 3 test targets...
INFO: Elapsed time: 12.424s, Critical Path: 12.00s
INFO: 6 processes: 176 action cache hit, 3 internal, 5 local.
INFO: Build completed, 2 tests FAILED, 6 total actions
INFO: 
//core/prototype_manager:consumer_check                                  PASSED in 11.7s
//core/launch:hovel_wal_test                                             FAILED in 0.3s
  /home/bochner/.cache/bazel/_bazel_bochner/600736f58282de05449d4e4ce2f691e6/execroot/_main/bazel-out/k8-fastbuild/testlogs/core/launch/hovel_wal_test/test.log
//core/prototype_manager:check                                           FAILED in 11.7s
  /home/bochner/.cache/bazel/_bazel_bochner/600736f58282de05449d4e4ce2f691e6/execroot/_main/bazel-out/k8-fastbuild/testlogs/core/prototype_manager/check/test.log

Executed 3 out of 3 tests: 1 test passes and 2 fail locally.
There were tests whose specified size is too big. Use the --test_verbose_timeout_warnings command line option to see which ones these are.
INFO: Build Event Protocol files produced successfully.

→ ❌ Failed test task (exit code 3) in 12.4s · Tests failed
    🔧 Setup    0ms  Prepare the task environment
    🧪 Test   12.4s  Run bazel tests (failed)
→ 🎬 Running run task

→ 🔧 Setup · Running setup

→ 🔨 Build · Building //docs/tools/docs:report
INFO: Options provided by the client:
  Inherited 'common' options: --isatty=0 --terminal_columns=80 --announce_rc
Computing main repo mapping: 
Loading: 
Loading: 0 packages loaded
Analyzing: target //docs/tools/docs:report (0 packages loaded, 0 targets configured)
Analyzing: target //docs/tools/docs:report (0 packages loaded, 0 targets configured)

INFO: Analyzed target //docs/tools/docs:report (0 packages loaded, 5 targets configured, 1 aspect application).
INFO: Found 1 target...
INFO: Elapsed time: 0.333s, Critical Path: 0.00s
INFO: 1 process: 12 action cache hit, 1 internal.
INFO: Build completed successfully, 1 total action
INFO: 
INFO: Build Event Protocol files produced successfully.

→ 🚀 Run · Running //docs/tools/docs:report

→ ✅ Passed run task in 719ms · Ran //docs/tools/docs:report
    🔧 Setup    0ms  Prepare the task environment
    🔨 Build  536ms  Build run target
    🚀 Run    183ms  Run target

→ ❌ Failed burrow-check task (exit code 3) in 14.3s
