→ 🎬 Running burrow-check task
→ 🎬 Running run task

→ 🔧 Setup · Running setup

→ 🔨 Build · Building //docs/tools/docs:report
INFO: Options provided by the client:
  Inherited 'common' options: --isatty=0 --terminal_columns=80 --announce_rc
Computing main repo mapping: 
Loading: 
Loading: 0 packages loaded
Analyzing: target //docs/tools/docs:report (1 packages loaded, 0 targets configured)
Analyzing: target //docs/tools/docs:report (1 packages loaded, 0 targets configured)

INFO: Analyzed target //docs/tools/docs:report (1 packages loaded, 6 targets configured, 1 aspect application).
INFO: Found 1 target...
INFO: Elapsed time: 0.386s, Critical Path: 0.00s
INFO: 1 process: 12 action cache hit, 1 internal.
INFO: Build completed successfully, 1 total action
INFO: 
INFO: Build Event Protocol files produced successfully.

→ 🚀 Run · Running //docs/tools/docs:report

→ ✅ Passed run task in 763ms · Ran //docs/tools/docs:report
    🔧 Setup    0ms  Prepare the task environment
    🔨 Build  549ms  Build run target
    🚀 Run    213ms  Run target
→ 🎬 Running build task

→ 🔧 Setup · Running setup

→ 🔨 Build · Spawning bazel build
INFO: Options provided by the client:
  Inherited 'common' options: --isatty=0 --terminal_columns=80 --announce_rc
Computing main repo mapping: 
Loading: 
Loading: 0 packages loaded
Analyzing: 9 targets (7 packages loaded, 0 targets configured)
Analyzing: 9 targets (7 packages loaded, 4 targets configured)

DEBUG: /home/bochner/.cache/bazel/_bazel_bochner/600736f58282de05449d4e4ce2f691e6/external/rules_python+/python/private/py_executable.bzl:1498:14: 
======================================================================
WARNING: Target @@rules_pkg+//pkg/private/tar:build_tar is using implicit __init__.py creation.
  This diabolic behavior is deprecated and will be disabled by default in a
  future release.
  See https://github.com/bazel-contrib/rules_python/issues/2945

  Ensure all __init__.py files are explicitly created and
  added to the srcs or deps of your targets.

  Disable implicit creation by setting:
    legacy_create_init = 0
  on the target, or globally by setting:
    --incompatible_default_to_explicit_init_py
======================================================================
INFO: Analyzed 9 targets (142 packages loaded, 10212 targets configured).
INFO: Found 9 targets...
INFO: Elapsed time: 1.372s, Critical Path: 0.85s
INFO: 2 processes: 200 action cache hit, 1 internal, 1 linux-sandbox.
INFO: Build completed successfully, 2 total actions
INFO: 
INFO: Build Event Protocol files produced successfully.

→ ✅ Passed build task in 1.5s · Successful build
    🔧 Setup   1ms  Prepare the task environment
    🔨 Build  1.5s  Build bazel targets
→ 🎬 Running test task

→ 🔧 Setup · Running setup

→ 🧪 Test · Spawning bazel test
INFO: Options provided by the client:
  Inherited 'common' options: --isatty=0 --terminal_columns=80 --announce_rc
Computing main repo mapping: 
Loading: 
Loading: 0 packages loaded
Analyzing: 45 targets (3 packages loaded, 0 targets configured)
Analyzing: 45 targets (3 packages loaded, 0 targets configured)

INFO: Analyzed 45 targets (213 packages loaded, 12084 targets configured).
[520 / 561] 1 / 45 tests; Testing //core/tools/release:release_test; 1s linux-sandbox ... (32 actions, 2 running)
[534 / 575] 2 / 45 tests; Testing //docs/tools/docs:report_test; 2s linux-sandbox ... (32 actions, 2 running)
[557 / 597] 4 / 45 tests; Testing //docs/tools/docs:report_test; 3s linux-sandbox ... (32 actions, 3 running)
[582 / 621] 7 / 45 tests; Testing //docs/tools/docs:report_test; 5s linux-sandbox ... (32 actions, 3 running)
[1,470 / 1,922] 12 / 45 tests; Testing //docs/tools/docs:report_test; 6s linux-sandbox ... (32 actions, 3 running)
[1,497 / 1,923] 14 / 45 tests; Testing //docs/tools/docs:report_test; 7s linux-sandbox ... (32 actions, 3 running)
[1,501 / 1,923] 14 / 45 tests; Testing //docs/tools/docs:report_test; 8s linux-sandbox ... (32 actions, 3 running)
[1,503 / 1,923] 15 / 45 tests; Testing //docs/tools/docs:report_test; 9s linux-sandbox ... (32 actions, 2 running)
[1,889 / 1,923] 16 / 45 tests; Testing //core/cmd/burrow:capabilities_test; 2s linux-sandbox ... (32 actions, 4 running)
[1,894 / 1,925] 18 / 45 tests; Testing //core/cmd/burrow:profile_test; 2s local ... (31 actions, 2 running)
[1,894 / 1,925] 18 / 45 tests; Testing //core/cmd/burrow:profile_test; 8s local ... (31 actions, 3 running)
[1,895 / 1,925] 19 / 45 tests; Testing //core/cmd/burrow:terminal_test (run 3 of 3); 7s local ... (30 actions, 2 running)
[1,895 / 1,925] 19 / 45 tests; Testing //core/cmd/burrow:terminal_test (run 3 of 3); 18s local ... (30 actions, 2 running)
[1,895 / 1,925] 19 / 45 tests; Testing //core/cmd/burrow:terminal_test (run 3 of 3); 36s local ... (30 actions, 3 running)
[1,896 / 1,925] 19 / 45 tests; Testing //core/cmd/burrow:setup_test (run 1 of 3); 31s local ... (29 actions, 2 running)
[1,896 / 1,925] 19 / 45 tests; Testing //core/cmd/burrow:setup_test (run 1 of 3); 39s local ... (29 actions, 3 running)
[1,897 / 1,925] 19 / 45 tests; Testing //core/cmd/burrow:setup_test (run 2 of 3); 11s local ... (28 actions, 2 running)
[1,897 / 1,925] 19 / 45 tests; Testing //core/cmd/burrow:setup_test (run 2 of 3); 21s local ... (28 actions, 2 running)
[1,897 / 1,925] 19 / 45 tests; Testing //core/cmd/burrow:setup_test (run 2 of 3); 39s local ... (28 actions, 3 running)
[1,898 / 1,925] 19 / 45 tests; Testing //core/cmd/burrow:setup_test (run 3 of 3); 30s local ... (27 actions, 2 running)
[1,898 / 1,925] 19 / 45 tests; Testing //core/cmd/burrow:setup_test (run 3 of 3); 32s local ... (27 actions, 3 running)
[1,900 / 1,925] 21 / 45 tests; Testing //core/cmd/burrow:setup_test (run 3 of 3); 34s local ... (25 actions, 2 running)
[1,900 / 1,925] 21 / 45 tests; Testing //core/cmd/burrow:setup_test (run 3 of 3); 39s local ... (25 actions, 3 running)
[1,901 / 1,925] 22 / 45 tests; Testing //core/cmd/burrow:terminal_test (run 2 of 3); 7s local ... (24 actions, 2 running)
[1,901 / 1,925] 22 / 45 tests; Testing //core/cmd/burrow:terminal_test (run 2 of 3); 17s local ... (24 actions, 2 running)
[1,901 / 1,925] 22 / 45 tests; Testing //core/cmd/burrow:terminal_test (run 2 of 3); 36s local ... (24 actions, 3 running)
[1,902 / 1,925] 22 / 45 tests; Testing //core/cmd/burrow:terminal_test (run 1 of 3); 31s local ... (23 actions, 2 running)
[1,902 / 1,925] 22 / 45 tests; Testing //core/cmd/burrow:terminal_test (run 1 of 3); 35s local ... (23 actions, 3 running)
[1,903 / 1,925] 23 / 45 tests; Testing //core/cmd/burrow:terminal_test (run 1 of 3); 36s local ... (22 actions, 2 running)
[1,906 / 1,925] 26 / 45 tests; Testing //core/cmd/burrow:workspace_test; 1s local ... (19 actions, 2 running)
[1,907 / 1,925] 27 / 45 tests; Testing //core/cmd/burrow:ssh_reverse_test; 3s local ... (18 actions, 2 running)
[1,907 / 1,925] 27 / 45 tests; Testing //core/cmd/burrow:ssh_reverse_test; 13s local ... (18 actions, 2 running)
[1,907 / 1,925] 27 / 45 tests; Testing //core/cmd/burrow:ssh_reverse_test; 20s local ... (18 actions, 3 running)
[1,908 / 1,925] 28 / 45 tests; Testing //core/cmd/burrow:ssh_reverse_test; 22s local ... (17 actions, 2 running)
[1,908 / 1,925] 28 / 45 tests; Testing //core/cmd/burrow:ssh_reverse_test; 30s local ... (17 actions, 3 running)
[1,909 / 1,925] 29 / 45 tests; Testing //core/cmd/burrow:activity_test; 11s local ... (16 actions, 2 running)
[1,909 / 1,925] 29 / 45 tests; Testing //core/cmd/burrow:activity_test; 22s local ... (16 actions, 2 running)
[1,909 / 1,925] 29 / 45 tests; Testing //core/cmd/burrow:activity_test; 24s local ... (16 actions, 3 running)
[1,910 / 1,925] 30 / 45 tests; Testing //core/cmd/burrow:ssh_follow_test; 15s local ... (15 actions, 2 running)
[1,910 / 1,925] 30 / 45 tests; Testing //core/cmd/burrow:ssh_follow_test; 18s local ... (15 actions, 3 running)
[1,911 / 1,925] 31 / 45 tests; Testing //core/cmd/burrow:ssh_follow_test; 20s local ... (14 actions, 2 running)
[1,911 / 1,925] 31 / 45 tests; Testing //core/cmd/burrow:ssh_follow_test; 30s local ... (14 actions, 2 running)
[1,911 / 1,925] 31 / 45 tests; Testing //core/cmd/burrow:ssh_follow_test; 55s local ... (14 actions, 3 running)
[1,912 / 1,925] 32 / 45 tests; Testing //core/cmd/burrow:ssh_automation_test; 38s local ... (13 actions, 2 running)
[1,912 / 1,925] 32 / 45 tests; Testing //core/cmd/burrow:ssh_automation_test; 45s local ... (13 actions, 3 running)
[1,913 / 1,925] 33 / 45 tests; Testing //core/cmd/burrow:ssh_shell_test; 10s local ... (12 actions, 2 running)
[1,913 / 1,925] 33 / 45 tests; Testing //core/cmd/burrow:ssh_shell_test; 21s local ... (12 actions, 2 running)
[1,913 / 1,925] 33 / 45 tests; Testing //core/cmd/burrow:ssh_shell_test; 51s local ... (12 actions, 2 running)
[1,913 / 1,925] 33 / 45 tests; Testing //core/cmd/burrow:ssh_shell_test; 63s local ... (12 actions, 3 running)
[1,914 / 1,925] 34 / 45 tests; Testing //core/cmd/burrow:ssh_shell_test; 65s local ... (11 actions, 2 running)
[1,914 / 1,925] 34 / 45 tests; Testing //core/cmd/burrow:ssh_shell_test; 75s local ... (11 actions, 2 running)
[1,914 / 1,925] 34 / 45 tests; Testing //core/cmd/burrow:ssh_shell_test; 105s local ... (11 actions, 2 running)
[1,914 / 1,925] 34 / 45 tests; Testing //core/cmd/burrow:ssh_shell_test; 122s local ... (11 actions, 3 running)
[1,916 / 1,925] 36 / 45 tests; Testing //core/cmd/burrow:ssh_runs_test; 1s local ... (9 actions, 2 running)
[1,916 / 1,925] 36 / 45 tests; Testing //core/cmd/burrow:ssh_runs_test; 11s local ... (9 actions, 2 running)
[1,916 / 1,925] 36 / 45 tests; Testing //core/cmd/burrow:ssh_runs_test; 41s local ... (9 actions, 2 running)
[1,916 / 1,925] 36 / 45 tests; Testing //core/cmd/burrow:ssh_runs_test; 70s local ... (9 actions, 3 running)
[1,917 / 1,925] 37 / 45 tests; Testing //core/cmd/burrow:ssh_runs_test; 71s local ... (8 actions, 2 running)
[1,917 / 1,925] 37 / 45 tests; Testing //core/cmd/burrow:ssh_runs_test; 81s local ... (8 actions, 2 running)
[1,917 / 1,925] 37 / 45 tests; Testing //core/cmd/burrow:ssh_runs_test; 111s local ... (8 actions, 2 running)
[1,917 / 1,925] 37 / 45 tests; Testing //core/cmd/burrow:ssh_runs_test; 158s local ... (8 actions, 3 running)
[1,918 / 1,925] 38 / 45 tests; Testing //core/cmd/burrow:ssh_lifecycle_test; 90s local ... (7 actions, 2 running)
[1,918 / 1,925] 38 / 45 tests; Testing //core/cmd/burrow:ssh_lifecycle_test; 100s local ... (7 actions, 2 running)
[1,918 / 1,925] 38 / 45 tests; Testing //core/cmd/burrow:ssh_lifecycle_test; 109s local ... (7 actions, 3 running)
[1,920 / 1,925] 40 / 45 tests; Testing //core/cmd/burrow:ssh_lifecycle_test; 111s local ... (5 actions, 2 running)
[1,920 / 1,925] 40 / 45 tests; Testing //core/cmd/burrow:ssh_lifecycle_test; 114s local ... (5 actions, 3 running)
[1,922 / 1,925] 42 / 45 tests; Testing //core/cmd/burrow:agent_test; 5s linux-sandbox ... (3 actions, 2 running)
[1,922 / 1,925] 42 / 45 tests; Testing //core/cmd/burrow:agent_test; 10s linux-sandbox ... (3 actions running)
[1,923 / 1,925] 43 / 45 tests; Testing //core/tools/release:wheel_test; 7s local ... (2 actions running)
[1,924 / 1,925] 44 / 45 tests; Testing //core/tools/release:wheel_test; 8s local
[1,924 / 1,925] 44 / 45 tests; Testing //core/tools/release:wheel_test; 12s local
INFO: Found 45 test targets...
INFO: Elapsed time: 541.841s, Critical Path: 531.65s
INFO: 84 processes: 1681 action cache hit, 26 internal, 50 linux-sandbox, 48 local.
INFO: Build completed successfully, 84 total actions
INFO: 
//:go_format_behavior_test                                               PASSED in 0.6s
//:go_format_test                                                        PASSED in 0.2s
//:python_format_behavior_test                                           PASSED in 0.7s
//:python_format_test                                                    PASSED in 0.2s
//:workflow_test                                                         PASSED in 0.2s
//core/cmd/burrow:activity_test                                          PASSED in 24.5s
//core/cmd/burrow:agent_test                                             PASSED in 9.6s
//core/cmd/burrow:capabilities_test                                      PASSED in 2.7s
//core/cmd/burrow:connection_test                                        PASSED in 3.5s
//core/cmd/burrow:files_test                                             PASSED in 4.8s
//core/cmd/burrow:interaction_test                                       PASSED in 58.4s
//core/cmd/burrow:manager_compatibility_test                             PASSED in 1.5s
//core/cmd/burrow:profile_test                                           PASSED in 8.5s
//core/cmd/burrow:ssh_automation_test                                    PASSED in 45.9s
//core/cmd/burrow:ssh_chains_test                                        PASSED in 54.8s
//core/cmd/burrow:ssh_files_test                                         PASSED in 70.3s
//core/cmd/burrow:ssh_follow_test                                        PASSED in 55.7s
//core/cmd/burrow:ssh_lifecycle_test                                     PASSED in 114.6s
//core/cmd/burrow:ssh_reports_test                                       PASSED in 18.5s
//core/cmd/burrow:ssh_reverse_test                                       PASSED in 30.6s
//core/cmd/burrow:ssh_runs_test                                          PASSED in 158.8s
//core/cmd/burrow:ssh_shell_test                                         PASSED in 122.5s
//core/cmd/burrow:workspace_test                                         PASSED in 2.2s
//core/connection:forward_control_test                                   PASSED in 0.2s
//core/launch:audit_test                                                 PASSED in 0.2s
//core/launch:digest_test                                                PASSED in 0.2s
//core/launch:online_test                                                PASSED in 0.3s
//core/prototype_agent:check                                             PASSED in 0.5s
//core/prototype_sdk:protocol_test                                       PASSED in 0.3s
//core/prototype_sdk:reuse_test                                          PASSED in 4.8s
//core/prototype_sessions:check                                          PASSED in 21.6s
//core/prototype_terminal:check                                          PASSED in 0.1s
//core/prototype_terminal:cli_test                                       PASSED in 0.2s
//core/prototype_terminal:terminal_test                                  PASSED in 0.4s
//core/prototype_terminal:vt_cli_test                                    PASSED in 1.0s
//core/prototype_terminal:vt_test                                        PASSED in 0.1s
//core/prototype_transport:direct_script_test                            PASSED in 0.1s
//core/terminal:host_test                                                PASSED in 0.5s
//core/tools/release:release_test                                        PASSED in 1.4s
//core/tools/release:wheel_test                                          PASSED in 12.9s
//docs/tools/docs:report_test                                            PASSED in 9.8s
//docs/tools/docs:site_test                                              PASSED in 0.4s
//docs/tools/docs:stage_site_test                                        PASSED in 0.6s
//core/cmd/burrow:setup_test                                             PASSED in 39.5s
  Stats over 3 runs: max = 39.5s, min = 39.3s, avg = 39.4s, dev = 0.1s
//core/cmd/burrow:terminal_test                                          PASSED in 36.8s
  Stats over 3 runs: max = 36.8s, min = 36.2s, avg = 36.5s, dev = 0.2s

Executed 45 out of 45 tests: 45 tests pass.
There were tests whose specified size is too big. Use the --test_verbose_timeout_warnings command line option to see which ones these are.
INFO: Build Event Protocol files produced successfully.

→ ✅ Passed test task in 9m 1s · Tests passed
    🔧 Setup    1ms  Prepare the task environment
    🧪 Test   9m 1s  Run bazel tests
→ 🎬 Running run task

→ 🔧 Setup · Running setup

→ 🔨 Build · Building //docs/tools/docs:report
INFO: Options provided by the client:
  Inherited 'common' options: --isatty=0 --terminal_columns=80 --announce_rc
Computing main repo mapping: 
Loading: 
Loading: 0 packages loaded
Analyzing: target //docs/tools/docs:report (0 packages loaded, 0 targets configured)
Analyzing: target //docs/tools/docs:report (0 packages loaded, 0 targets configured)

INFO: Analyzed target //docs/tools/docs:report (0 packages loaded, 0 targets configured, 1 aspect application).
INFO: Found 1 target...
INFO: Elapsed time: 0.393s, Critical Path: 0.00s
INFO: 1 process: 5 action cache hit, 1 internal.
INFO: Build completed successfully, 1 total action
INFO: 
INFO: Build Event Protocol files produced successfully.

→ 🚀 Run · Running //docs/tools/docs:report

→ ✅ Passed run task in 771ms · Ran //docs/tools/docs:report
    🔧 Setup    0ms  Prepare the task environment
    🔨 Build  538ms  Build run target
    🚀 Run    232ms  Run target

→ ✅ Passed burrow-check task in 9m 5s
