→ 🎬 Running burrow task
→ 🎬 Running run task

→ 🔧 Setup · Running setup

→ 🔨 Build · Building //core/cmd/burrow:connection_lab
INFO: Options provided by the client:
  Inherited 'common' options: --isatty=0 --terminal_columns=80 --announce_rc
Computing main repo mapping: 
Loading: 
Loading: 0 packages loaded
Analyzing: target //core/cmd/burrow:connection_lab (0 packages loaded, 0 targets configured)
Analyzing: target //core/cmd/burrow:connection_lab (0 packages loaded, 0 targets configured)

INFO: Analyzed target //core/cmd/burrow:connection_lab (0 packages loaded, 0 targets configured).
INFO: Found 1 target...
INFO: Elapsed time: 0.342s, Critical Path: 0.00s
INFO: 1 process: 1 internal.
INFO: Build completed successfully, 1 total action
INFO: 
INFO: Build Event Protocol files produced successfully.

→ 🚀 Run · Running //core/cmd/burrow:connection_lab
TIMING fixture and workspace setup: 1.9s (total 1.9s)
TIMING connect unknown submission-to-CLI-return: 0.462s
TIMING connect gateway submission-to-CLI-return: 0.277s
PASS hidden polling: 24 visible / 1 hidden snapshots
PASS fresh observer navigation after hidden mode change: 0.207s
PASS TUI/headless takeover both ways, observer isolation, independent dimensions and gap/snapshot recovery
TIMING shell switch and input during 4,000-line background output: 0.683s
PASS observer scrollback, retained reattach, frontend disappearance, cancel and Keep running preserve another controller
TIMING connect shell-close submission-to-CLI-return: 0.303s
TIMING connect shell-master submission-to-CLI-return: 0.319s
TIMING connect shell-frontend submission-to-CLI-return: 0.321s
PASS two SSH shells on one master, vim/less/top switching/resize, background output, input/NUL/Ctrl-C, close/exit/reopen/loss, VT isolation, secret exclusion and quit/reaping/restoration
TIMING connect gateway submission-to-CLI-return: 0.560s
TIMING connect gateway submission-to-CLI-return: 0.580s
PASS restart cancellation, manager replacement, daemon/evidence preservation and explicit reconnect
TIMING acceptance before cleanup: 65.0s (total 66.9s)
PASS post-shutdown database integrity and confirmed Hovel forwarding evidence
TIMING fixture cleanup: 0.8s (total 67.6s)

→ ✅ Passed run task in 1m 8s · Ran //core/cmd/burrow:connection_lab
    🔧 Setup    0ms  Prepare the task environment
    🔨 Build  544ms  Build run target
    🚀 Run    1m 7s  Run target

→ ✅ Passed burrow task in 1m 8s
