→ 🎬 Running burrow-check task
→ 🎬 Running run task

→ 🔧 Setup · Running setup

→ 🔨 Build · Building //docs/tools/docs:report
INFO: Options provided by the client:
  Inherited 'common' options: --isatty=0 --terminal_columns=80 --announce_rc
Computing main repo mapping: 
Loading: 
Loading: 0 packages loaded
Analyzing: target //docs/tools/docs:report (0 packages loaded, 0 targets configured)
Analyzing: target //docs/tools/docs:report (0 packages loaded, 0 targets configured)

INFO: Analyzed target //docs/tools/docs:report (0 packages loaded, 0 targets configured, 1 aspect application).
INFO: Found 1 target...
INFO: Elapsed time: 0.358s, Critical Path: 0.00s
INFO: 1 process: 5 action cache hit, 1 internal.
INFO: Build completed successfully, 1 total action
INFO: 
INFO: Build Event Protocol files produced successfully.

→ 🚀 Run · Running //docs/tools/docs:report

→ ✅ Passed run task in 733ms · Ran //docs/tools/docs:report
    🔧 Setup    0ms  Prepare the task environment
    🔨 Build  541ms  Build run target
    🚀 Run    190ms  Run target
→ 🎬 Running test task

→ 🔧 Setup · Running setup

→ 🧪 Test · Spawning bazel test
INFO: Options provided by the client:
  Inherited 'common' options: --isatty=0 --terminal_columns=80 --announce_rc
Computing main repo mapping: 
Loading: 
Loading: 0 packages loaded
Analyzing: 3 targets (1 packages loaded, 0 targets configured)
Analyzing: 3 targets (1 packages loaded, 0 targets configured)

INFO: Analyzed 3 targets (1 packages loaded, 2938 targets configured).
FAIL: //core/launch:hovel_wal_test (Exit 1) (see /home/bochner/.cache/bazel/_bazel_bochner/600736f58282de05449d4e4ce2f691e6/execroot/_main/bazel-out/k8-fastbuild/testlogs/core/launch/hovel_wal_test/test.log)
INFO: From Testing //core/launch:hovel_wal_test:
==================== Test output for //core/launch:hovel_wal_test:
--- FAIL: TestFirstOnlineWorkspace (0.26s)
    online_test.go:78: live Hovel daemon 1577123 has lost SQLite WAL lifetime lock: type=2 owner=0
FAIL
================================================================================
[180 / 182] 1 / 3 tests, 1 failed; Testing //core/prototype_manager:check; 1s local ... (2 actions running)
[180 / 182] 1 / 3 tests, 1 failed; Testing //core/prototype_manager:check; 11s local ... (2 actions running)
INFO: Found 3 test targets...
INFO: Elapsed time: 12.626s, Critical Path: 12.19s
INFO: 8 processes: 174 action cache hit, 5 internal, 5 local.
INFO: Build completed, 1 test FAILED, 8 total actions
INFO: 
//core/prototype_manager:check                                           PASSED in 11.9s
//core/prototype_manager:consumer_check                                  PASSED in 11.9s
//core/launch:hovel_wal_test                                             FAILED in 0.3s
  /home/bochner/.cache/bazel/_bazel_bochner/600736f58282de05449d4e4ce2f691e6/execroot/_main/bazel-out/k8-fastbuild/testlogs/core/launch/hovel_wal_test/test.log

Executed 3 out of 3 tests: 2 tests pass and 1 fails locally.
There were tests whose specified size is too big. Use the --test_verbose_timeout_warnings command line option to see which ones these are.
INFO: Build Event Protocol files produced successfully.

→ ❌ Failed test task (exit code 3) in 12.7s · Tests failed
    🔧 Setup    0ms  Prepare the task environment
    🧪 Test   12.7s  Run bazel tests (failed)
→ 🎬 Running run task

→ 🔧 Setup · Running setup

→ 🔨 Build · Building //docs/tools/docs:report
INFO: Options provided by the client:
  Inherited 'common' options: --isatty=0 --terminal_columns=80 --announce_rc
Computing main repo mapping: 
Loading: 
Loading: 0 packages loaded
Analyzing: target //docs/tools/docs:report (0 packages loaded, 0 targets configured)
Analyzing: target //docs/tools/docs:report (0 packages loaded, 0 targets configured)

INFO: Analyzed target //docs/tools/docs:report (0 packages loaded, 5 targets configured, 1 aspect application).
INFO: Found 1 target...
INFO: Elapsed time: 0.328s, Critical Path: 0.00s
INFO: 1 process: 12 action cache hit, 1 internal.
INFO: Build completed successfully, 1 total action
INFO: 
INFO: Build Event Protocol files produced successfully.

→ 🚀 Run · Running //docs/tools/docs:report

→ ✅ Passed run task in 731ms · Ran //docs/tools/docs:report
    🔧 Setup    0ms  Prepare the task environment
    🔨 Build  536ms  Build run target
    🚀 Run    195ms  Run target

→ ❌ Failed burrow-check task (exit code 3) in 14.5s
