→ 🎬 Running burrow-check task
→ 🎬 Running run task

→ 🔧 Setup · Running setup

→ 🔨 Build · Building //docs/tools/docs:report
INFO: Options provided by the client:
  Inherited 'common' options: --isatty=0 --terminal_columns=80 --announce_rc
Computing main repo mapping: 
Loading: 
Loading: 0 packages loaded
Analyzing: target //docs/tools/docs:report (0 packages loaded, 0 targets configured)
Analyzing: target //docs/tools/docs:report (0 packages loaded, 0 targets configured)

INFO: Analyzed target //docs/tools/docs:report (0 packages loaded, 0 targets configured).
INFO: Found 1 target...
INFO: Elapsed time: 0.392s, Critical Path: 0.00s
INFO: 1 process: 1 internal.
INFO: Build completed successfully, 1 total action
INFO: 
INFO: Build Event Protocol files produced successfully.

→ 🚀 Run · Running //docs/tools/docs:report

→ ✅ Passed run task in 730ms · Ran //docs/tools/docs:report
    🔧 Setup    0ms  Prepare the task environment
    🔨 Build  541ms  Build run target
    🚀 Run    187ms  Run target
→ 🎬 Running build task

→ 🔧 Setup · Running setup

→ 🔨 Build · Spawning bazel build
INFO: Options provided by the client:
  Inherited 'common' options: --isatty=0 --terminal_columns=80 --announce_rc
Computing main repo mapping: 
Loading: 
Loading: 0 packages loaded
Analyzing: 9 targets (7 packages loaded, 0 targets configured)
Analyzing: 9 targets (7 packages loaded, 0 targets configured)

DEBUG: /home/bochner/.cache/bazel/_bazel_bochner/600736f58282de05449d4e4ce2f691e6/external/rules_python+/python/private/py_executable.bzl:1498:14: 
======================================================================
WARNING: Target @@rules_pkg+//pkg/private/tar:build_tar is using implicit __init__.py creation.
  This diabolic behavior is deprecated and will be disabled by default in a
  future release.
  See https://github.com/bazel-contrib/rules_python/issues/2945

  Ensure all __init__.py files are explicitly created and
  added to the srcs or deps of your targets.

  Disable implicit creation by setting:
    legacy_create_init = 0
  on the target, or globally by setting:
    --incompatible_default_to_explicit_init_py
======================================================================
INFO: Analyzed 9 targets (142 packages loaded, 10210 targets configured).
INFO: Found 9 targets...
INFO: Elapsed time: 0.579s, Critical Path: 0.02s
INFO: 1 process: 201 action cache hit, 1 internal.
INFO: Build completed successfully, 1 total action
INFO: 
INFO: Build Event Protocol files produced successfully.

→ ✅ Passed build task in 787ms · Successful build
    🔧 Setup    0ms  Prepare the task environment
    🔨 Build  787ms  Build bazel targets
→ 🎬 Running test task

→ 🔧 Setup · Running setup

→ 🧪 Test · Spawning bazel test
INFO: Options provided by the client:
  Inherited 'common' options: --isatty=0 --terminal_columns=80 --announce_rc
Computing main repo mapping: 
Loading: 
Loading: 0 packages loaded
Analyzing: 45 targets (3 packages loaded, 0 targets configured)
Analyzing: 45 targets (3 packages loaded, 3 targets configured)

INFO: Analyzed 45 targets (213 packages loaded, 12084 targets configured).
[597 / 641] 1 / 45 tests; Testing //:workflow_test; 1s linux-sandbox ... (32 actions, 3 running)
[738 / 786] 4 / 45 tests; Testing //core/tools/release:release_test; 1s linux-sandbox ... (32 actions, 3 running)
[1,497 / 1,924] 8 / 45 tests; Testing //docs/tools/docs:report_test; 1s linux-sandbox ... (32 actions, 2 running)
[1,498 / 1,924] 9 / 45 tests; Testing //docs/tools/docs:report_test; 2s linux-sandbox ... (32 actions, 3 running)
[1,503 / 1,924] 14 / 45 tests; Testing //docs/tools/docs:report_test; 4s linux-sandbox ... (32 actions, 2 running)
[1,504 / 1,924] 15 / 45 tests; Testing //docs/tools/docs:report_test; 6s linux-sandbox ... (32 actions, 2 running)
[1,504 / 1,924] 15 / 45 tests; Testing //docs/tools/docs:report_test; 10s linux-sandbox ... (32 actions, 3 running)
[1,895 / 1,925] 19 / 45 tests; Testing //core/cmd/burrow:terminal_test (run 2 of 3); 1s local ... (30 actions, 2 running)
[1,895 / 1,925] 19 / 45 tests; Testing //core/cmd/burrow:terminal_test (run 2 of 3); 11s local ... (30 actions, 2 running)
[1,895 / 1,925] 19 / 45 tests; Testing //core/cmd/burrow:terminal_test (run 2 of 3); 37s local ... (30 actions, 3 running)
[1,896 / 1,925] 19 / 45 tests; Testing //core/cmd/burrow:terminal_test (run 3 of 3); 38s local ... (29 actions, 2 running)
[1,897 / 1,925] 19 / 45 tests; Testing //core/cmd/burrow:setup_test (run 2 of 3); 3s local ... (28 actions, 2 running)
[1,897 / 1,925] 19 / 45 tests; Testing //core/cmd/burrow:setup_test (run 2 of 3); 13s local ... (28 actions, 2 running)
[1,897 / 1,925] 19 / 45 tests; Testing //core/cmd/burrow:setup_test (run 2 of 3); 38s local ... (28 actions, 3 running)
[1,898 / 1,925] 20 / 45 tests; Testing //core/cmd/burrow:setup_test (run 2 of 3); 39s local ... (27 actions, 3 running)
[1,899 / 1,925] 20 / 45 tests; Testing //core/cmd/burrow:setup_test (run 1 of 3); 2s local ... (26 actions, 2 running)
[1,900 / 1,925] 21 / 45 tests; Testing //core/cmd/burrow:setup_test (run 1 of 3); 3s local ... (25 actions, 2 running)
[1,900 / 1,925] 21 / 45 tests; Testing //core/cmd/burrow:setup_test (run 1 of 3); 14s local ... (25 actions, 2 running)
[1,900 / 1,925] 21 / 45 tests; Testing //core/cmd/burrow:setup_test (run 1 of 3); 39s local ... (25 actions, 3 running)
[1,901 / 1,925] 21 / 45 tests; Testing //core/cmd/burrow:setup_test (run 3 of 3); 37s local ... (24 actions, 2 running)
[1,901 / 1,925] 21 / 45 tests; Testing //core/cmd/burrow:setup_test (run 3 of 3); 39s local ... (24 actions, 3 running)
[1,902 / 1,925] 22 / 45 tests; Testing //core/cmd/burrow:activity_test; 5s local ... (23 actions, 2 running)
[1,903 / 1,925] 23 / 45 tests; Testing //core/cmd/burrow:activity_test; 7s local ... (22 actions, 2 running)
[1,903 / 1,925] 23 / 45 tests; Testing //core/cmd/burrow:activity_test; 9s local ... (22 actions, 3 running)
[1,905 / 1,925] 25 / 45 tests; Testing //core/cmd/burrow:activity_test; 11s local ... (20 actions, 2 running)
[1,905 / 1,925] 25 / 45 tests; Testing //core/cmd/burrow:activity_test; 14s local ... (20 actions, 3 running)
[1,906 / 1,925] 26 / 45 tests; Testing //core/cmd/burrow:activity_test; 16s local ... (19 actions, 2 running)
[1,906 / 1,925] 26 / 45 tests; Testing //core/cmd/burrow:activity_test; 24s local ... (19 actions, 3 running)
[1,907 / 1,925] 27 / 45 tests; Testing //core/cmd/burrow:interaction_test; 11s linux-sandbox ... (18 actions, 2 running)
[1,907 / 1,925] 27 / 45 tests; Testing //core/cmd/burrow:interaction_test; 18s linux-sandbox ... (18 actions, 3 running)
[1,908 / 1,925] 28 / 45 tests; Testing //core/cmd/burrow:interaction_test; 20s linux-sandbox ... (17 actions, 2 running)
[1,909 / 1,925] 29 / 45 tests; Testing //core/cmd/burrow:interaction_test; 21s linux-sandbox ... (16 actions, 2 running)
[1,909 / 1,925] 29 / 45 tests; Testing //core/cmd/burrow:interaction_test; 31s linux-sandbox ... (16 actions, 3 running)
[1,910 / 1,925] 30 / 45 tests; Testing //core/cmd/burrow:interaction_test; 32s linux-sandbox ... (15 actions, 2 running)
[1,910 / 1,925] 30 / 45 tests; Testing //core/cmd/burrow:interaction_test; 42s linux-sandbox ... (15 actions, 2 running)
[1,910 / 1,925] 30 / 45 tests; Testing //core/cmd/burrow:interaction_test; 53s linux-sandbox ... (15 actions, 3 running)
[1,911 / 1,925] 31 / 45 tests; Testing //core/cmd/burrow:interaction_test; 54s linux-sandbox ... (14 actions, 2 running)
[1,912 / 1,925] 32 / 45 tests; Testing //core/cmd/burrow:interaction_test; 55s linux-sandbox ... (13 actions, 2 running)
[1,914 / 1,925] 34 / 45 tests; Testing //core/cmd/burrow:ssh_runs_test; 2s local ... (11 actions, 2 running)
[1,914 / 1,925] 34 / 45 tests; Testing //core/cmd/burrow:ssh_runs_test; 11s local ... (11 actions, 2 running)
[1,914 / 1,925] 34 / 45 tests; Testing //core/cmd/burrow:ssh_runs_test; 41s local ... (11 actions, 2 running)
[1,914 / 1,925] 34 / 45 tests; Testing //core/cmd/burrow:ssh_runs_test; 101s local ... (11 actions, 2 running)
[1,914 / 1,925] 34 / 45 tests; Testing //core/cmd/burrow:ssh_runs_test; 116s local ... (11 actions, 3 running)
[1,915 / 1,925] 35 / 45 tests; Testing //core/cmd/burrow:ssh_runs_test; 118s local ... (10 actions, 2 running)
[1,915 / 1,925] 35 / 45 tests; Testing //core/cmd/burrow:ssh_runs_test; 128s local ... (10 actions, 2 running)
[1,915 / 1,925] 35 / 45 tests; Testing //core/cmd/burrow:ssh_runs_test; 158s local ... (10 actions, 2 running)
[1,916 / 1,925] 36 / 45 tests; Testing //core/cmd/burrow:ssh_automation_test; 43s local ... (9 actions, 2 running)
[1,916 / 1,925] 36 / 45 tests; Testing //core/cmd/burrow:ssh_automation_test; 44s local ... (9 actions, 3 running)
[1,917 / 1,925] 37 / 45 tests; Testing //core/tools/release:wheel_test; 4s local ... (8 actions, 2 running)
[1,917 / 1,925] 37 / 45 tests; Testing //core/tools/release:wheel_test; 13s local ... (8 actions, 3 running)
[1,918 / 1,925] 38 / 45 tests; Testing //core/cmd/burrow:ssh_reports_test; 12s local ... (7 actions, 2 running)
[1,918 / 1,925] 38 / 45 tests; Testing //core/cmd/burrow:ssh_reports_test; 19s local ... (7 actions, 3 running)
[1,919 / 1,925] 39 / 45 tests; Testing //core/cmd/burrow:ssh_reverse_test; 9s local ... (6 actions, 2 running)
[1,919 / 1,925] 39 / 45 tests; Testing //core/cmd/burrow:ssh_reverse_test; 19s local ... (6 actions, 2 running)
[1,919 / 1,925] 39 / 45 tests; Testing //core/cmd/burrow:ssh_reverse_test; 33s local ... (6 actions, 3 running)
[1,920 / 1,925] 40 / 45 tests; Testing //core/cmd/burrow:ssh_files_test; 27s local ... (5 actions, 2 running)
[1,920 / 1,925] 40 / 45 tests; Testing //core/cmd/burrow:ssh_files_test; 37s local ... (5 actions, 2 running)
[1,920 / 1,925] 40 / 45 tests; Testing //core/cmd/burrow:ssh_files_test; 67s local ... (5 actions, 2 running)
[1,920 / 1,925] 40 / 45 tests; Testing //core/cmd/burrow:ssh_files_test; 70s local ... (5 actions, 3 running)
[1,921 / 1,925] 41 / 45 tests; Testing //core/cmd/burrow:ssh_shell_test; 45s local ... (4 actions, 2 running)
[1,921 / 1,925] 41 / 45 tests; Testing //core/cmd/burrow:ssh_shell_test; 55s local ... (4 actions, 2 running)
[1,921 / 1,925] 41 / 45 tests; Testing //core/cmd/burrow:ssh_shell_test; 86s local ... (4 actions, 2 running)
[1,921 / 1,925] 41 / 45 tests; Testing //core/cmd/burrow:ssh_shell_test; 101s local ... (4 actions, 3 running)
[1,922 / 1,925] 42 / 45 tests; Testing //core/cmd/burrow:ssh_shell_test; 102s local ... (3 actions, 2 running)
[1,922 / 1,925] 42 / 45 tests; Testing //core/cmd/burrow:ssh_shell_test; 113s local ... (3 actions, 2 running)
[1,922 / 1,925] 42 / 45 tests; Testing //core/cmd/burrow:ssh_shell_test; 119s local ... (3 actions running)
[1,923 / 1,925] 43 / 45 tests; Testing //core/cmd/burrow:ssh_chains_test; 18s local ... (2 actions running)
[1,924 / 1,925] 44 / 45 tests; Testing //core/cmd/burrow:ssh_chains_test; 20s local
[1,924 / 1,925] 44 / 45 tests; Testing //core/cmd/burrow:ssh_chains_test; 29s local
[1,924 / 1,925] 44 / 45 tests; Testing //core/cmd/burrow:ssh_chains_test; 53s local
INFO: Found 45 test targets...
INFO: Elapsed time: 560.098s, Critical Path: 547.57s
INFO: 50 processes: 1715 action cache hit, 1 internal, 41 linux-sandbox, 48 local.
INFO: Build completed successfully, 50 total actions
INFO: 
//:go_format_behavior_test                                               PASSED in 0.7s
//:go_format_test                                                        PASSED in 0.2s
//:python_format_behavior_test                                           PASSED in 0.7s
//:python_format_test                                                    PASSED in 0.2s
//:workflow_test                                                         PASSED in 0.2s
//core/cmd/burrow:activity_test                                          PASSED in 24.4s
//core/cmd/burrow:agent_test                                             PASSED in 10.0s
//core/cmd/burrow:capabilities_test                                      PASSED in 2.7s
//core/cmd/burrow:connection_test                                        PASSED in 3.5s
//core/cmd/burrow:files_test                                             PASSED in 4.8s
//core/cmd/burrow:interaction_test                                       PASSED in 56.1s
//core/cmd/burrow:manager_compatibility_test                             PASSED in 1.6s
//core/cmd/burrow:profile_test                                           PASSED in 8.8s
//core/cmd/burrow:ssh_automation_test                                    PASSED in 45.0s
//core/cmd/burrow:ssh_chains_test                                        PASSED in 54.0s
//core/cmd/burrow:ssh_files_test                                         PASSED in 70.4s
//core/cmd/burrow:ssh_follow_test                                        PASSED in 57.0s
//core/cmd/burrow:ssh_lifecycle_test                                     PASSED in 115.4s
//core/cmd/burrow:ssh_reports_test                                       PASSED in 19.1s
//core/cmd/burrow:ssh_reverse_test                                       PASSED in 33.8s
//core/cmd/burrow:ssh_runs_test                                          PASSED in 159.3s
//core/cmd/burrow:ssh_shell_test                                         PASSED in 119.0s
//core/cmd/burrow:workspace_test                                         PASSED in 2.2s
//core/connection:forward_control_test                                   PASSED in 0.2s
//core/launch:audit_test                                                 PASSED in 0.2s
//core/launch:digest_test                                                PASSED in 0.2s
//core/launch:online_test                                                PASSED in 0.3s
//core/prototype_agent:check                                             PASSED in 0.6s
//core/prototype_sdk:protocol_test                                       PASSED in 0.3s
//core/prototype_sdk:reuse_test                                          PASSED in 5.1s
//core/prototype_sessions:check                                          PASSED in 21.9s
//core/prototype_terminal:check                                          PASSED in 0.1s
//core/prototype_terminal:cli_test                                       PASSED in 0.2s
//core/prototype_terminal:terminal_test                                  PASSED in 0.4s
//core/prototype_terminal:vt_cli_test                                    PASSED in 1.1s
//core/prototype_terminal:vt_test                                        PASSED in 0.1s
//core/prototype_transport:direct_script_test                            PASSED in 0.1s
//core/terminal:host_test                                                PASSED in 0.5s
//core/tools/release:release_test                                        PASSED in 1.4s
//core/tools/release:wheel_test                                          PASSED in 13.8s
//docs/tools/docs:report_test                                            PASSED in 10.2s
//docs/tools/docs:site_test                                              PASSED in 0.3s
//docs/tools/docs:stage_site_test                                        PASSED in 0.6s
//core/cmd/burrow:setup_test                                             PASSED in 39.9s
  Stats over 3 runs: max = 39.9s, min = 39.6s, avg = 39.7s, dev = 0.1s
//core/cmd/burrow:terminal_test                                          PASSED in 38.6s
  Stats over 3 runs: max = 38.6s, min = 36.7s, avg = 37.5s, dev = 0.8s

Executed 45 out of 45 tests: 45 tests pass.
There were tests whose specified size is too big. Use the --test_verbose_timeout_warnings command line option to see which ones these are.
INFO: Build Event Protocol files produced successfully.

→ ✅ Passed test task in 9m 20s · Tests passed
    🔧 Setup     0ms  Prepare the task environment
    🧪 Test   9m 20s  Run bazel tests
→ 🎬 Running run task

→ 🔧 Setup · Running setup

→ 🔨 Build · Building //docs/tools/docs:report
INFO: Options provided by the client:
  Inherited 'common' options: --isatty=0 --terminal_columns=80 --announce_rc
Computing main repo mapping: 
Loading: 
Loading: 0 packages loaded
Analyzing: target //docs/tools/docs:report (0 packages loaded, 0 targets configured)
Analyzing: target //docs/tools/docs:report (0 packages loaded, 0 targets configured)

INFO: Analyzed target //docs/tools/docs:report (0 packages loaded, 0 targets configured, 1 aspect application).
INFO: Found 1 target...
INFO: Elapsed time: 0.360s, Critical Path: 0.00s
INFO: 1 process: 5 action cache hit, 1 internal.
INFO: Build completed successfully, 1 total action
INFO: 
INFO: Build Event Protocol files produced successfully.

→ 🚀 Run · Running //docs/tools/docs:report

→ ✅ Passed run task in 741ms · Ran //docs/tools/docs:report
    🔧 Setup    0ms  Prepare the task environment
    🔨 Build  539ms  Build run target
    🚀 Run    200ms  Run target

→ ✅ Passed burrow-check task in 9m 22s
