→ 🎬 Running burrow-check task
→ 🎬 Running run task

→ 🔧 Setup · Running setup

→ 🔨 Build · Building //docs/tools/docs:report
INFO: Options provided by the client:
  Inherited 'common' options: --isatty=0 --terminal_columns=80 --announce_rc
Computing main repo mapping: 
Loading: 
Loading: 0 packages loaded
Analyzing: target //docs/tools/docs:report (1 packages loaded, 0 targets configured)
Analyzing: target //docs/tools/docs:report (1 packages loaded, 0 targets configured)

INFO: Analyzed target //docs/tools/docs:report (1 packages loaded, 6 targets configured, 1 aspect application).
INFO: Found 1 target...
INFO: Elapsed time: 0.389s, Critical Path: 0.00s
INFO: 1 process: 12 action cache hit, 1 internal.
INFO: Build completed successfully, 1 total action
INFO: 
INFO: Build Event Protocol files produced successfully.

→ 🚀 Run · Running //docs/tools/docs:report

→ ✅ Passed run task in 723ms · Ran //docs/tools/docs:report
    🔧 Setup    0ms  Prepare the task environment
    🔨 Build  539ms  Build run target
    🚀 Run    183ms  Run target
→ 🎬 Running build task

→ 🔧 Setup · Running setup

→ 🔨 Build · Spawning bazel build
INFO: Options provided by the client:
  Inherited 'common' options: --isatty=0 --terminal_columns=80 --announce_rc
Computing main repo mapping: 
Loading: 
Loading: 0 packages loaded
Analyzing: 9 targets (7 packages loaded, 0 targets configured)
Analyzing: 9 targets (7 packages loaded, 1 target configured)

DEBUG: /home/bochner/.cache/bazel/_bazel_bochner/600736f58282de05449d4e4ce2f691e6/external/rules_python+/python/private/py_executable.bzl:1498:14: 
======================================================================
WARNING: Target @@rules_pkg+//pkg/private/tar:build_tar is using implicit __init__.py creation.
  This diabolic behavior is deprecated and will be disabled by default in a
  future release.
  See https://github.com/bazel-contrib/rules_python/issues/2945

  Ensure all __init__.py files are explicitly created and
  added to the srcs or deps of your targets.

  Disable implicit creation by setting:
    legacy_create_init = 0
  on the target, or globally by setting:
    --incompatible_default_to_explicit_init_py
======================================================================
INFO: Analyzed 9 targets (142 packages loaded, 10213 targets configured).
INFO: Found 9 targets...
INFO: Elapsed time: 1.371s, Critical Path: 0.82s
INFO: 2 processes: 200 action cache hit, 1 internal, 1 linux-sandbox.
INFO: Build completed successfully, 2 total actions
INFO: 
INFO: Build Event Protocol files produced successfully.

→ ✅ Passed build task in 1.5s · Successful build
    🔧 Setup   0ms  Prepare the task environment
    🔨 Build  1.5s  Build bazel targets
→ 🎬 Running test task

→ 🔧 Setup · Running setup

→ 🧪 Test · Spawning bazel test
INFO: Options provided by the client:
  Inherited 'common' options: --isatty=0 --terminal_columns=80 --announce_rc
Computing main repo mapping: 
Loading: 
Loading: 0 packages loaded
Analyzing: 45 targets (3 packages loaded, 0 targets configured)
Analyzing: 45 targets (3 packages loaded, 0 targets configured)

INFO: Analyzed 45 targets (213 packages loaded, 12084 targets configured).
[952 / 1,542] 1 / 45 tests; Testing //core/tools/release:release_test; 0s linux-sandbox ... (32 actions, 5 running)
[1,292 / 1,728] 4 / 45 tests; Testing //core/tools/release:release_test; 1s linux-sandbox ... (32 actions, 3 running)
[1,297 / 1,728] 7 / 45 tests; GoLink core/cmd/burrow/burrow_/burrow [for tool]; 0s linux-sandbox ... (32 actions, 5 running)
[1,355 / 1,728] 8 / 45 tests; Testing //docs/tools/docs:report_test; 1s linux-sandbox ... (32 actions, 5 running)
[1,883 / 1,923] 10 / 45 tests; Testing //docs/tools/docs:report_test; 3s linux-sandbox ... (32 actions, 3 running)
[1,885 / 1,924] 10 / 45 tests; Testing //docs/tools/docs:report_test; 5s linux-sandbox ... (32 actions, 2 running)
[1,885 / 1,924] 10 / 45 tests; Testing //docs/tools/docs:report_test; 6s linux-sandbox ... (32 actions, 3 running)
[1,886 / 1,924] 11 / 45 tests; Testing //docs/tools/docs:report_test; 8s linux-sandbox ... (32 actions, 2 running)
[1,887 / 1,924] 12 / 45 tests; Testing //docs/tools/docs:report_test; 9s linux-sandbox ... (32 actions, 2 running)
[1,888 / 1,924] 13 / 45 tests; Testing //docs/tools/docs:report_test; 10s linux-sandbox ... (32 actions, 3 running)
[1,892 / 1,925] 16 / 45 tests; Testing //core/cmd/burrow:files_test; 1s local ... (32 actions, 2 running)
[1,892 / 1,925] 16 / 45 tests; Testing //core/cmd/burrow:files_test; 3s local ... (32 actions, 3 running)
[1,893 / 1,925] 17 / 45 tests; Testing //core/cmd/burrow:files_test; 4s local ... (32 actions, 3 running)
[1,896 / 1,925] 20 / 45 tests; Testing //core/cmd/burrow:connection_test; 2s linux-sandbox ... (29 actions, 2 running)
[1,898 / 1,925] 22 / 45 tests; Testing //core/cmd/burrow:agent_test; 0s linux-sandbox ... (27 actions, 3 running)
[1,899 / 1,925] 23 / 45 tests; Testing //core/cmd/burrow:agent_test; 2s linux-sandbox ... (26 actions, 2 running)
[1,899 / 1,925] 23 / 45 tests; Testing //core/cmd/burrow:agent_test; 10s linux-sandbox ... (26 actions, 3 running)
[1,900 / 1,925] 24 / 45 tests; Testing //core/cmd/burrow:terminal_test (run 3 of 3); 10s local ... (25 actions, 3 running)
[1,901 / 1,925] 25 / 45 tests; Testing //core/cmd/burrow:terminal_test (run 3 of 3); 11s local ... (24 actions, 2 running)
[1,901 / 1,925] 25 / 45 tests; Testing //core/cmd/burrow:terminal_test (run 3 of 3); 21s local ... (24 actions, 2 running)
[1,901 / 1,925] 25 / 45 tests; Testing //core/cmd/burrow:terminal_test (run 3 of 3); 38s local ... (24 actions, 3 running)
[1,902 / 1,925] 25 / 45 tests; Testing //core/cmd/burrow:terminal_test (run 1 of 3); 29s local ... (23 actions, 2 running)
[1,902 / 1,925] 25 / 45 tests; Testing //core/cmd/burrow:terminal_test (run 1 of 3); 38s local ... (23 actions, 3 running)
[1,903 / 1,925] 25 / 45 tests; Testing //core/cmd/burrow:terminal_test (run 2 of 3); 12s local ... (22 actions, 2 running)
[1,903 / 1,925] 25 / 45 tests; Testing //core/cmd/burrow:terminal_test (run 2 of 3); 22s local ... (22 actions, 2 running)
[1,903 / 1,925] 25 / 45 tests; Testing //core/cmd/burrow:terminal_test (run 2 of 3); 35s local ... (22 actions, 3 running)
[1,904 / 1,925] 26 / 45 tests; Testing //core/cmd/burrow:terminal_test (run 2 of 3); 36s local ... (21 actions, 2 running)
[1,905 / 1,925] 27 / 45 tests; Testing //core/cmd/burrow:setup_test (run 1 of 3); 3s local ... (20 actions, 2 running)
[1,905 / 1,925] 27 / 45 tests; Testing //core/cmd/burrow:setup_test (run 1 of 3); 11s local ... (20 actions, 2 running)
[1,905 / 1,925] 27 / 45 tests; Testing //core/cmd/burrow:setup_test (run 1 of 3); 39s local ... (20 actions, 3 running)
[1,906 / 1,925] 27 / 45 tests; Testing //core/cmd/burrow:setup_test (run 2 of 3); 39s local ... (19 actions, 3 running)
[1,907 / 1,925] 27 / 45 tests; Testing //core/cmd/burrow:interaction_test; 2s linux-sandbox ... (18 actions, 2 running)
[1,907 / 1,925] 27 / 45 tests; Testing //core/cmd/burrow:interaction_test; 11s linux-sandbox ... (18 actions, 2 running)
[1,907 / 1,925] 27 / 45 tests; Testing //core/cmd/burrow:interaction_test; 23s linux-sandbox ... (18 actions, 3 running)
[1,908 / 1,925] 28 / 45 tests; Testing //core/cmd/burrow:interaction_test; 24s linux-sandbox ... (17 actions, 2 running)
[1,908 / 1,925] 28 / 45 tests; Testing //core/cmd/burrow:interaction_test; 31s linux-sandbox ... (17 actions, 3 running)
[1,909 / 1,925] 29 / 45 tests; Testing //core/cmd/burrow:interaction_test; 33s linux-sandbox ... (16 actions, 2 running)
[1,909 / 1,925] 29 / 45 tests; Testing //core/cmd/burrow:interaction_test; 43s linux-sandbox ... (16 actions, 2 running)
[1,909 / 1,925] 29 / 45 tests; Testing //core/cmd/burrow:interaction_test; 54s linux-sandbox ... (16 actions, 3 running)
[1,911 / 1,925] 31 / 45 tests; Testing //core/cmd/burrow:setup_test (run 3 of 3); 23s local ... (14 actions, 2 running)
[1,911 / 1,925] 31 / 45 tests; Testing //core/cmd/burrow:setup_test (run 3 of 3); 34s local ... (14 actions, 2 running)
[1,911 / 1,925] 31 / 45 tests; Testing //core/cmd/burrow:setup_test (run 3 of 3); 39s local ... (14 actions, 3 running)
[1,912 / 1,925] 32 / 45 tests; Testing //core/cmd/burrow:ssh_runs_test; 17s local ... (13 actions, 2 running)
[1,912 / 1,925] 32 / 45 tests; Testing //core/cmd/burrow:ssh_runs_test; 28s local ... (13 actions, 2 running)
[1,912 / 1,925] 32 / 45 tests; Testing //core/cmd/burrow:ssh_runs_test; 58s local ... (13 actions, 2 running)
[1,912 / 1,925] 32 / 45 tests; Testing //core/cmd/burrow:ssh_runs_test; 75s local ... (13 actions, 3 running)
[1,913 / 1,925] 33 / 45 tests; Testing //core/cmd/burrow:ssh_runs_test; 76s local ... (12 actions, 2 running)
[1,913 / 1,925] 33 / 45 tests; Testing //core/cmd/burrow:ssh_runs_test; 87s local ... (12 actions, 2 running)
[1,913 / 1,925] 33 / 45 tests; Testing //core/cmd/burrow:ssh_runs_test; 95s local ... (12 actions, 3 running)
[1,914 / 1,925] 34 / 45 tests; Testing //core/cmd/burrow:ssh_runs_test; 96s local ... (11 actions, 2 running)
[1,914 / 1,925] 34 / 45 tests; Testing //core/cmd/burrow:ssh_runs_test; 106s local ... (11 actions, 2 running)
[1,914 / 1,925] 34 / 45 tests; Testing //core/cmd/burrow:ssh_runs_test; 136s local ... (11 actions, 2 running)
[1,914 / 1,925] 34 / 45 tests; Testing //core/cmd/burrow:ssh_runs_test; 140s local ... (11 actions, 3 running)
[1,915 / 1,925] 35 / 45 tests; Testing //core/cmd/burrow:ssh_runs_test; 142s local ... (10 actions, 2 running)
[1,915 / 1,925] 35 / 45 tests; Testing //core/cmd/burrow:ssh_runs_test; 152s local ... (10 actions, 2 running)
[1,915 / 1,925] 35 / 45 tests; Testing //core/cmd/burrow:ssh_runs_test; 165s local ... (10 actions, 3 running)
[1,916 / 1,925] 36 / 45 tests; Testing //core/cmd/burrow:ssh_lifecycle_test; 25s local ... (9 actions, 2 running)
[1,916 / 1,925] 36 / 45 tests; Testing //core/cmd/burrow:ssh_lifecycle_test; 36s local ... (9 actions, 2 running)
[1,916 / 1,925] 36 / 45 tests; Testing //core/cmd/burrow:ssh_lifecycle_test; 61s local ... (9 actions, 2 running)
[1,917 / 1,925] 37 / 45 tests; Testing //core/cmd/burrow:ssh_lifecycle_test; 63s local ... (8 actions, 2 running)
[1,917 / 1,925] 37 / 45 tests; Testing //core/cmd/burrow:ssh_lifecycle_test; 73s local ... (8 actions, 2 running)
[1,917 / 1,925] 37 / 45 tests; Testing //core/cmd/burrow:ssh_lifecycle_test; 103s local ... (8 actions, 2 running)
[1,917 / 1,925] 37 / 45 tests; Testing //core/cmd/burrow:ssh_lifecycle_test; 121s local ... (8 actions, 3 running)
[1,919 / 1,925] 39 / 45 tests; Testing //core/cmd/burrow:ssh_lifecycle_test; 123s local ... (6 actions, 2 running)
[1,919 / 1,925] 39 / 45 tests; Testing //core/cmd/burrow:ssh_lifecycle_test; 126s local ... (6 actions, 3 running)
[1,920 / 1,925] 40 / 45 tests; Testing //core/cmd/burrow:ssh_files_test; 6s local ... (5 actions, 2 running)
[1,920 / 1,925] 40 / 45 tests; Testing //core/cmd/burrow:ssh_files_test; 16s local ... (5 actions, 2 running)
[1,920 / 1,925] 40 / 45 tests; Testing //core/cmd/burrow:ssh_files_test; 46s local ... (5 actions, 2 running)
[1,920 / 1,925] 40 / 45 tests; Testing //core/cmd/burrow:ssh_files_test; 70s local ... (5 actions, 3 running)
[1,922 / 1,925] 42 / 45 tests; Testing //core/cmd/burrow:ssh_shell_test; 66s local ... (3 actions running)
[1,923 / 1,925] 43 / 45 tests; Testing //core/cmd/burrow:ssh_shell_test; 68s local ... (2 actions running)
[1,923 / 1,925] 43 / 45 tests; Testing //core/cmd/burrow:ssh_shell_test; 78s local ... (2 actions running)
[1,923 / 1,925] 43 / 45 tests; Testing //core/cmd/burrow:ssh_shell_test; 80s local ... (2 actions running)
[1,924 / 1,925] 44 / 45 tests; Testing //core/cmd/burrow:ssh_shell_test; 82s local
[1,924 / 1,925] 44 / 45 tests; Testing //core/cmd/burrow:ssh_shell_test; 92s local
[1,924 / 1,925] 44 / 45 tests; Testing //core/cmd/burrow:ssh_shell_test; 122s local
[1,924 / 1,925] 44 / 45 tests; Testing //core/cmd/burrow:ssh_shell_test; 125s local
INFO: Found 45 test targets...
INFO: Elapsed time: 582.929s, Critical Path: 569.25s
INFO: 93 processes: 1672 action cache hit, 26 internal, 59 linux-sandbox, 48 local.
INFO: Build completed successfully, 93 total actions
INFO: 
//:go_format_behavior_test                                               PASSED in 0.6s
//:go_format_test                                                        PASSED in 0.2s
//:python_format_behavior_test                                           PASSED in 0.8s
//:python_format_test                                                    PASSED in 0.2s
//:workflow_test                                                         PASSED in 0.2s
//core/cmd/burrow:activity_test                                          PASSED in 24.3s
//core/cmd/burrow:agent_test                                             PASSED in 9.6s
//core/cmd/burrow:capabilities_test                                      PASSED in 2.6s
//core/cmd/burrow:connection_test                                        PASSED in 3.6s
//core/cmd/burrow:files_test                                             PASSED in 4.7s
//core/cmd/burrow:interaction_test                                       PASSED in 54.5s
//core/cmd/burrow:manager_compatibility_test                             PASSED in 1.6s
//core/cmd/burrow:profile_test                                           PASSED in 8.5s
//core/cmd/burrow:ssh_automation_test                                    PASSED in 46.0s
//core/cmd/burrow:ssh_chains_test                                        PASSED in 58.9s
//core/cmd/burrow:ssh_files_test                                         PASSED in 70.8s
//core/cmd/burrow:ssh_follow_test                                        PASSED in 59.2s
//core/cmd/burrow:ssh_lifecycle_test                                     PASSED in 126.8s
//core/cmd/burrow:ssh_reports_test                                       PASSED in 19.2s
//core/cmd/burrow:ssh_reverse_test                                       PASSED in 37.0s
//core/cmd/burrow:ssh_runs_test                                          PASSED in 165.9s
//core/cmd/burrow:ssh_shell_test                                         PASSED in 125.9s
//core/cmd/burrow:workspace_test                                         PASSED in 2.1s
//core/connection:forward_control_test                                   PASSED in 0.2s
//core/launch:audit_test                                                 PASSED in 0.2s
//core/launch:digest_test                                                PASSED in 0.2s
//core/launch:online_test                                                PASSED in 0.3s
//core/prototype_agent:check                                             PASSED in 0.6s
//core/prototype_sdk:protocol_test                                       PASSED in 0.3s
//core/prototype_sdk:reuse_test                                          PASSED in 4.7s
//core/prototype_sessions:check                                          PASSED in 22.0s
//core/prototype_terminal:check                                          PASSED in 0.1s
//core/prototype_terminal:cli_test                                       PASSED in 0.2s
//core/prototype_terminal:terminal_test                                  PASSED in 0.4s
//core/prototype_terminal:vt_cli_test                                    PASSED in 1.1s
//core/prototype_terminal:vt_test                                        PASSED in 0.1s
//core/prototype_transport:direct_script_test                            PASSED in 0.1s
//core/terminal:host_test                                                PASSED in 0.5s
//core/tools/release:release_test                                        PASSED in 1.6s
//core/tools/release:wheel_test                                          PASSED in 14.1s
//docs/tools/docs:report_test                                            PASSED in 9.7s
//docs/tools/docs:site_test                                              PASSED in 0.3s
//docs/tools/docs:stage_site_test                                        PASSED in 0.7s
//core/cmd/burrow:setup_test                                             PASSED in 39.8s
  Stats over 3 runs: max = 39.8s, min = 39.6s, avg = 39.7s, dev = 0.1s
//core/cmd/burrow:terminal_test                                          PASSED in 38.5s
  Stats over 3 runs: max = 38.5s, min = 36.5s, avg = 37.8s, dev = 0.9s

Executed 45 out of 45 tests: 45 tests pass.
There were tests whose specified size is too big. Use the --test_verbose_timeout_warnings command line option to see which ones these are.
INFO: Build Event Protocol files produced successfully.

→ ✅ Passed test task in 9m 43s · Tests passed
    🔧 Setup     0ms  Prepare the task environment
    🧪 Test   9m 43s  Run bazel tests
→ 🎬 Running run task

→ 🔧 Setup · Running setup

→ 🔨 Build · Building //docs/tools/docs:report
INFO: Options provided by the client:
  Inherited 'common' options: --isatty=0 --terminal_columns=80 --announce_rc
Computing main repo mapping: 
Loading: 
Loading: 0 packages loaded
Analyzing: target //docs/tools/docs:report (0 packages loaded, 0 targets configured)
Analyzing: target //docs/tools/docs:report (0 packages loaded, 0 targets configured)

INFO: Analyzed target //docs/tools/docs:report (0 packages loaded, 0 targets configured, 1 aspect application).
INFO: Found 1 target...
INFO: Elapsed time: 0.410s, Critical Path: 0.00s
INFO: 1 process: 5 action cache hit, 1 internal.
INFO: Build completed successfully, 1 total action
INFO: 
INFO: Build Event Protocol files produced successfully.

→ 🚀 Run · Running //docs/tools/docs:report

→ ✅ Passed run task in 741ms · Ran //docs/tools/docs:report
    🔧 Setup    0ms  Prepare the task environment
    🔨 Build  538ms  Build run target
    🚀 Run    202ms  Run target

→ ✅ Passed burrow-check task in 9m 46s
