→ 🎬 Running burrow task
→ 🎬 Running test task

→ 🔧 Setup · Running setup

→ 🧪 Test · Spawning bazel test
INFO: Options provided by the client:
  Inherited 'common' options: --isatty=0 --terminal_columns=80 --announce_rc
Computing main repo mapping: 
Loading: 
Loading: 0 packages loaded
Analyzing: target //:go_format_test (1 packages loaded, 0 targets configured)
Analyzing: target //:go_format_test (1 packages loaded, 0 targets configured)

INFO: Analyzed target //:go_format_test (1 packages loaded, 19 targets configured).
INFO: Found 1 test target...
Target //:go_format_test up-to-date:
  bazel-bin/go_format_test
INFO: Elapsed time: 0.619s, Critical Path: 0.31s
INFO: 3 processes: 10 action cache hit, 2 internal, 2 linux-sandbox.
INFO: Build completed successfully, 3 total actions
INFO: 
//:go_format_test                                                        PASSED in 0.2s

Executed 1 out of 1 test: 1 test passes.
INFO: Build Event Protocol files produced successfully.

→ ✅ Passed test task in 788ms · Tests passed
    🔧 Setup    0ms  Prepare the task environment
    🧪 Test   787ms  Run bazel tests

→ ✅ Passed burrow task in 913ms
