1914624 1790393053.243173 execve("<LAB>/burrow", ["<LAB>/burrow", "--workspace", "<LAB>/w", "session", "create", "gateway", "--yes", "--review", "88cbe44e4e3c24bb7689a17f2b760f24"...], 0x7ffdd028ac78 /* 65 vars */) = 0 <0.000307>
1914624 1790393053.276148 clone3({flags=CLONE_VM|CLONE_FS|CLONE_FILES|CLONE_SIGHAND|CLONE_THREAD|CLONE_SYSVSEM|CLONE_SETTLS|CLONE_PARENT_SETTID|CLONE_CHILD_CLEARTID, child_tid=0x73920e79fce8, parent_tid=0x73920e79f990, exit_signal=0, stack=0x73920df9f000, stack_size=0x7fff80, tls=0x73920e79f6c0} => {parent_tid=[1914625]}, 88) = 1914625 <0.000155>
1914624 1790393053.277239 clone3({flags=CLONE_VM|CLONE_FS|CLONE_FILES|CLONE_SIGHAND|CLONE_THREAD|CLONE_SYSVSEM|CLONE_SETTLS|CLONE_PARENT_SETTID|CLONE_CHILD_CLEARTID, child_tid=0x739205dffce8, parent_tid=0x739205dff990, exit_signal=0, stack=0x7392055ff000, stack_size=0x7fff80, tls=0x739205dff6c0} => {parent_tid=[1914626]}, 88) = 1914626 <0.000147>
1914624 1790393053.278229 clone3({flags=CLONE_VM|CLONE_FS|CLONE_FILES|CLONE_SIGHAND|CLONE_THREAD|CLONE_SYSVSEM|CLONE_SETTLS|CLONE_PARENT_SETTID|CLONE_CHILD_CLEARTID, child_tid=0x73920df9ece8, parent_tid=0x73920df9e990, exit_signal=0, stack=0x73920d79e000, stack_size=0x7fff80, tls=0x73920df9e6c0} => {parent_tid=[1914627]}, 88) = 1914627 <0.000178>
1914626 1790393053.279555 clone3({flags=CLONE_VM|CLONE_FS|CLONE_FILES|CLONE_SIGHAND|CLONE_THREAD|CLONE_SYSVSEM|CLONE_SETTLS|CLONE_PARENT_SETTID|CLONE_CHILD_CLEARTID, child_tid=0x73920d79dce8, parent_tid=0x73920d79d990, exit_signal=0, stack=0x73920cf9d000, stack_size=0x7fff80, tls=0x73920d79d6c0} => {parent_tid=[1914628]}, 88) = 1914628 <0.000252>
1914624 1790393053.280300 clone3({flags=CLONE_VM|CLONE_FS|CLONE_FILES|CLONE_SIGHAND|CLONE_THREAD|CLONE_SYSVSEM|CLONE_SETTLS|CLONE_PARENT_SETTID|CLONE_CHILD_CLEARTID, child_tid=0x73920cf9cce8, parent_tid=0x73920cf9c990, exit_signal=0, stack=0x73920c79c000, stack_size=0x7fff80, tls=0x73920cf9c6c0} => {parent_tid=[1914629]}, 88) = 1914629 <0.000135>
1914624 1790393053.281309 clone3({flags=CLONE_VM|CLONE_FS|CLONE_FILES|CLONE_SIGHAND|CLONE_THREAD|CLONE_SYSVSEM|CLONE_SETTLS|CLONE_PARENT_SETTID|CLONE_CHILD_CLEARTID, child_tid=0x739207fffce8, parent_tid=0x739207fff990, exit_signal=0, stack=0x7392077ff000, stack_size=0x7fff80, tls=0x739207fff6c0} => {parent_tid=[1914630]}, 88) = 1914630 <0.000139>
1914625 1790393053.312865 tgkill(1914624, 1914624, SIGURG <unfinished ...>
1914624 1790393053.312957 --- SIGURG {si_signo=SIGURG, si_code=SI_TKILL, si_pid=1914624, si_uid=1000} ---
1914625 1790393053.313006 <... tgkill resumed>) = 0 <0.000125>
1914625 1790393053.327459 tgkill(1914624, 1914624, SIGURG <unfinished ...>
1914624 1790393053.327625 --- SIGURG {si_signo=SIGURG, si_code=SI_TKILL, si_pid=1914624, si_uid=1000} ---
1914625 1790393053.327678 <... tgkill resumed>) = 0 <0.000176>
1914625 1790393053.342770 tgkill(1914624, 1914624, SIGURG <unfinished ...>
1914624 1790393053.342893 --- SIGURG {si_signo=SIGURG, si_code=SI_TKILL, si_pid=1914624, si_uid=1000} ---
1914625 1790393053.342939 <... tgkill resumed>) = 0 <0.000147>
1914625 1790393053.415310 tgkill(1914624, 1914624, SIGURG <unfinished ...>
1914624 1790393053.415423 --- SIGURG {si_signo=SIGURG, si_code=SI_TKILL, si_pid=1914624, si_uid=1000} ---
1914625 1790393053.415472 <... tgkill resumed>) = 0 <0.000146>
1914625 1790393053.436802 tgkill(1914624, 1914624, SIGURG <unfinished ...>
1914624 1790393053.436920 --- SIGURG {si_signo=SIGURG, si_code=SI_TKILL, si_pid=1914624, si_uid=1000} ---
1914625 1790393053.436950 <... tgkill resumed>) = 0 <0.000123>
1914625 1790393053.547151 tgkill(1914624, 1914624, SIGURG <unfinished ...>
1914624 1790393053.547247 --- SIGURG {si_signo=SIGURG, si_code=SI_TKILL, si_pid=1914624, si_uid=1000} ---
1914625 1790393053.547293 <... tgkill resumed>) = 0 <0.000125>
1914625 1790393053.604778 tgkill(1914624, 1914624, SIGURG) = 0 <0.000059>
1914624 1790393053.605946 --- SIGURG {si_signo=SIGURG, si_code=SI_TKILL, si_pid=1914624, si_uid=1000} ---
1914625 1790393053.616787 tgkill(1914624, 1914624, SIGURG <unfinished ...>
1914624 1790393053.616910 --- SIGURG {si_signo=SIGURG, si_code=SI_TKILL, si_pid=1914624, si_uid=1000} ---
1914625 1790393053.616966 <... tgkill resumed>) = 0 <0.000164>
1914624 1790393053.636237 clone3({flags=CLONE_VM|CLONE_FS|CLONE_FILES|CLONE_SIGHAND|CLONE_THREAD|CLONE_SYSVSEM|CLONE_SETTLS|CLONE_PARENT_SETTID|CLONE_CHILD_CLEARTID, child_tid=0x7392077fece8, parent_tid=0x7392077fe990, exit_signal=0, stack=0x739206ffe000, stack_size=0x7fff80, tls=0x7392077fe6c0} => {parent_tid=[1914685]}, 88) = 1914685 <0.000132>
1914624 1790393053.637280 clone3({flags=CLONE_VM|CLONE_FS|CLONE_FILES|CLONE_SIGHAND|CLONE_THREAD|CLONE_SYSVSEM|CLONE_SETTLS|CLONE_PARENT_SETTID|CLONE_CHILD_CLEARTID, child_tid=0x739206ffdce8, parent_tid=0x739206ffd990, exit_signal=0, stack=0x7392067fd000, stack_size=0x7fff80, tls=0x739206ffd6c0} => {parent_tid=[1914686]}, 88) = 1914686 <0.000163>
1914624 1790393053.638293 clone3({flags=CLONE_VM|CLONE_FS|CLONE_FILES|CLONE_SIGHAND|CLONE_THREAD|CLONE_SYSVSEM|CLONE_SETTLS|CLONE_PARENT_SETTID|CLONE_CHILD_CLEARTID, child_tid=0x7392067fcce8, parent_tid=0x7392067fc990, exit_signal=0, stack=0x739205ffc000, stack_size=0x7fff80, tls=0x7392067fc6c0} => {parent_tid=[1914687]}, 88) = 1914687 <0.000205>
1914685 1790393053.638633 tgkill(1914624, 1914624, SIGURG) = 0 <0.000146>
1914624 1790393053.638979 --- SIGURG {si_signo=SIGURG, si_code=SI_TKILL, si_pid=1914624, si_uid=1000} ---
1914628 1790393053.639226 clone3({flags=CLONE_VM|CLONE_FS|CLONE_FILES|CLONE_SIGHAND|CLONE_THREAD|CLONE_SYSVSEM|CLONE_SETTLS|CLONE_PARENT_SETTID|CLONE_CHILD_CLEARTID, child_tid=0x7392055fece8, parent_tid=0x7392055fe990, exit_signal=0, stack=0x739204dfe000, stack_size=0x7fff80, tls=0x7392055fe6c0} <unfinished ...>
1914685 1790393053.639311 tgkill(1914624, 1914624, SIGURG) = 0 <0.000118>
1914628 1790393053.639508 <... clone3 resumed> => {parent_tid=[1914689]}, 88) = 1914689 <0.000258>
1914624 1790393053.639752 clone3({flags=CLONE_VM|CLONE_FS|CLONE_FILES|CLONE_SIGHAND|CLONE_THREAD|CLONE_SYSVSEM|CLONE_SETTLS|CLONE_PARENT_SETTID|CLONE_CHILD_CLEARTID, child_tid=0x739204dfdce8, parent_tid=0x739204dfd990, exit_signal=0, stack=0x7392045fd000, stack_size=0x7fff80, tls=0x739204dfd6c0} => {parent_tid=[1914690]}, 88) = 1914690 <0.000210>
1914624 1790393053.640496 --- SIGURG {si_signo=SIGURG, si_code=SI_TKILL, si_pid=1914624, si_uid=1000} ---
1914685 1790393053.641240 tgkill(1914624, 1914624, SIGURG) = 0 <0.000157>
1914624 1790393053.641441 clone3({flags=CLONE_VM|CLONE_FS|CLONE_FILES|CLONE_SIGHAND|CLONE_THREAD|CLONE_SYSVSEM|CLONE_SETTLS|CLONE_PARENT_SETTID|CLONE_CHILD_CLEARTID, child_tid=0x7391e7fffce8, parent_tid=0x7391e7fff990, exit_signal=0, stack=0x7391e77ff000, stack_size=0x7fff80, tls=0x7391e7fff6c0} => {parent_tid=[1914691]}, 88) = 1914691 <0.000234>
1914624 1790393053.642094 --- SIGURG {si_signo=SIGURG, si_code=SI_TKILL, si_pid=1914624, si_uid=1000} ---
1914685 1790393053.642508 tgkill(1914624, 1914624, SIGURG <unfinished ...>
1914624 1790393053.642633 --- SIGURG {si_signo=SIGURG, si_code=SI_TKILL, si_pid=1914624, si_uid=1000} ---
1914685 1790393053.642684 <... tgkill resumed>) = 0 <0.000160>
1914685 1790393053.643221 tgkill(1914624, 1914624, SIGURG) = 0 <0.000119>
1914624 1790393053.643389 --- SIGURG {si_signo=SIGURG, si_code=SI_TKILL, si_pid=1914624, si_uid=1000} ---
1914685 1790393053.645056 tgkill(1914624, 1914624, SIGURG) = 0 <0.000096>
1914624 1790393053.645211 --- SIGURG {si_signo=SIGURG, si_code=SI_TKILL, si_pid=1914624, si_uid=1000} ---
1914685 1790393053.646614 tgkill(1914624, 1914624, SIGURG) = 0 <0.000059>
1914624 1790393053.646813 --- SIGURG {si_signo=SIGURG, si_code=SI_TKILL, si_pid=1914624, si_uid=1000} ---
1914685 1790393053.647197 tgkill(1914624, 1914624, SIGURG) = 0 <0.000117>
1914624 1790393053.647374 --- SIGURG {si_signo=SIGURG, si_code=SI_TKILL, si_pid=1914624, si_uid=1000} ---
1914685 1790393053.648958 tgkill(1914624, 1914624, SIGURG) = 0 <0.000095>
1914624 1790393053.649189 --- SIGURG {si_signo=SIGURG, si_code=SI_TKILL, si_pid=1914624, si_uid=1000} ---
1914685 1790393053.649410 tgkill(1914624, 1914691, SIGURG <unfinished ...>
1914691 1790393053.649483 --- SIGURG {si_signo=SIGURG, si_code=SI_TKILL, si_pid=1914624, si_uid=1000} ---
1914685 1790393053.649516 <... tgkill resumed>) = 0 <0.000094>
1914690 1790393053.653151 tgkill(1914624, 1914624, SIGURG) = 0 <0.000096>
1914624 1790393053.653442 --- SIGURG {si_signo=SIGURG, si_code=SI_TKILL, si_pid=1914624, si_uid=1000} ---
1914690 1790393053.653682 tgkill(1914624, 1914624, SIGURG) = 0 <0.000083>
1914624 1790393053.653844 --- SIGURG {si_signo=SIGURG, si_code=SI_TKILL, si_pid=1914624, si_uid=1000} ---
1914690 1790393053.654128 tgkill(1914624, 1914624, SIGURG) = 0 <0.000071>
1914624 1790393053.654331 --- SIGURG {si_signo=SIGURG, si_code=SI_TKILL, si_pid=1914624, si_uid=1000} ---
1914689 1790393053.654595 tgkill(1914624, 1914690, SIGURG <unfinished ...>
1914690 1790393053.654648 tgkill(1914624, 1914624, SIGURG <unfinished ...>
1914689 1790393053.654699 <... tgkill resumed>) = 0 <0.000090>
1914624 1790393053.654759 --- SIGURG {si_signo=SIGURG, si_code=SI_TKILL, si_pid=1914624, si_uid=1000} ---
1914690 1790393053.654788 <... tgkill resumed>) = 0 <0.000126>
1914690 1790393053.654861 --- SIGURG {si_signo=SIGURG, si_code=SI_TKILL, si_pid=1914624, si_uid=1000} ---
1914689 1790393053.656035 tgkill(1914624, 1914624, SIGURG) = 0 <0.000057>
1914624 1790393053.656217 --- SIGURG {si_signo=SIGURG, si_code=SI_TKILL, si_pid=1914624, si_uid=1000} ---
1914625 1790393053.671639 tgkill(1914624, 1914624, SIGURG <unfinished ...>
1914624 1790393053.671763 --- SIGURG {si_signo=SIGURG, si_code=SI_TKILL, si_pid=1914624, si_uid=1000} ---
1914625 1790393053.671844 <... tgkill resumed>) = 0 <0.000181>
1914687 1790393053.675121 tgkill(1914624, 1914624, SIGURG) = 0 <0.000073>
1914624 1790393053.675299 --- SIGURG {si_signo=SIGURG, si_code=SI_TKILL, si_pid=1914624, si_uid=1000} ---
1914687 1790393053.675576 tgkill(1914624, 1914624, SIGURG) = 0 <0.000081>
1914624 1790393053.675793 --- SIGURG {si_signo=SIGURG, si_code=SI_TKILL, si_pid=1914624, si_uid=1000} ---
1914629 1790393053.675896 clone3({flags=CLONE_VM|CLONE_FS|CLONE_FILES|CLONE_SIGHAND|CLONE_THREAD|CLONE_SYSVSEM|CLONE_SETTLS|CLONE_PARENT_SETTID|CLONE_CHILD_CLEARTID, child_tid=0x7391e77fece8, parent_tid=0x7391e77fe990, exit_signal=0, stack=0x7391e6ffe000, stack_size=0x7fff80, tls=0x7391e77fe6c0} <unfinished ...>
1914687 1790393053.676148 tgkill(1914624, 1914624, SIGURG <unfinished ...>
1914629 1790393053.676247 <... clone3 resumed> => {parent_tid=[1914692]}, 88) = 1914692 <0.000322>
1914687 1790393053.676322 <... tgkill resumed>) = 0 <0.000157>
1914624 1790393053.676352 --- SIGURG {si_signo=SIGURG, si_code=SI_TKILL, si_pid=1914624, si_uid=1000} ---
1914687 1790393053.677732 tgkill(1914624, 1914624, SIGURG <unfinished ...>
1914624 1790393053.677836 --- SIGURG {si_signo=SIGURG, si_code=SI_TKILL, si_pid=1914624, si_uid=1000} ---
1914687 1790393053.677905 <... tgkill resumed>) = 0 <0.000157>
1914687 1790393053.678751 tgkill(1914624, 1914624, SIGURG) = 0 <0.000060>
1914624 1790393053.678849 --- SIGURG {si_signo=SIGURG, si_code=SI_TKILL, si_pid=1914624, si_uid=1000} ---
1914687 1790393053.679841 tgkill(1914624, 1914624, SIGURG) = 0 <0.000087>
1914624 1790393053.679969 --- SIGURG {si_signo=SIGURG, si_code=SI_TKILL, si_pid=1914624, si_uid=1000} ---
1914625 1790393053.703590 tgkill(1914624, 1914690, SIGURG) = 0 <0.000083>
1914690 1790393053.703771 --- SIGURG {si_signo=SIGURG, si_code=SI_TKILL, si_pid=1914624, si_uid=1000} ---
1914625 1790393053.714638 tgkill(1914624, 1914692, SIGURG <unfinished ...>
1914692 1790393053.714757 --- SIGURG {si_signo=SIGURG, si_code=SI_TKILL, si_pid=1914624, si_uid=1000} ---
1914625 1790393053.714790 <... tgkill resumed>) = 0 <0.000125>
1914625 1790393053.738339 tgkill(1914624, 1914692, SIGURG <unfinished ...>
1914692 1790393053.738432 --- SIGURG {si_signo=SIGURG, si_code=SI_TKILL, si_pid=1914624, si_uid=1000} ---
1914625 1790393053.738464 <... tgkill resumed>) = 0 <0.000106>
1914625 1790393053.749672 tgkill(1914624, 1914692, SIGURG <unfinished ...>
1914692 1790393053.749774 --- SIGURG {si_signo=SIGURG, si_code=SI_TKILL, si_pid=1914624, si_uid=1000} ---
1914625 1790393053.749815 <... tgkill resumed>) = 0 <0.000123>
1914625 1790393053.773552 tgkill(1914624, 1914692, SIGURG) = 0 <0.000064>
1914692 1790393053.773657 --- SIGURG {si_signo=SIGURG, si_code=SI_TKILL, si_pid=1914624, si_uid=1000} ---
1914625 1790393053.794997 tgkill(1914624, 1914689, SIGURG) = 0 <0.000062>
1914689 1790393053.795195 --- SIGURG {si_signo=SIGURG, si_code=SI_TKILL, si_pid=1914624, si_uid=1000} ---
1914625 1790393053.806223 tgkill(1914624, 1914690, SIGURG) = 0 <0.000070>
1914690 1790393053.806406 --- SIGURG {si_signo=SIGURG, si_code=SI_TKILL, si_pid=1914624, si_uid=1000} ---
1914625 1790393053.829785 tgkill(1914624, 1914692, SIGURG <unfinished ...>
1914692 1790393053.829874 --- SIGURG {si_signo=SIGURG, si_code=SI_TKILL, si_pid=1914624, si_uid=1000} ---
1914625 1790393053.829902 <... tgkill resumed>) = 0 <0.000099>
1914625 1790393053.840812 tgkill(1914624, 1914692, SIGURG) = 0 <0.000059>
1914692 1790393053.840907 --- SIGURG {si_signo=SIGURG, si_code=SI_TKILL, si_pid=1914624, si_uid=1000} ---
1914625 1790393053.865295 tgkill(1914624, 1914692, SIGURG <unfinished ...>
1914692 1790393053.865385 --- SIGURG {si_signo=SIGURG, si_code=SI_TKILL, si_pid=1914624, si_uid=1000} ---
1914625 1790393053.865421 <... tgkill resumed>) = 0 <0.000106>
1914625 1790393053.876075 tgkill(1914624, 1914692, SIGURG <unfinished ...>
1914692 1790393053.876177 --- SIGURG {si_signo=SIGURG, si_code=SI_TKILL, si_pid=1914624, si_uid=1000} ---
1914625 1790393053.876217 <... tgkill resumed>) = 0 <0.000120>
1914625 1790393053.890761 tgkill(1914624, 1914692, SIGURG <unfinished ...>
1914692 1790393053.890855 --- SIGURG {si_signo=SIGURG, si_code=SI_TKILL, si_pid=1914624, si_uid=1000} ---
1914625 1790393053.890887 <... tgkill resumed>) = 0 <0.000104>
1914692 1790393053.904852 connect(10, {sa_family=AF_UNIX, sun_path="<LAB>/w/hoveld.sock"}, 33) = 0 <0.000099>
1914629 1790393053.918229 fsync(8)      = 0 <0.000065>
1914629 1790393053.919756 fsync(9)      = 0 <0.000063>
1914629 1790393053.919904 fsync(7)      = 0 <0.000065>
1914625 1790393053.922807 tgkill(1914624, 1914629, SIGURG) = 0 <0.000057>
1914629 1790393053.923001 --- SIGURG {si_signo=SIGURG, si_code=SI_TKILL, si_pid=1914624, si_uid=1000} ---
1914689 1790393053.931422 connect(10, {sa_family=AF_UNIX, sun_path="<LAB>/w/hoveld.sock"}, 33) = 0 <0.000087>
1914692 1790393053.939301 connect(7, {sa_family=AF_UNIX, sun_path="<LAB>/w/hoveld.sock"}, 33) = 0 <0.000089>
1914692 1790393053.950710 connect(11, {sa_family=AF_UNIX, sun_path="<LAB>/w/hoveld.sock"}, 33) = 0 <0.000092>
1914625 1790393053.967758 tgkill(1914624, 1914689, SIGURG) = 0 <0.000094>
1914689 1790393053.967933 --- SIGURG {si_signo=SIGURG, si_code=SI_TKILL, si_pid=1914624, si_uid=1000} ---
1914692 1790393053.970616 connect(10, {sa_family=AF_UNIX, sun_path="<LAB>/w/hoveld.sock"}, 33) = 0 <0.000104>
1914689 1790393053.978854 connect(7, {sa_family=AF_UNIX, sun_path="<LAB>/w/hoveld.sock"}, 33) = 0 <0.000083>
1914625 1790393053.988598 tgkill(1914624, 1914689, SIGURG) = 0 <0.000078>
1914689 1790393053.988712 --- SIGURG {si_signo=SIGURG, si_code=SI_TKILL, si_pid=1914624, si_uid=1000} ---
1914690 1790393053.990525 connect(11, {sa_family=AF_UNIX, sun_path="<LAB>/w/hoveld.sock"}, 33) = 0 <0.000081>
1914625 1790393054.009828 tgkill(1914624, 1914690, SIGURG <unfinished ...>
1914690 1790393054.009915 --- SIGURG {si_signo=SIGURG, si_code=SI_TKILL, si_pid=1914624, si_uid=1000} ---
1914625 1790393054.009950 <... tgkill resumed>) = 0 <0.000106>
1914690 1790393054.010579 connect(10, {sa_family=AF_UNIX, sun_path="<LAB>/w/hoveld.sock"}, 33) = 0 <0.000096>
1914690 1790393054.018559 connect(7, {sa_family=AF_UNIX, sun_path="<LAB>/w/hoveld.sock"}, 33) = 0 <0.000104>
1914625 1790393054.021157 tgkill(1914624, 1914690, SIGURG) = 0 <0.000064>
1914690 1790393054.021257 --- SIGURG {si_signo=SIGURG, si_code=SI_TKILL, si_pid=1914624, si_uid=1000} ---
1914689 1790393054.029891 connect(11, {sa_family=AF_UNIX, sun_path="<LAB>/w/hoveld.sock"}, 33) = 0 <0.000079>
1914692 1790393054.051069 connect(10, {sa_family=AF_UNIX, sun_path="<LAB>/w/hoveld.sock"}, 33) = 0 <0.000080>
1914625 1790393054.055734 tgkill(1914624, 1914692, SIGURG) = 0 <0.000065>
1914692 1790393054.055833 --- SIGURG {si_signo=SIGURG, si_code=SI_TKILL, si_pid=1914624, si_uid=1000} ---
1914690 1790393054.059347 connect(7, {sa_family=AF_UNIX, sun_path="<LAB>/w/hoveld.sock"}, 33) = 0 <0.000104>
1914625 1790393054.067462 tgkill(1914624, 1914690, SIGURG) = 0 <0.000060>
1914690 1790393054.067620 --- SIGURG {si_signo=SIGURG, si_code=SI_TKILL, si_pid=1914624, si_uid=1000} ---
1914689 1790393054.070225 connect(11, {sa_family=AF_UNIX, sun_path="<LAB>/w/hoveld.sock"}, 33) = 0 <0.000087>
1914625 1790393054.096425 tgkill(1914624, 1914692, SIGURG) = 0 <0.000066>
1914692 1790393054.096524 --- SIGURG {si_signo=SIGURG, si_code=SI_TKILL, si_pid=1914624, si_uid=1000} ---
1914689 1790393054.097881 connect(10, {sa_family=AF_UNIX, sun_path="<LAB>/w/hoveld.sock"}, 33) = 0 <0.000093>
1914689 1790393054.105601 connect(7, {sa_family=AF_UNIX, sun_path="<LAB>/w/hoveld.sock"}, 33) = 0 <0.000082>
1914625 1790393054.111027 tgkill(1914624, 1914689, SIGURG) = 0 <0.000098>
1914689 1790393054.111189 --- SIGURG {si_signo=SIGURG, si_code=SI_TKILL, si_pid=1914624, si_uid=1000} ---
1914690 1790393054.117390 connect(11, {sa_family=AF_UNIX, sun_path="<LAB>/w/hoveld.sock"}, 33) = 0 <0.000092>
1914625 1790393054.122215 tgkill(1914624, 1914690, SIGURG) = 0 <0.000078>
1914690 1790393054.122360 --- SIGURG {si_signo=SIGURG, si_code=SI_TKILL, si_pid=1914624, si_uid=1000} ---
1914625 1790393054.133873 tgkill(1914624, 1914690, SIGURG) = 0 <0.000062>
1914690 1790393054.134024 --- SIGURG {si_signo=SIGURG, si_code=SI_TKILL, si_pid=1914624, si_uid=1000} ---
1914690 1790393054.136959 connect(10, {sa_family=AF_UNIX, sun_path="<LAB>/w/hoveld.sock"}, 33) = 0 <0.000092>
1914692 1790393054.145090 connect(7, {sa_family=AF_UNIX, sun_path="<LAB>/w/hoveld.sock"}, 33) = 0 <0.000088>
1914692 1790393054.156871 connect(11, {sa_family=AF_UNIX, sun_path="<LAB>/w/hoveld.sock"}, 33) = 0 <0.000097>
1914625 1790393054.157528 tgkill(1914624, 1914692, SIGURG <unfinished ...>
1914692 1790393054.157619 --- SIGURG {si_signo=SIGURG, si_code=SI_TKILL, si_pid=1914624, si_uid=1000} ---
1914625 1790393054.157655 <... tgkill resumed>) = 0 <0.000111>
1914625 1790393054.179096 tgkill(1914624, 1914690, SIGURG <unfinished ...>
1914690 1790393054.179180 --- SIGURG {si_signo=SIGURG, si_code=SI_TKILL, si_pid=1914624, si_uid=1000} ---
1914625 1790393054.179211 <... tgkill resumed>) = 0 <0.000098>
1914625 1790393054.190303 tgkill(1914624, 1914690, SIGURG) = 0 <0.000046>
1914690 1790393054.190400 --- SIGURG {si_signo=SIGURG, si_code=SI_TKILL, si_pid=1914624, si_uid=1000} ---
1914625 1790393054.215281 tgkill(1914624, 1914690, SIGURG <unfinished ...>
1914690 1790393054.215372 --- SIGURG {si_signo=SIGURG, si_code=SI_TKILL, si_pid=1914624, si_uid=1000} ---
1914625 1790393054.215402 <... tgkill resumed>) = 0 <0.000096>
1914625 1790393054.226117 tgkill(1914624, 1914690, SIGURG <unfinished ...>
1914690 1790393054.226208 --- SIGURG {si_signo=SIGURG, si_code=SI_TKILL, si_pid=1914624, si_uid=1000} ---
1914625 1790393054.226248 <... tgkill resumed>) = 0 <0.000116>
1914625 1790393054.240596 tgkill(1914624, 1914690, SIGURG) = 0 <0.000057>
1914690 1790393054.240701 --- SIGURG {si_signo=SIGURG, si_code=SI_TKILL, si_pid=1914624, si_uid=1000} ---
1914625 1790393054.262346 tgkill(1914624, 1914690, SIGURG <unfinished ...>
1914690 1790393054.262441 --- SIGURG {si_signo=SIGURG, si_code=SI_TKILL, si_pid=1914624, si_uid=1000} ---
1914625 1790393054.262546 <... tgkill resumed>) = 0 <0.000184>
1914625 1790393054.273888 tgkill(1914624, 1914690, SIGURG) = 0 <0.000064>
1914690 1790393054.273986 --- SIGURG {si_signo=SIGURG, si_code=SI_TKILL, si_pid=1914624, si_uid=1000} ---
1914629 1790393054.284082 connect(10, {sa_family=AF_UNIX, sun_path="<LAB>/w/hoveld.sock"}, 33) = 0 <0.000079>
1914692 1790393054.292237 connect(7, {sa_family=AF_UNIX, sun_path="<LAB>/w/hoveld.sock"}, 33) = 0 <0.000091>
1914625 1790393054.297799 tgkill(1914624, 1914692, SIGURG) = 0 <0.000057>
1914692 1790393054.297892 --- SIGURG {si_signo=SIGURG, si_code=SI_TKILL, si_pid=1914624, si_uid=1000} ---
1914689 1790393054.303556 connect(11, {sa_family=AF_UNIX, sun_path="<LAB>/w/hoveld.sock"}, 33) = 0 <0.000091>
1914629 1790393054.323612 connect(10, {sa_family=AF_UNIX, sun_path="<LAB>/w/hoveld.sock"}, 33) = 0 <0.000090>
1914629 1790393054.331422 connect(7, {sa_family=AF_UNIX, sun_path="<LAB>/w/hoveld.sock"}, 33) = 0 <0.000081>
1914625 1790393054.334194 tgkill(1914624, 1914629, SIGURG) = 0 <0.000112>
1914629 1790393054.334384 --- SIGURG {si_signo=SIGURG, si_code=SI_TKILL, si_pid=1914624, si_uid=1000} ---
1914692 1790393054.342523 connect(11, {sa_family=AF_UNIX, sun_path="<LAB>/w/hoveld.sock"}, 33) = 0 <0.000106>
1914625 1790393054.344819 tgkill(1914624, 1914692, SIGURG) = 0 <0.000058>
1914692 1790393054.344967 --- SIGURG {si_signo=SIGURG, si_code=SI_TKILL, si_pid=1914624, si_uid=1000} ---
1914689 1790393054.362409 connect(10, {sa_family=AF_UNIX, sun_path="<LAB>/w/hoveld.sock"}, 33) = 0 <0.000089>
1914692 1790393054.370519 connect(7, {sa_family=AF_UNIX, sun_path="<LAB>/w/hoveld.sock"}, 33) = 0 <0.000091>
1914625 1790393054.379405 tgkill(1914624, 1914692, SIGURG) = 0 <0.000047>
1914692 1790393054.379510 --- SIGURG {si_signo=SIGURG, si_code=SI_TKILL, si_pid=1914624, si_uid=1000} ---
1914690 1790393054.382075 connect(11, {sa_family=AF_UNIX, sun_path="<LAB>/w/hoveld.sock"}, 33) = 0 <0.000096>
1914625 1790393054.402336 tgkill(1914624, 1914689, SIGURG) = 0 <0.000067>
1914689 1790393054.402446 --- SIGURG {si_signo=SIGURG, si_code=SI_TKILL, si_pid=1914624, si_uid=1000} ---
1914692 1790393054.402644 connect(10, {sa_family=AF_UNIX, sun_path="<LAB>/w/hoveld.sock"}, 33) = 0 <0.000081>
1914690 1790393054.411222 connect(7, {sa_family=AF_UNIX, sun_path="<LAB>/w/hoveld.sock"}, 33) = 0 <0.000088>
1914690 1790393054.422774 connect(11, {sa_family=AF_UNIX, sun_path="<LAB>/w/hoveld.sock"}, 33) = 0 <0.000088>
1914625 1790393054.427590 tgkill(1914624, 1914690, SIGURG) = 0 <0.000076>
1914690 1790393054.427715 --- SIGURG {si_signo=SIGURG, si_code=SI_TKILL, si_pid=1914624, si_uid=1000} ---
1914625 1790393054.442712 tgkill(1914624, 1914692, SIGURG <unfinished ...>
1914692 1790393054.442749 connect(10, {sa_family=AF_UNIX, sun_path="<LAB>/w/hoveld.sock"}, 33 <unfinished ...>
1914625 1790393054.442788 <... tgkill resumed>) = 0 <0.000059>
1914692 1790393054.442856 <... connect resumed>) = 0 <0.000086>
1914692 1790393054.442913 --- SIGURG {si_signo=SIGURG, si_code=SI_TKILL, si_pid=1914624, si_uid=1000} ---
1914692 1790393054.450666 connect(7, {sa_family=AF_UNIX, sun_path="<LAB>/w/hoveld.sock"}, 33) = 0 <0.000103>
1914625 1790393054.456479 tgkill(1914624, 1914692, SIGURG) = 0 <0.000070>
1914692 1790393054.456646 --- SIGURG {si_signo=SIGURG, si_code=SI_TKILL, si_pid=1914624, si_uid=1000} ---
1914692 1790393054.462116 connect(11, {sa_family=AF_UNIX, sun_path="<LAB>/w/hoveld.sock"}, 33) = 0 <0.000118>
1914689 1790393054.483344 connect(10, {sa_family=AF_UNIX, sun_path="<LAB>/w/hoveld.sock"}, 33) = 0 <0.000090>
1914628 1790393054.487311 tgkill(1914624, 1914689, SIGURG) = 0 <0.000145>
1914626 1790393054.487676 clone3({flags=CLONE_VM|CLONE_FS|CLONE_FILES|CLONE_SIGHAND|CLONE_THREAD|CLONE_SYSVSEM|CLONE_SETTLS|CLONE_PARENT_SETTID|CLONE_CHILD_CLEARTID, child_tid=0x7391e6ffdce8, parent_tid=0x7391e6ffd990, exit_signal=0, stack=0x7391e67fd000, stack_size=0x7fff80, tls=0x7391e6ffd6c0} <unfinished ...>
1914689 1790393054.487735 --- SIGURG {si_signo=SIGURG, si_code=SI_TKILL, si_pid=1914624, si_uid=1000} ---
1914626 1790393054.488067 <... clone3 resumed> => {parent_tid=[1914743]}, 88) = 1914743 <0.000362>
1914628 1790393054.488375 tgkill(1914624, 1914689, SIGURG) = 0 <0.000144>
1914689 1790393054.488630 --- SIGURG {si_signo=SIGURG, si_code=SI_TKILL, si_pid=1914624, si_uid=1000} ---
1914686 1790393054.488772 tgkill(1914624, 1914628, SIGURG) = 0 <0.000089>
1914628 1790393054.488997 --- SIGURG {si_signo=SIGURG, si_code=SI_TKILL, si_pid=1914624, si_uid=1000} ---
1914743 1790393054.496340 connect(7, {sa_family=AF_UNIX, sun_path="<LAB>/w/hoveld.sock"}, 33) = 0 <0.000091>
1914743 1790393054.507632 connect(11, {sa_family=AF_UNIX, sun_path="<LAB>/w/hoveld.sock"}, 33) = 0 <0.000090>
1914625 1790393054.508291 tgkill(1914624, 1914743, SIGURG) = 0 <0.000056>
1914743 1790393054.508433 --- SIGURG {si_signo=SIGURG, si_code=SI_TKILL, si_pid=1914624, si_uid=1000} ---
1914625 1790393054.527586 tgkill(1914624, 1914692, SIGURG <unfinished ...>
1914692 1790393054.527627 connect(10, {sa_family=AF_UNIX, sun_path="<LAB>/w/hoveld.sock"}, 33 <unfinished ...>
1914625 1790393054.527685 <... tgkill resumed>) = 0 <0.000078>
1914692 1790393054.527724 <... connect resumed>) = 0 <0.000077>
1914692 1790393054.527799 --- SIGURG {si_signo=SIGURG, si_code=SI_TKILL, si_pid=1914624, si_uid=1000} ---
1914743 1790393054.535817 connect(7, {sa_family=AF_UNIX, sun_path="<LAB>/w/hoveld.sock"}, 33) = 0 <0.000085>
1914743 1790393054.547344 connect(11, {sa_family=AF_UNIX, sun_path="<LAB>/w/hoveld.sock"}, 33) = 0 <0.000095>
1914625 1790393054.552280 tgkill(1914624, 1914743, SIGURG) = 0 <0.000052>
1914743 1790393054.552374 --- SIGURG {si_signo=SIGURG, si_code=SI_TKILL, si_pid=1914624, si_uid=1000} ---
1914625 1790393054.567122 tgkill(1914624, 1914692, SIGURG) = 0 <0.000103>
1914692 1790393054.567270 --- SIGURG {si_signo=SIGURG, si_code=SI_TKILL, si_pid=1914624, si_uid=1000} ---
1914626 1790393054.567639 connect(10, {sa_family=AF_UNIX, sun_path="<LAB>/w/hoveld.sock"}, 33) = 0 <0.000091>
1914743 1790393054.575908 connect(7, {sa_family=AF_UNIX, sun_path="<LAB>/w/hoveld.sock"}, 33) = 0 <0.000089>
1914743 1790393054.587679 connect(11, {sa_family=AF_UNIX, sun_path="<LAB>/w/hoveld.sock"}, 33) = 0 <0.000097>
1914626 1790393054.608680 connect(10, {sa_family=AF_UNIX, sun_path="<LAB>/w/hoveld.sock"}, 33) = 0 <0.000093>
1914625 1790393054.613035 tgkill(1914624, 1914626, SIGURG) = 0 <0.000046>
1914626 1790393054.613152 --- SIGURG {si_signo=SIGURG, si_code=SI_TKILL, si_pid=1914624, si_uid=1000} ---
1914628 1790393054.617270 connect(7, {sa_family=AF_UNIX, sun_path="<LAB>/w/hoveld.sock"}, 33) = 0 <0.000082>
1914625 1790393054.623720 tgkill(1914624, 1914628, SIGURG) = 0 <0.000047>
1914628 1790393054.623806 --- SIGURG {si_signo=SIGURG, si_code=SI_TKILL, si_pid=1914624, si_uid=1000} ---
1914628 1790393054.628991 connect(11, {sa_family=AF_UNIX, sun_path="<LAB>/w/hoveld.sock"}, 33) = 0 <0.000085>
1914625 1790393054.649223 tgkill(1914624, 1914743, SIGURG) = 0 <0.000089>
1914743 1790393054.649369 --- SIGURG {si_signo=SIGURG, si_code=SI_TKILL, si_pid=1914624, si_uid=1000} ---
1914628 1790393054.651935 connect(11, {sa_family=AF_UNIX, sun_path="<LAB>/w/hoveld.sock"}, 33) = 0 <0.000087>
1914625 1790393054.664264 tgkill(1914624, 1914743, SIGURG) = 0 <0.000077>
1914743 1790393054.664387 --- SIGURG {si_signo=SIGURG, si_code=SI_TKILL, si_pid=1914624, si_uid=1000} ---
1914743 1790393054.667904 waitid(P_PIDFD, 13, 0x24ffa5d3c840, WEXITED, NULL) = -1 ECHILD (No child processes) <0.000062>
1914743 1790393054.668069 pidfd_send_signal(13, 0, NULL, 0) = 0 <0.000067>
1914743 1790393054.668228 clone(child_stack=NULL, flags=CLONE_VM|CLONE_PIDFD|CLONE_VFORK <unfinished ...>
1914744 1790393054.668388 exit_group(0) = ?
1914744 1790393054.668577 +++ exited with 0 +++
1914743 1790393054.668595 <... clone resumed>, parent_tid=[14]) = 1914744 <0.000350>
1914743 1790393054.668656 waitid(P_PIDFD, 14, {si_signo=SIGCHLD, si_code=CLD_EXITED, si_pid=1914744, si_uid=1000, si_status=0, si_utime=0, si_stime=0}, WEXITED|__WCLONE, NULL) = 0 <0.000076>
1914743 1790393054.670000 clone(child_stack=NULL, flags=CLONE_VM|CLONE_PIDFD|CLONE_VFORK|SIGCHLD <unfinished ...>
1914745 1790393054.677926 execve("<LAB>/cache/burrow/hovel/0.4.2/hovel", ["<LAB>/cache/burrow/ho"..., "run", "--workspace", "<LAB>/w", "--op", "burrow-22UWDJZRQZ7UWSLNMU7TTPUSQ"..., "--chain", "request", "--", "throw", "--now", "--allow-dangerous", "--json"], 0x24ffa56426c8 /* 66 vars */ <unfinished ...>
1914743 1790393054.678115 <... clone resumed>, parent_tid=[15]) = 1914745 <0.008099>
1914745 1790393054.678198 <... execve resumed>) = 0 <0.000229>
1914743 1790393054.679491 waitid(P_PIDFD, 15 <unfinished ...>
1914745 1790393054.702179 clone(child_stack=0x106d7f4c8000, flags=CLONE_VM|CLONE_FS|CLONE_FILES|CLONE_SIGHAND|CLONE_THREAD|CLONE_SYSVSEM|CLONE_SETTLS, tls=0x106d7f554090) = 1914746 <0.000166>
1914745 1790393054.702709 clone(child_stack=0x106d7f570000, flags=CLONE_VM|CLONE_FS|CLONE_FILES|CLONE_SIGHAND|CLONE_THREAD|CLONE_SYSVSEM|CLONE_SETTLS, tls=0x106d7f554890) = 1914747 <0.000158>
1914745 1790393054.703157 clone(child_stack=0x106d7f56c000, flags=CLONE_VM|CLONE_FS|CLONE_FILES|CLONE_SIGHAND|CLONE_THREAD|CLONE_SYSVSEM|CLONE_SETTLS, tls=0x106d7f555090) = 1914748 <0.000239>
1914747 1790393054.703878 clone(child_stack=0x106d7f598000, flags=CLONE_VM|CLONE_FS|CLONE_FILES|CLONE_SIGHAND|CLONE_THREAD|CLONE_SYSVSEM|CLONE_SETTLS, tls=0x106d7f580090) = 1914749 <0.000188>
1914746 1790393054.757602 tgkill(1914745, 1914745, SIGURG) = 0 <0.000051>
1914745 1790393054.757700 --- SIGURG {si_signo=SIGURG, si_code=SI_TKILL, si_pid=1914745, si_uid=1000} ---
1914746 1790393054.758072 tgkill(1914745, 1914745, SIGURG) = 0 <0.000057>
1914745 1790393054.758159 --- SIGURG {si_signo=SIGURG, si_code=SI_TKILL, si_pid=1914745, si_uid=1000} ---
1914746 1790393054.783832 tgkill(1914745, 1914745, SIGURG) = 0 <0.000070>
1914745 1790393054.783950 --- SIGURG {si_signo=SIGURG, si_code=SI_TKILL, si_pid=1914745, si_uid=1000} ---
1914746 1790393054.810368 tgkill(1914745, 1914745, SIGURG) = 0 <0.000066>
1914745 1790393054.810480 --- SIGURG {si_signo=SIGURG, si_code=SI_TKILL, si_pid=1914745, si_uid=1000} ---
1914746 1790393054.934696 tgkill(1914745, 1914745, SIGURG) = 0 <0.000063>
1914745 1790393054.934816 --- SIGURG {si_signo=SIGURG, si_code=SI_TKILL, si_pid=1914745, si_uid=1000} ---
1914746 1790393055.024228 tgkill(1914745, 1914745, SIGURG) = 0 <0.000055>
1914745 1790393055.024437 --- SIGURG {si_signo=SIGURG, si_code=SI_TKILL, si_pid=1914745, si_uid=1000} ---
1914747 1790393055.034699 clone(child_stack=0x106d7f910000, flags=CLONE_VM|CLONE_FS|CLONE_FILES|CLONE_SIGHAND|CLONE_THREAD|CLONE_SYSVSEM|CLONE_SETTLS, tls=0x106d7f555890) = 1914750 <0.000172>
1914745 1790393055.047005 clone(child_stack=0x106d7f90c000, flags=CLONE_VM|CLONE_FS|CLONE_FILES|CLONE_SIGHAND|CLONE_THREAD|CLONE_SYSVSEM|CLONE_SETTLS, tls=0x106d7f99c090) = 1914751 <0.000183>
1914745 1790393055.047561 clone(child_stack=0x106d7f9bc000, flags=CLONE_VM|CLONE_FS|CLONE_FILES|CLONE_SIGHAND|CLONE_THREAD|CLONE_SYSVSEM|CLONE_SETTLS, tls=0x106d7f99c890) = 1914752 <0.000183>
1914745 1790393055.048146 clone(child_stack=0x106d7f9b8000, flags=CLONE_VM|CLONE_FS|CLONE_FILES|CLONE_SIGHAND|CLONE_THREAD|CLONE_SYSVSEM|CLONE_SETTLS <unfinished ...>
1914751 1790393055.048266 clone(child_stack=0x106d7fa18000, flags=CLONE_VM|CLONE_FS|CLONE_FILES|CLONE_SIGHAND|CLONE_THREAD|CLONE_SYSVSEM|CLONE_SETTLS <unfinished ...>
1914745 1790393055.048355 <... clone resumed>, tls=0x106d7f99d090) = 1914753 <0.000194>
1914751 1790393055.048533 <... clone resumed>, tls=0x106d7fa00090) = 1914754 <0.000254>
1914745 1790393055.049009 clone(child_stack=0x106d7fa14000, flags=CLONE_VM|CLONE_FS|CLONE_FILES|CLONE_SIGHAND|CLONE_THREAD|CLONE_SYSVSEM|CLONE_SETTLS <unfinished ...>
1914751 1790393055.049165 tgkill(1914745, 1914745, SIGURG) = 0 <0.000071>
1914745 1790393055.049270 <... clone resumed>, tls=0x106d7f99d890) = 1914755 <0.000247>
1914745 1790393055.049543 --- SIGURG {si_signo=SIGURG, si_code=SI_TKILL, si_pid=1914745, si_uid=1000} ---
1914751 1790393055.049935 tgkill(1914745, 1914745, SIGURG) = 0 <0.000044>
1914745 1790393055.050033 --- SIGURG {si_signo=SIGURG, si_code=SI_TKILL, si_pid=1914745, si_uid=1000} ---
1914751 1790393055.050320 tgkill(1914745, 1914745, SIGURG) = 0 <0.000056>
1914745 1790393055.050626 --- SIGURG {si_signo=SIGURG, si_code=SI_TKILL, si_pid=1914745, si_uid=1000} ---
1914751 1790393055.050889 tgkill(1914745, 1914745, SIGURG) = 0 <0.000059>
1914745 1790393055.051004 --- SIGURG {si_signo=SIGURG, si_code=SI_TKILL, si_pid=1914745, si_uid=1000} ---
1914751 1790393055.051258 tgkill(1914745, 1914745, SIGURG) = 0 <0.000057>
1914745 1790393055.051402 --- SIGURG {si_signo=SIGURG, si_code=SI_TKILL, si_pid=1914745, si_uid=1000} ---
1914751 1790393055.051640 tgkill(1914745, 1914745, SIGURG) = 0 <0.000047>
1914745 1790393055.051802 --- SIGURG {si_signo=SIGURG, si_code=SI_TKILL, si_pid=1914745, si_uid=1000} ---
1914751 1790393055.052931 tgkill(1914745, 1914745, SIGURG) = 0 <0.000059>
1914745 1790393055.053047 --- SIGURG {si_signo=SIGURG, si_code=SI_TKILL, si_pid=1914745, si_uid=1000} ---
1914751 1790393055.053741 tgkill(1914745, 1914745, SIGURG) = 0 <0.000059>
1914745 1790393055.053918 --- SIGURG {si_signo=SIGURG, si_code=SI_TKILL, si_pid=1914745, si_uid=1000} ---
1914751 1790393055.054971 tgkill(1914745, 1914745, SIGURG) = 0 <0.000060>
1914745 1790393055.055089 --- SIGURG {si_signo=SIGURG, si_code=SI_TKILL, si_pid=1914745, si_uid=1000} ---
1914751 1790393055.056215 tgkill(1914745, 1914745, SIGURG) = 0 <0.000082>
1914745 1790393055.056348 --- SIGURG {si_signo=SIGURG, si_code=SI_TKILL, si_pid=1914745, si_uid=1000} ---
1914755 1790393055.060367 tgkill(1914745, 1914745, SIGURG) = 0 <0.000077>
1914752 1790393055.060485 clone(child_stack=0x106d7f8b0000, flags=CLONE_VM|CLONE_FS|CLONE_FILES|CLONE_SIGHAND|CLONE_THREAD|CLONE_SYSVSEM|CLONE_SETTLS, tls=0x106d7fa00890) = 1914756 <0.000138>
1914745 1790393055.060683 --- SIGURG {si_signo=SIGURG, si_code=SI_TKILL, si_pid=1914745, si_uid=1000} ---
1914755 1790393055.060977 tgkill(1914745, 1914745, SIGURG) = 0 <0.000077>
1914745 1790393055.061203 --- SIGURG {si_signo=SIGURG, si_code=SI_TKILL, si_pid=1914745, si_uid=1000} ---
1914755 1790393055.061445 tgkill(1914745, 1914745, SIGURG) = 0 <0.000072>
1914745 1790393055.061612 --- SIGURG {si_signo=SIGURG, si_code=SI_TKILL, si_pid=1914745, si_uid=1000} ---
1914755 1790393055.061871 tgkill(1914745, 1914745, SIGURG) = 0 <0.000082>
1914745 1790393055.062084 --- SIGURG {si_signo=SIGURG, si_code=SI_TKILL, si_pid=1914745, si_uid=1000} ---
1914755 1790393055.062333 tgkill(1914745, 1914745, SIGURG) = 0 <0.000059>
1914745 1790393055.062510 --- SIGURG {si_signo=SIGURG, si_code=SI_TKILL, si_pid=1914745, si_uid=1000} ---
1914755 1790393055.062701 tgkill(1914745, 1914745, SIGURG) = 0 <0.000060>
1914745 1790393055.062881 --- SIGURG {si_signo=SIGURG, si_code=SI_TKILL, si_pid=1914745, si_uid=1000} ---
1914755 1790393055.063082 tgkill(1914745, 1914745, SIGURG) = 0 <0.000085>
1914745 1790393055.063260 --- SIGURG {si_signo=SIGURG, si_code=SI_TKILL, si_pid=1914745, si_uid=1000} ---
1914755 1790393055.064524 tgkill(1914745, 1914745, SIGURG) = 0 <0.000076>
1914745 1790393055.064640 --- SIGURG {si_signo=SIGURG, si_code=SI_TKILL, si_pid=1914745, si_uid=1000} ---
1914755 1790393055.065727 tgkill(1914745, 1914745, SIGURG) = 0 <0.000068>
1914745 1790393055.065858 --- SIGURG {si_signo=SIGURG, si_code=SI_TKILL, si_pid=1914745, si_uid=1000} ---
1914755 1790393055.066414 tgkill(1914745, 1914745, SIGURG) = 0 <0.000058>
1914745 1790393055.066604 --- SIGURG {si_signo=SIGURG, si_code=SI_TKILL, si_pid=1914745, si_uid=1000} ---
1914752 1790393055.072554 tgkill(1914745, 1914745, SIGURG) = 0 <0.000110>
1914745 1790393055.072841 --- SIGURG {si_signo=SIGURG, si_code=SI_TKILL, si_pid=1914745, si_uid=1000} ---
1914752 1790393055.073237 tgkill(1914745, 1914745, SIGURG <unfinished ...>
1914749 1790393055.073269 tgkill(1914745, 1914753, SIGURG <unfinished ...>
1914754 1790393055.073304 clone(child_stack=0x106d7f8ac000, flags=CLONE_VM|CLONE_FS|CLONE_FILES|CLONE_SIGHAND|CLONE_THREAD|CLONE_SYSVSEM|CLONE_SETTLS <unfinished ...>
1914752 1790393055.073368 <... tgkill resumed>) = 0 <0.000118>
1914749 1790393055.073461 <... tgkill resumed>) = 0 <0.000179>
1914753 1790393055.073546 --- SIGURG {si_signo=SIGURG, si_code=SI_TKILL, si_pid=1914745, si_uid=1000} ---
1914745 1790393055.073577 --- SIGURG {si_signo=SIGURG, si_code=SI_TKILL, si_pid=1914745, si_uid=1000} ---
1914754 1790393055.073638 <... clone resumed>, tls=0x106d7f9ce090) = 1914757 <0.000321>
1914752 1790393055.074010 tgkill(1914745, 1914745, SIGURG) = 0 <0.000086>
1914745 1790393055.074318 --- SIGURG {si_signo=SIGURG, si_code=SI_TKILL, si_pid=1914745, si_uid=1000} ---
1914752 1790393055.074705 tgkill(1914745, 1914745, SIGURG) = 0 <0.000069>
1914745 1790393055.074798 --- SIGURG {si_signo=SIGURG, si_code=SI_TKILL, si_pid=1914745, si_uid=1000} ---
1914752 1790393055.075143 tgkill(1914745, 1914745, SIGURG) = 0 <0.000059>
1914745 1790393055.075405 --- SIGURG {si_signo=SIGURG, si_code=SI_TKILL, si_pid=1914745, si_uid=1000} ---
1914752 1790393055.076463 tgkill(1914745, 1914745, SIGURG) = 0 <0.000091>
1914745 1790393055.076614 --- SIGURG {si_signo=SIGURG, si_code=SI_TKILL, si_pid=1914745, si_uid=1000} ---
1914745 1790393055.079836 clone(child_stack=0x106d7f594000, flags=CLONE_VM|CLONE_FS|CLONE_FILES|CLONE_SIGHAND|CLONE_THREAD|CLONE_SYSVSEM|CLONE_SETTLS, tls=0x106d7f9cf890) = 1914758 <0.000203>
1914752 1790393055.093325 connect(6, {sa_family=AF_UNIX, sun_path="<LAB>/w/hoveld.sock"}, 33) = 0 <0.000093>
1914754 1790393055.097417 connect(6, {sa_family=AF_UNIX, sun_path="<LAB>/w/hoveld.sock"}, 33) = 0 <0.000099>
1914747 1790393055.100495 clone(child_stack=0x106d7fa6c000, flags=CLONE_VM|CLONE_FS|CLONE_FILES|CLONE_SIGHAND|CLONE_THREAD|CLONE_SYSVSEM|CLONE_SETTLS, tls=0x106d7f7e8890) = 1914759 <0.000266>
1914751 1790393055.101038 tgkill(1914745, 1914757, SIGURG <unfinished ...>
1914757 1790393055.101211 --- SIGURG {si_signo=SIGURG, si_code=SI_TKILL, si_pid=1914745, si_uid=1000} ---
1914751 1790393055.101243 <... tgkill resumed>) = 0 <0.000192>
1914751 1790393055.101546 tgkill(1914745, 1914757, SIGURG) = 0 <0.000060>
1914757 1790393055.101786 --- SIGURG {si_signo=SIGURG, si_code=SI_TKILL, si_pid=1914745, si_uid=1000} ---
1914751 1790393055.102143 tgkill(1914745, 1914757, SIGURG) = 0 <0.000105>
1914757 1790393055.102302 --- SIGURG {si_signo=SIGURG, si_code=SI_TKILL, si_pid=1914745, si_uid=1000} ---
1914757 1790393055.424162 waitid(P_PIDFD, 13, 0x106d7fbcb650, WEXITED, NULL) = -1 ECHILD (No child processes) <0.000056>
1914757 1790393055.424306 pidfd_send_signal(13, 0, NULL, 0) = 0 <0.000057>
1914757 1790393055.424456 clone(child_stack=NULL, flags=CLONE_VM|CLONE_PIDFD|CLONE_VFORK <unfinished ...>
1914776 1790393055.424696 exit_group(0) = ?
1914776 1790393055.424840 +++ exited with 0 +++
1914757 1790393055.424855 <... clone resumed>, parent_tid=[14]) = 1914776 <0.000383>
1914757 1790393055.424941 waitid(P_PIDFD, 14, {si_signo=SIGCHLD, si_code=CLD_EXITED, si_pid=1914776, si_uid=1000, si_status=0, si_utime=0, si_stime=0}, WEXITED|__WCLONE, NULL) = 0 <0.000081>
1914757 1790393055.426507 clone(child_stack=NULL, flags=CLONE_VM|CLONE_PIDFD|CLONE_VFORK|SIGCHLD <unfinished ...>
1914746 1790393055.427008 tgkill(1914745, 1914757, SIGURG) = 0 <0.000041>
1914777 1790393055.433774 execve("<LAB>/cache/burrow/modules/88c67f76be5bf6c701d9182d7520f9573a8b42b0c31b59f1986c735400d2ea2a/7c595f72824b93d64bc29333d425d49220b3a34fe4422bfe3799187f891be5a4/burrow", ["<LAB>/cache/burrow/mo"..., "module"], 0x106d7f973448 /* 66 vars */ <unfinished ...>
1914757 1790393055.433946 <... clone resumed>, parent_tid=[15]) = 1914777 <0.007423>
1914777 1790393055.434025 <... execve resumed>) = 0 <0.000224>
1914757 1790393055.434130 --- SIGURG {si_signo=SIGURG, si_code=SI_TKILL, si_pid=1914745, si_uid=1000} ---
1914777 1790393055.466824 clone3({flags=CLONE_VM|CLONE_FS|CLONE_FILES|CLONE_SIGHAND|CLONE_THREAD|CLONE_SYSVSEM|CLONE_SETTLS|CLONE_PARENT_SETTID|CLONE_CHILD_CLEARTID, child_tid=0x7b487ba5fce8, parent_tid=0x7b487ba5f990, exit_signal=0, stack=0x7b487b25f000, stack_size=0x7fff80, tls=0x7b487ba5f6c0} => {parent_tid=[1914778]}, 88) = 1914778 <0.000214>
1914777 1790393055.467928 clone3({flags=CLONE_VM|CLONE_FS|CLONE_FILES|CLONE_SIGHAND|CLONE_THREAD|CLONE_SYSVSEM|CLONE_SETTLS|CLONE_PARENT_SETTID|CLONE_CHILD_CLEARTID, child_tid=0x7b4873fffce8, parent_tid=0x7b4873fff990, exit_signal=0, stack=0x7b48737ff000, stack_size=0x7fff80, tls=0x7b4873fff6c0} => {parent_tid=[1914779]}, 88) = 1914779 <0.000201>
1914777 1790393055.469073 clone3({flags=CLONE_VM|CLONE_FS|CLONE_FILES|CLONE_SIGHAND|CLONE_THREAD|CLONE_SYSVSEM|CLONE_SETTLS|CLONE_PARENT_SETTID|CLONE_CHILD_CLEARTID, child_tid=0x7b487b25ece8, parent_tid=0x7b487b25e990, exit_signal=0, stack=0x7b487aa5e000, stack_size=0x7fff80, tls=0x7b487b25e6c0} => {parent_tid=[1914780]}, 88) = 1914780 <0.000211>
1914779 1790393055.470148 clone3({flags=CLONE_VM|CLONE_FS|CLONE_FILES|CLONE_SIGHAND|CLONE_THREAD|CLONE_SYSVSEM|CLONE_SETTLS|CLONE_PARENT_SETTID|CLONE_CHILD_CLEARTID, child_tid=0x7b487aa5dce8, parent_tid=0x7b487aa5d990, exit_signal=0, stack=0x7b487a25d000, stack_size=0x7fff80, tls=0x7b487aa5d6c0} => {parent_tid=[1914781]}, 88) = 1914781 <0.000155>
1914777 1790393055.471506 clone3({flags=CLONE_VM|CLONE_FS|CLONE_FILES|CLONE_SIGHAND|CLONE_THREAD|CLONE_SYSVSEM|CLONE_SETTLS|CLONE_PARENT_SETTID|CLONE_CHILD_CLEARTID, child_tid=0x7b487a25cce8, parent_tid=0x7b487a25c990, exit_signal=0, stack=0x7b4879a5c000, stack_size=0x7fff80, tls=0x7b487a25c6c0} => {parent_tid=[1914782]}, 88) = 1914782 <0.000278>
1914778 1790393055.502928 tgkill(1914777, 1914777, SIGURG) = 0 <0.000060>
1914777 1790393055.503030 --- SIGURG {si_signo=SIGURG, si_code=SI_TKILL, si_pid=1914777, si_uid=1000} ---
1914778 1790393055.570599 tgkill(1914777, 1914777, SIGURG) = 0 <0.000076>
1914777 1790393055.570734 --- SIGURG {si_signo=SIGURG, si_code=SI_TKILL, si_pid=1914777, si_uid=1000} ---
1914778 1790393055.720052 tgkill(1914777, 1914777, SIGURG) = 0 <0.000065>
1914777 1790393055.720158 --- SIGURG {si_signo=SIGURG, si_code=SI_TKILL, si_pid=1914777, si_uid=1000} ---
1914778 1790393055.802065 tgkill(1914777, 1914777, SIGURG) = 0 <0.000070>
1914777 1790393055.802175 --- SIGURG {si_signo=SIGURG, si_code=SI_TKILL, si_pid=1914777, si_uid=1000} ---
1914781 1790393055.806141 clone3({flags=CLONE_VM|CLONE_FS|CLONE_FILES|CLONE_SIGHAND|CLONE_THREAD|CLONE_SYSVSEM|CLONE_SETTLS|CLONE_PARENT_SETTID|CLONE_CHILD_CLEARTID, child_tid=0x7b48799dbce8, parent_tid=0x7b48799db990, exit_signal=0, stack=0x7b48791db000, stack_size=0x7fff80, tls=0x7b48799db6c0} => {parent_tid=[1914785]}, 88) = 1914785 <0.000162>
1914777 1790393055.819617 clone3({flags=CLONE_VM|CLONE_FS|CLONE_FILES|CLONE_SIGHAND|CLONE_THREAD|CLONE_SYSVSEM|CLONE_SETTLS|CLONE_PARENT_SETTID|CLONE_CHILD_CLEARTID, child_tid=0x7b48791dace8, parent_tid=0x7b48791da990, exit_signal=0, stack=0x7b48789da000, stack_size=0x7fff80, tls=0x7b48791da6c0} => {parent_tid=[1914786]}, 88) = 1914786 <0.000213>
1914777 1790393055.821018 clone3({flags=CLONE_VM|CLONE_FS|CLONE_FILES|CLONE_SIGHAND|CLONE_THREAD|CLONE_SYSVSEM|CLONE_SETTLS|CLONE_PARENT_SETTID|CLONE_CHILD_CLEARTID, child_tid=0x7b48789d9ce8, parent_tid=0x7b48789d9990, exit_signal=0, stack=0x7b48781d9000, stack_size=0x7fff80, tls=0x7b48789d96c0} => {parent_tid=[1914787]}, 88) = 1914787 <0.000178>
1914786 1790393055.821831 clone3({flags=CLONE_VM|CLONE_FS|CLONE_FILES|CLONE_SIGHAND|CLONE_THREAD|CLONE_SYSVSEM|CLONE_SETTLS|CLONE_PARENT_SETTID|CLONE_CHILD_CLEARTID, child_tid=0x7b48737fece8, parent_tid=0x7b48737fe990, exit_signal=0, stack=0x7b4872ffe000, stack_size=0x7fff80, tls=0x7b48737fe6c0} => {parent_tid=[1914788]}, 88) = 1914788 <0.000262>
1914777 1790393055.822389 clone3({flags=CLONE_VM|CLONE_FS|CLONE_FILES|CLONE_SIGHAND|CLONE_THREAD|CLONE_SYSVSEM|CLONE_SETTLS|CLONE_PARENT_SETTID|CLONE_CHILD_CLEARTID, child_tid=0x7b4872ffdce8, parent_tid=0x7b4872ffd990, exit_signal=0, stack=0x7b48727fd000, stack_size=0x7fff80, tls=0x7b4872ffd6c0} => {parent_tid=[1914789]}, 88) = 1914789 <0.000247>
1914786 1790393055.822726 tgkill(1914777, 1914777, SIGURG) = 0 <0.000129>
1914777 1790393055.823164 --- SIGURG {si_signo=SIGURG, si_code=SI_TKILL, si_pid=1914777, si_uid=1000} ---
1914786 1790393055.823525 tgkill(1914777, 1914777, SIGURG) = 0 <0.000118>
1914777 1790393055.823720 --- SIGURG {si_signo=SIGURG, si_code=SI_TKILL, si_pid=1914777, si_uid=1000} ---
1914786 1790393055.824141 tgkill(1914777, 1914777, SIGURG) = 0 <0.000047>
1914777 1790393055.824324 --- SIGURG {si_signo=SIGURG, si_code=SI_TKILL, si_pid=1914777, si_uid=1000} ---
1914786 1790393055.824693 tgkill(1914777, 1914777, SIGURG) = 0 <0.000050>
1914777 1790393055.825215 clone3({flags=CLONE_VM|CLONE_FS|CLONE_FILES|CLONE_SIGHAND|CLONE_THREAD|CLONE_SYSVSEM|CLONE_SETTLS|CLONE_PARENT_SETTID|CLONE_CHILD_CLEARTID, child_tid=0x7b48727fcce8, parent_tid=0x7b48727fc990, exit_signal=0, stack=0x7b4871ffc000, stack_size=0x7fff80, tls=0x7b48727fc6c0} => {parent_tid=[1914790]}, 88) = 1914790 <0.000195>
1914777 1790393055.825744 --- SIGURG {si_signo=SIGURG, si_code=SI_TKILL, si_pid=1914777, si_uid=1000} ---
1914786 1790393055.826030 tgkill(1914777, 1914777, SIGURG) = 0 <0.000099>
1914777 1790393055.826206 --- SIGURG {si_signo=SIGURG, si_code=SI_TKILL, si_pid=1914777, si_uid=1000} ---
1914786 1790393055.826550 tgkill(1914777, 1914777, SIGURG) = 0 <0.000062>
1914777 1790393055.826825 --- SIGURG {si_signo=SIGURG, si_code=SI_TKILL, si_pid=1914777, si_uid=1000} ---
1914786 1790393055.827097 tgkill(1914777, 1914777, SIGURG) = 0 <0.000043>
1914777 1790393055.827229 --- SIGURG {si_signo=SIGURG, si_code=SI_TKILL, si_pid=1914777, si_uid=1000} ---
1914786 1790393055.827437 tgkill(1914777, 1914777, SIGURG) = 0 <0.000075>
1914777 1790393055.827656 --- SIGURG {si_signo=SIGURG, si_code=SI_TKILL, si_pid=1914777, si_uid=1000} ---
1914786 1790393055.827901 tgkill(1914777, 1914777, SIGURG) = 0 <0.000054>
1914777 1790393055.828009 --- SIGURG {si_signo=SIGURG, si_code=SI_TKILL, si_pid=1914777, si_uid=1000} ---
1914786 1790393055.828241 tgkill(1914777, 1914777, SIGURG) = 0 <0.000074>
1914777 1790393055.828400 --- SIGURG {si_signo=SIGURG, si_code=SI_TKILL, si_pid=1914777, si_uid=1000} ---
1914786 1790393055.829426 tgkill(1914777, 1914777, SIGURG) = 0 <0.000063>
1914777 1790393055.829621 --- SIGURG {si_signo=SIGURG, si_code=SI_TKILL, si_pid=1914777, si_uid=1000} ---
1914786 1790393055.830673 tgkill(1914777, 1914777, SIGURG) = 0 <0.000054>
1914777 1790393055.830761 --- SIGURG {si_signo=SIGURG, si_code=SI_TKILL, si_pid=1914777, si_uid=1000} ---
1914786 1790393055.831894 tgkill(1914777, 1914777, SIGURG) = 0 <0.000049>
1914777 1790393055.832067 --- SIGURG {si_signo=SIGURG, si_code=SI_TKILL, si_pid=1914777, si_uid=1000} ---
1914786 1790393055.834174 tgkill(1914777, 1914777, SIGURG) = 0 <0.000078>
1914777 1790393055.834288 --- SIGURG {si_signo=SIGURG, si_code=SI_TKILL, si_pid=1914777, si_uid=1000} ---
1914789 1790393055.837518 tgkill(1914777, 1914777, SIGURG) = 0 <0.000079>
1914777 1790393055.837710 --- SIGURG {si_signo=SIGURG, si_code=SI_TKILL, si_pid=1914777, si_uid=1000} ---
1914788 1790393055.838001 tgkill(1914777, 1914789, SIGURG <unfinished ...>
1914789 1790393055.838064 tgkill(1914777, 1914777, SIGURG <unfinished ...>
1914788 1790393055.838111 <... tgkill resumed>) = 0 <0.000092>
1914789 1790393055.838143 <... tgkill resumed>) = 0 <0.000067>
1914789 1790393055.838211 --- SIGURG {si_signo=SIGURG, si_code=SI_TKILL, si_pid=1914777, si_uid=1000} ---
1914787 1790393055.838250 clone3({flags=CLONE_VM|CLONE_FS|CLONE_FILES|CLONE_SIGHAND|CLONE_THREAD|CLONE_SYSVSEM|CLONE_SETTLS|CLONE_PARENT_SETTID|CLONE_CHILD_CLEARTID, child_tid=0x7b4871ffbce8, parent_tid=0x7b4871ffb990, exit_signal=0, stack=0x7b48717fb000, stack_size=0x7fff80, tls=0x7b4871ffb6c0} <unfinished ...>
1914777 1790393055.838478 --- SIGURG {si_signo=SIGURG, si_code=SI_TKILL, si_pid=1914777, si_uid=1000} ---
1914787 1790393055.838558 <... clone3 resumed> => {parent_tid=[1914791]}, 88) = 1914791 <0.000288>
1914789 1790393055.838751 tgkill(1914777, 1914777, SIGURG) = 0 <0.000085>
1914777 1790393055.838925 --- SIGURG {si_signo=SIGURG, si_code=SI_TKILL, si_pid=1914777, si_uid=1000} ---
1914789 1790393055.839263 tgkill(1914777, 1914777, SIGURG) = 0 <0.000103>
1914777 1790393055.839446 --- SIGURG {si_signo=SIGURG, si_code=SI_TKILL, si_pid=1914777, si_uid=1000} ---
1914789 1790393055.839759 tgkill(1914777, 1914777, SIGURG) = 0 <0.000084>
1914777 1790393055.840070 --- SIGURG {si_signo=SIGURG, si_code=SI_TKILL, si_pid=1914777, si_uid=1000} ---
1914789 1790393055.840332 tgkill(1914777, 1914777, SIGURG) = 0 <0.000062>
1914777 1790393055.840435 --- SIGURG {si_signo=SIGURG, si_code=SI_TKILL, si_pid=1914777, si_uid=1000} ---
1914789 1790393055.840735 tgkill(1914777, 1914777, SIGURG) = 0 <0.000078>
1914777 1790393055.840926 --- SIGURG {si_signo=SIGURG, si_code=SI_TKILL, si_pid=1914777, si_uid=1000} ---
1914785 1790393055.841816 tgkill(1914777, 1914777, SIGURG) = 0 <0.000049>
1914777 1790393055.841966 --- SIGURG {si_signo=SIGURG, si_code=SI_TKILL, si_pid=1914777, si_uid=1000} ---
1914785 1790393055.842480 tgkill(1914777, 1914777, SIGURG) = 0 <0.000080>
1914777 1790393055.842599 --- SIGURG {si_signo=SIGURG, si_code=SI_TKILL, si_pid=1914777, si_uid=1000} ---
1914785 1790393055.843674 tgkill(1914777, 1914777, SIGURG) = 0 <0.000056>
1914777 1790393055.843790 --- SIGURG {si_signo=SIGURG, si_code=SI_TKILL, si_pid=1914777, si_uid=1000} ---
1914785 1790393055.845476 tgkill(1914777, 1914777, SIGURG) = 0 <0.000099>
1914777 1790393055.845710 --- SIGURG {si_signo=SIGURG, si_code=SI_TKILL, si_pid=1914777, si_uid=1000} ---
1914785 1790393055.845906 tgkill(1914777, 1914791, SIGURG) = 0 <0.000079>
1914791 1790393055.846086 --- SIGURG {si_signo=SIGURG, si_code=SI_TKILL, si_pid=1914777, si_uid=1000} ---
1914778 1790393055.858729 tgkill(1914777, 1914777, SIGURG) = 0 <0.000071>
1914777 1790393055.858847 --- SIGURG {si_signo=SIGURG, si_code=SI_TKILL, si_pid=1914777, si_uid=1000} ---
1914777 1790393055.871049 exit_group(0) = ?
1914791 1790393055.871660 +++ exited with 0 +++
1914790 1790393055.871672 +++ exited with 0 +++
1914789 1790393055.871677 +++ exited with 0 +++
1914787 1790393055.871681 +++ exited with 0 +++
1914786 1790393055.871685 +++ exited with 0 +++
1914785 1790393055.871689 +++ exited with 0 +++
1914782 1790393055.871694 +++ exited with 0 +++
1914781 1790393055.871698 +++ exited with 0 +++
1914780 1790393055.871702 +++ exited with 0 +++
1914779 1790393055.871706 +++ exited with 0 +++
1914778 1790393055.871710 +++ exited with 0 +++
1914755 1790393055.872021 waitid(P_PIDFD, 15 <unfinished ...>
1914788 1790393055.873034 +++ exited with 0 +++
1914777 1790393055.873048 +++ exited with 0 +++
1914755 1790393055.873099 <... waitid resumed>, {si_signo=SIGCHLD, si_code=CLD_EXITED, si_pid=1914777, si_uid=1000, si_status=0, si_utime=0, si_stime=0}, WEXITED, {ru_utime={tv_sec=0, tv_usec=34281}, ru_stime={tv_sec=0, tv_usec=151817}, ...}) = 0 <0.001063>
1914757 1790393055.873140 --- SIGCHLD {si_signo=SIGCHLD, si_code=CLD_EXITED, si_pid=1914777, si_uid=1000, si_status=0, si_utime=2 /* 0.02 s */, si_stime=12 /* 0.12 s */} ---
1914753 1790393055.877525 tgkill(1914745, 1914751, SIGURG) = 0 <0.000064>
1914748 1790393055.877635 clone(child_stack=0x106d7f8f8000, flags=CLONE_VM|CLONE_FS|CLONE_FILES|CLONE_SIGHAND|CLONE_THREAD|CLONE_SYSVSEM|CLONE_SETTLS <unfinished ...>
1914751 1790393055.877732 --- SIGURG {si_signo=SIGURG, si_code=SI_TKILL, si_pid=1914745, si_uid=1000} ---
1914748 1790393055.877949 <... clone resumed>, tls=0x106d7f7e9090) = 1914792 <0.000294>
1914753 1790393055.878078 tgkill(1914745, 1914751, SIGURG) = 0 <0.000070>
1914751 1790393055.878297 --- SIGURG {si_signo=SIGURG, si_code=SI_TKILL, si_pid=1914745, si_uid=1000} ---
1914753 1790393055.878585 tgkill(1914745, 1914751, SIGURG) = 0 <0.000051>
1914751 1790393055.878771 --- SIGURG {si_signo=SIGURG, si_code=SI_TKILL, si_pid=1914745, si_uid=1000} ---
1914753 1790393055.878967 tgkill(1914745, 1914751, SIGURG) = 0 <0.000063>
1914751 1790393055.879068 --- SIGURG {si_signo=SIGURG, si_code=SI_TKILL, si_pid=1914745, si_uid=1000} ---
1914753 1790393055.879345 tgkill(1914745, 1914751, SIGURG) = 0 <0.000097>
1914751 1790393055.879474 --- SIGURG {si_signo=SIGURG, si_code=SI_TKILL, si_pid=1914745, si_uid=1000} ---
1914753 1790393055.879753 tgkill(1914745, 1914751, SIGURG) = 0 <0.000071>
1914751 1790393055.879862 --- SIGURG {si_signo=SIGURG, si_code=SI_TKILL, si_pid=1914745, si_uid=1000} ---
1914753 1790393055.880155 tgkill(1914745, 1914751, SIGURG) = 0 <0.000074>
1914751 1790393055.880347 --- SIGURG {si_signo=SIGURG, si_code=SI_TKILL, si_pid=1914745, si_uid=1000} ---
1914753 1790393055.880526 tgkill(1914745, 1914751, SIGURG) = 0 <0.000054>
1914751 1790393055.880681 --- SIGURG {si_signo=SIGURG, si_code=SI_TKILL, si_pid=1914745, si_uid=1000} ---
1914751 1790393055.881310 tgkill(1914745, 1914753, SIGURG) = 0 <0.000079>
1914753 1790393055.881477 --- SIGURG {si_signo=SIGURG, si_code=SI_TKILL, si_pid=1914745, si_uid=1000} ---
1914753 1790393055.881655 tgkill(1914745, 1914751, SIGURG) = 0 <0.000077>
1914751 1790393055.881833 --- SIGURG {si_signo=SIGURG, si_code=SI_TKILL, si_pid=1914745, si_uid=1000} ---
1914753 1790393055.882817 tgkill(1914745, 1914757, SIGURG) = 0 <0.000059>
1914757 1790393055.882992 --- SIGURG {si_signo=SIGURG, si_code=SI_TKILL, si_pid=1914745, si_uid=1000} ---
1914753 1790393055.884483 tgkill(1914745, 1914757, SIGURG) = 0 <0.000099>
1914757 1790393055.884705 --- SIGURG {si_signo=SIGURG, si_code=SI_TKILL, si_pid=1914745, si_uid=1000} ---
1914746 1790393055.908559 tgkill(1914745, 1914757, SIGURG <unfinished ...>
1914757 1790393055.908651 --- SIGURG {si_signo=SIGURG, si_code=SI_TKILL, si_pid=1914745, si_uid=1000} ---
1914746 1790393055.908679 <... tgkill resumed>) = 0 <0.000100>
1914757 1790393055.916398 fsync(11)     = 0 <0.000066>
1914757 1790393055.916839 fsync(7)      = 0 <0.000065>
1914757 1790393055.922924 fsync(11)     = 0 <0.000063>
1914757 1790393055.925742 fsync(11)     = 0 <0.000055>
1914757 1790393055.928791 fsync(11)     = 0 <0.000059>
1914746 1790393055.929426 tgkill(1914745, 1914757, SIGURG) = 0 <0.000067>
1914757 1790393055.929529 --- SIGURG {si_signo=SIGURG, si_code=SI_TKILL, si_pid=1914745, si_uid=1000} ---
1914751 1790393055.938931 fsync(11)     = 0 <0.000064>
1914753 1790393056.305305 fsync(11)     = 0 <0.000046>
1914754 1790393056.311000 fsync(11)     = 0 <0.000034>
1914754 1790393056.316889 fsync(11)     = 0 <0.000074>
1914746 1790393056.317239 tgkill(1914745, 1914754, SIGURG) = 0 <0.000058>
1914754 1790393056.317339 --- SIGURG {si_signo=SIGURG, si_code=SI_TKILL, si_pid=1914745, si_uid=1000} ---
1914754 1790393056.318594 exit_group(0 <unfinished ...>
1914752 1790393056.318861 ???( <unfinished ...>
1914754 1790393056.318977 <... exit_group resumed>) = ?
1914792 1790393056.319059 +++ exited with 0 +++
1914759 1790393056.319068 +++ exited with 0 +++
1914758 1790393056.319073 +++ exited with 0 +++
1914757 1790393056.319077 +++ exited with 0 +++
1914754 1790393056.319129 +++ exited with 0 +++
1914756 1790393056.319360 +++ exited with 0 +++
1914755 1790393056.319369 +++ exited with 0 +++
1914753 1790393056.319373 +++ exited with 0 +++
1914752 1790393056.319378 +++ exited with 0 +++
1914751 1790393056.319382 +++ exited with 0 +++
1914750 1790393056.319386 +++ exited with 0 +++
1914749 1790393056.319390 +++ exited with 0 +++
1914748 1790393056.319394 +++ exited with 0 +++
1914747 1790393056.319398 +++ exited with 0 +++
1914746 1790393056.319403 +++ exited with 0 +++
1914745 1790393056.321482 +++ exited with 0 +++
1914743 1790393056.321518 <... waitid resumed>, {si_signo=SIGCHLD, si_code=CLD_EXITED, si_pid=1914745, si_uid=1000, si_status=0, si_utime=0, si_stime=0}, WEXITED, {ru_utime={tv_sec=0, tv_usec=48485}, ru_stime={tv_sec=0, tv_usec=398337}, ...}) = 0 <1.642011>
1914628 1790393056.321564 --- SIGCHLD {si_signo=SIGCHLD, si_code=CLD_EXITED, si_pid=1914745, si_uid=1000, si_status=0, si_utime=1 /* 0.01 s */, si_stime=21 /* 0.21 s */} ---
1914625 1790393056.332935 tgkill(1914624, 1914686, SIGURG <unfinished ...>
1914686 1790393056.333014 --- SIGURG {si_signo=SIGURG, si_code=SI_TKILL, si_pid=1914624, si_uid=1000} ---
1914625 1790393056.333043 <... tgkill resumed>) = 0 <0.000088>
1914628 1790393056.333760 connect(11, {sa_family=AF_UNIX, sun_path="<LAB>/w/hoveld.sock"}, 33) = 0 <0.000091>
1914625 1790393056.346019 tgkill(1914624, 1914743, SIGURG) = 0 <0.000054>
1914743 1790393056.346112 --- SIGURG {si_signo=SIGURG, si_code=SI_TKILL, si_pid=1914624, si_uid=1000} ---
1914628 1790393056.354949 connect(10, {sa_family=AF_UNIX, sun_path="<LAB>/w/hoveld.sock"}, 33) = 0 <0.000093>
1914743 1790393056.363292 connect(7, {sa_family=AF_UNIX, sun_path="<LAB>/w/hoveld.sock"}, 33) = 0 <0.000094>
1914625 1790393056.369947 tgkill(1914624, 1914743, SIGURG <unfinished ...>
1914743 1790393056.370078 --- SIGURG {si_signo=SIGURG, si_code=SI_TKILL, si_pid=1914624, si_uid=1000} ---
1914625 1790393056.370118 <... tgkill resumed>) = 0 <0.000137>
1914743 1790393056.374932 connect(11, {sa_family=AF_UNIX, sun_path="<LAB>/w/hoveld.sock"}, 33) = 0 <0.000097>
1914625 1790393056.381106 tgkill(1914624, 1914743, SIGURG <unfinished ...>
1914743 1790393056.381172 --- SIGURG {si_signo=SIGURG, si_code=SI_TKILL, si_pid=1914624, si_uid=1000} ---
1914625 1790393056.381201 <... tgkill resumed>) = 0 <0.000079>
1914625 1790393056.394637 tgkill(1914624, 1914628, SIGURG) = 0 <0.000062>
1914628 1790393056.394735 --- SIGURG {si_signo=SIGURG, si_code=SI_TKILL, si_pid=1914624, si_uid=1000} ---
1914689 1790393056.394889 connect(10, {sa_family=AF_UNIX, sun_path="<LAB>/w/hoveld.sock"}, 33) = 0 <0.000058>
1914743 1790393056.402681 connect(7, {sa_family=AF_UNIX, sun_path="<LAB>/w/hoveld.sock"}, 33) = 0 <0.000093>
1914625 1790393056.406518 tgkill(1914624, 1914743, SIGURG) = 0 <0.000058>
1914743 1790393056.406614 --- SIGURG {si_signo=SIGURG, si_code=SI_TKILL, si_pid=1914624, si_uid=1000} ---
1914628 1790393056.413998 connect(11, {sa_family=AF_UNIX, sun_path="<LAB>/w/hoveld.sock"}, 33) = 0 <0.000087>
1914689 1790393056.434012 connect(10, {sa_family=AF_UNIX, sun_path="<LAB>/w/hoveld.sock"}, 33) = 0 <0.000087>
1914628 1790393056.442024 connect(7, {sa_family=AF_UNIX, sun_path="<LAB>/w/hoveld.sock"}, 33) = 0 <0.000096>
1914625 1790393056.452500 tgkill(1914624, 1914628, SIGURG) = 0 <0.000092>
1914628 1790393056.452653 --- SIGURG {si_signo=SIGURG, si_code=SI_TKILL, si_pid=1914624, si_uid=1000} ---
1914686 1790393056.453906 connect(11, {sa_family=AF_UNIX, sun_path="<LAB>/w/hoveld.sock"}, 33) = 0 <0.000086>
1914625 1790393056.473634 tgkill(1914624, 1914689, SIGURG) = 0 <0.000063>
1914689 1790393056.473737 --- SIGURG {si_signo=SIGURG, si_code=SI_TKILL, si_pid=1914624, si_uid=1000} ---
1914628 1790393056.474024 connect(10, {sa_family=AF_UNIX, sun_path="<LAB>/w/hoveld.sock"}, 33) = 0 <0.000098>
1914686 1790393056.482083 connect(7, {sa_family=AF_UNIX, sun_path="<LAB>/w/hoveld.sock"}, 33) = 0 <0.000096>
1914686 1790393056.493625 connect(11, {sa_family=AF_UNIX, sun_path="<LAB>/w/hoveld.sock"}, 33) = 0 <0.000081>
1914625 1790393056.498266 tgkill(1914624, 1914686, SIGURG) = 0 <0.000060>
1914686 1790393056.498364 --- SIGURG {si_signo=SIGURG, si_code=SI_TKILL, si_pid=1914624, si_uid=1000} ---
1914625 1790393056.512759 tgkill(1914624, 1914628, SIGURG) = 0 <0.000066>
1914628 1790393056.512860 --- SIGURG {si_signo=SIGURG, si_code=SI_TKILL, si_pid=1914624, si_uid=1000} ---
1914689 1790393056.513538 connect(10, {sa_family=AF_UNIX, sun_path="<LAB>/w/hoveld.sock"}, 33) = 0 <0.000101>
1914689 1790393056.521386 connect(7, {sa_family=AF_UNIX, sun_path="<LAB>/w/hoveld.sock"}, 33) = 0 <0.000101>
1914689 1790393056.532818 connect(11, {sa_family=AF_UNIX, sun_path="<LAB>/w/hoveld.sock"}, 33) = 0 <0.000095>
1914625 1790393056.537532 tgkill(1914624, 1914689, SIGURG <unfinished ...>
1914689 1790393056.537622 --- SIGURG {si_signo=SIGURG, si_code=SI_TKILL, si_pid=1914624, si_uid=1000} ---
1914625 1790393056.537656 <... tgkill resumed>) = 0 <0.000104>
1914625 1790393056.553161 tgkill(1914624, 1914686, SIGURG) = 0 <0.000062>
1914686 1790393056.553260 --- SIGURG {si_signo=SIGURG, si_code=SI_TKILL, si_pid=1914624, si_uid=1000} ---
1914743 1790393056.553415 connect(10, {sa_family=AF_UNIX, sun_path="<LAB>/w/hoveld.sock"}, 33) = 0 <0.000076>
1914743 1790393056.561242 connect(7, {sa_family=AF_UNIX, sun_path="<LAB>/w/hoveld.sock"}, 33) = 0 <0.000071>
1914743 1790393056.572341 connect(11, {sa_family=AF_UNIX, sun_path="<LAB>/w/hoveld.sock"}, 33) = 0 <0.000101>
1914625 1790393056.591751 tgkill(1914624, 1914628, SIGURG <unfinished ...>
1914628 1790393056.591827 --- SIGURG {si_signo=SIGURG, si_code=SI_TKILL, si_pid=1914624, si_uid=1000} ---
1914625 1790393056.591857 <... tgkill resumed>) = 0 <0.000091>
1914686 1790393056.592159 connect(10, {sa_family=AF_UNIX, sun_path="<LAB>/w/hoveld.sock"}, 33) = 0 <0.000114>
1914743 1790393056.600219 connect(7, {sa_family=AF_UNIX, sun_path="<LAB>/w/hoveld.sock"}, 33) = 0 <0.000067>
1914625 1790393056.604057 tgkill(1914624, 1914743, SIGURG) = 0 <0.000070>
1914743 1790393056.604164 --- SIGURG {si_signo=SIGURG, si_code=SI_TKILL, si_pid=1914624, si_uid=1000} ---
1914689 1790393056.611580 connect(11, {sa_family=AF_UNIX, sun_path="<LAB>/w/hoveld.sock"}, 33) = 0 <0.000092>
1914686 1790393056.631825 connect(10, {sa_family=AF_UNIX, sun_path="<LAB>/w/hoveld.sock"}, 33) = 0 <0.000088>
1914689 1790393056.640036 connect(7, {sa_family=AF_UNIX, sun_path="<LAB>/w/hoveld.sock"}, 33) = 0 <0.000103>
1914625 1790393056.648883 tgkill(1914624, 1914689, SIGURG) = 0 <0.000057>
1914689 1790393056.649040 --- SIGURG {si_signo=SIGURG, si_code=SI_TKILL, si_pid=1914624, si_uid=1000} ---
1914689 1790393056.651423 connect(11, {sa_family=AF_UNIX, sun_path="<LAB>/w/hoveld.sock"}, 33) = 0 <0.000088>
1914625 1790393056.670440 tgkill(1914624, 1914686, SIGURG) = 0 <0.000064>
1914686 1790393056.670639 --- SIGURG {si_signo=SIGURG, si_code=SI_TKILL, si_pid=1914624, si_uid=1000} ---
1914689 1790393056.671171 connect(10, {sa_family=AF_UNIX, sun_path="<LAB>/w/hoveld.sock"}, 33) = 0 <0.000096>
1914689 1790393056.678953 connect(7, {sa_family=AF_UNIX, sun_path="<LAB>/w/hoveld.sock"}, 33) = 0 <0.000096>
1914625 1790393056.684491 tgkill(1914624, 1914689, SIGURG) = 0 <0.000063>
1914689 1790393056.684597 --- SIGURG {si_signo=SIGURG, si_code=SI_TKILL, si_pid=1914624, si_uid=1000} ---
1914628 1790393056.690692 connect(11, {sa_family=AF_UNIX, sun_path="<LAB>/w/hoveld.sock"}, 33) = 0 <0.000088>
1914686 1790393056.710753 connect(10, {sa_family=AF_UNIX, sun_path="<LAB>/w/hoveld.sock"}, 33) = 0 <0.000089>
1914628 1790393056.719036 connect(7, {sa_family=AF_UNIX, sun_path="<LAB>/w/hoveld.sock"}, 33) = 0 <0.000083>
1914625 1790393056.725700 tgkill(1914624, 1914628, SIGURG) = 0 <0.000076>
1914628 1790393056.725912 --- SIGURG {si_signo=SIGURG, si_code=SI_TKILL, si_pid=1914624, si_uid=1000} ---
1914689 1790393056.730983 connect(11, {sa_family=AF_UNIX, sun_path="<LAB>/w/hoveld.sock"}, 33) = 0 <0.000095>
1914686 1790393056.754385 connect(11, {sa_family=AF_UNIX, sun_path="<LAB>/w/hoveld.sock"}, 33) = 0 <0.000089>
1914625 1790393056.759175 tgkill(1914624, 1914686, SIGURG <unfinished ...>
1914686 1790393056.759247 --- SIGURG {si_signo=SIGURG, si_code=SI_TKILL, si_pid=1914624, si_uid=1000} ---
1914625 1790393056.759274 <... tgkill resumed>) = 0 <0.000079>
1914625 1790393056.770000 tgkill(1914624, 1914686, SIGURG) = 0 <0.000094>
1914686 1790393056.770153 --- SIGURG {si_signo=SIGURG, si_code=SI_TKILL, si_pid=1914624, si_uid=1000} ---
1914689 1790393056.770905 clone(child_stack=NULL, flags=CLONE_VM|CLONE_PIDFD|CLONE_VFORK|SIGCHLD <unfinished ...>
1914809 1790393056.778232 execve("<LAB>/cache/burrow/hovel/0.4.2/hovel", ["<LAB>/cache/burrow/ho"..., "run", "--workspace", "<LAB>/w", "--op", "burrow-MVUSXTAFUA6NTK357OBPP6DEU"..., "--chain", "request", "--", "throw", "--now", "--allow-dangerous", "--json"], 0x24ffa5642908 /* 66 vars */ <unfinished ...>
1914689 1790393056.778449 <... clone resumed>, parent_tid=[15]) = 1914809 <0.007526>
1914809 1790393056.778495 <... execve resumed>) = 0 <0.000230>
1914689 1790393056.779772 waitid(P_PIDFD, 15 <unfinished ...>
1914809 1790393056.802960 clone(child_stack=0x207b08674000, flags=CLONE_VM|CLONE_FS|CLONE_FILES|CLONE_SIGHAND|CLONE_THREAD|CLONE_SYSVSEM|CLONE_SETTLS, tls=0x207b08700090) = 1914810 <0.000178>
1914809 1790393056.803477 clone(child_stack=0x207b0871c000, flags=CLONE_VM|CLONE_FS|CLONE_FILES|CLONE_SIGHAND|CLONE_THREAD|CLONE_SYSVSEM|CLONE_SETTLS, tls=0x207b08700890) = 1914811 <0.000157>
1914809 1790393056.804046 clone(child_stack=0x207b08718000, flags=CLONE_VM|CLONE_FS|CLONE_FILES|CLONE_SIGHAND|CLONE_THREAD|CLONE_SYSVSEM|CLONE_SETTLS, tls=0x207b08701090) = 1914812 <0.000247>
1914811 1790393056.804490 clone(child_stack=0x207b08798000, flags=CLONE_VM|CLONE_FS|CLONE_FILES|CLONE_SIGHAND|CLONE_THREAD|CLONE_SYSVSEM|CLONE_SETTLS, tls=0x207b08780090) = 1914813 <0.000244>
1914810 1790393056.904688 tgkill(1914809, 1914809, SIGURG) = 0 <0.000058>
1914809 1790393056.904798 --- SIGURG {si_signo=SIGURG, si_code=SI_TKILL, si_pid=1914809, si_uid=1000} ---
1914810 1790393057.126588 tgkill(1914809, 1914809, SIGURG) = 0 <0.000066>
1914809 1790393057.126706 --- SIGURG {si_signo=SIGURG, si_code=SI_TKILL, si_pid=1914809, si_uid=1000} ---
1914810 1790393057.145050 tgkill(1914809, 1914809, SIGURG) = 0 <0.000070>
1914809 1790393057.145170 --- SIGURG {si_signo=SIGURG, si_code=SI_TKILL, si_pid=1914809, si_uid=1000} ---
1914812 1790393057.147144 clone(child_stack=0x207b08a2c000, flags=CLONE_VM|CLONE_FS|CLONE_FILES|CLONE_SIGHAND|CLONE_THREAD|CLONE_SYSVSEM|CLONE_SETTLS, tls=0x207b08780890) = 1914815 <0.000175>
1914809 1790393057.159108 clone(child_stack=0x207b08a28000, flags=CLONE_VM|CLONE_FS|CLONE_FILES|CLONE_SIGHAND|CLONE_THREAD|CLONE_SYSVSEM|CLONE_SETTLS, tls=0x207b08b1a090) = 1914816 <0.000155>
1914809 1790393057.159612 clone(child_stack=0x207b08b3a000, flags=CLONE_VM|CLONE_FS|CLONE_FILES|CLONE_SIGHAND|CLONE_THREAD|CLONE_SYSVSEM|CLONE_SETTLS, tls=0x207b08b1a890) = 1914817 <0.000154>
1914809 1790393057.160149 clone(child_stack=0x207b08b36000, flags=CLONE_VM|CLONE_FS|CLONE_FILES|CLONE_SIGHAND|CLONE_THREAD|CLONE_SYSVSEM|CLONE_SETTLS <unfinished ...>
1914813 1790393057.160278 clone(child_stack=0x207b08a3c000, flags=CLONE_VM|CLONE_FS|CLONE_FILES|CLONE_SIGHAND|CLONE_THREAD|CLONE_SYSVSEM|CLONE_SETTLS <unfinished ...>
1914817 1790393057.160471 tgkill(1914809, 1914809, SIGURG <unfinished ...>
1914813 1790393057.160520 <... clone resumed>, tls=0x207b08781090) = 1914819 <0.000227>
1914809 1790393057.160577 <... clone resumed>, tls=0x207b08b1b090) = 1914818 <0.000412>
1914817 1790393057.160653 <... tgkill resumed>) = 0 <0.000169>
1914809 1790393057.161053 --- SIGURG {si_signo=SIGURG, si_code=SI_TKILL, si_pid=1914809, si_uid=1000} ---
1914817 1790393057.161263 tgkill(1914809, 1914809, SIGURG) = 0 <0.000111>
1914809 1790393057.161484 clone(child_stack=0x207b08a38000, flags=CLONE_VM|CLONE_FS|CLONE_FILES|CLONE_SIGHAND|CLONE_THREAD|CLONE_SYSVSEM|CLONE_SETTLS, tls=0x207b08b1b890) = 1914820 <0.000162>
1914809 1790393057.161869 --- SIGURG {si_signo=SIGURG, si_code=SI_TKILL, si_pid=1914809, si_uid=1000} ---
1914817 1790393057.162141 tgkill(1914809, 1914809, SIGURG) = 0 <0.000057>
1914809 1790393057.162390 --- SIGURG {si_signo=SIGURG, si_code=SI_TKILL, si_pid=1914809, si_uid=1000} ---
1914817 1790393057.162697 tgkill(1914809, 1914809, SIGURG <unfinished ...>
1914809 1790393057.162739 clone(child_stack=0x207b08b5e000, flags=CLONE_VM|CLONE_FS|CLONE_FILES|CLONE_SIGHAND|CLONE_THREAD|CLONE_SYSVSEM|CLONE_SETTLS <unfinished ...>
1914817 1790393057.162774 <... tgkill resumed>) = 0 <0.000057>
1914809 1790393057.162968 <... clone resumed>, tls=0x207b08b4c090) = 1914821 <0.000216>
1914809 1790393057.163171 --- SIGURG {si_signo=SIGURG, si_code=SI_TKILL, si_pid=1914809, si_uid=1000} ---
1914817 1790393057.163388 tgkill(1914809, 1914809, SIGURG) = 0 <0.000058>
1914809 1790393057.163601 --- SIGURG {si_signo=SIGURG, si_code=SI_TKILL, si_pid=1914809, si_uid=1000} ---
1914817 1790393057.163896 tgkill(1914809, 1914809, SIGURG) = 0 <0.000078>
1914809 1790393057.164077 --- SIGURG {si_signo=SIGURG, si_code=SI_TKILL, si_pid=1914809, si_uid=1000} ---
1914817 1790393057.164315 tgkill(1914809, 1914809, SIGURG) = 0 <0.000075>
1914809 1790393057.164497 --- SIGURG {si_signo=SIGURG, si_code=SI_TKILL, si_pid=1914809, si_uid=1000} ---
1914817 1790393057.164761 tgkill(1914809, 1914809, SIGURG) = 0 <0.000049>
1914809 1790393057.164907 --- SIGURG {si_signo=SIGURG, si_code=SI_TKILL, si_pid=1914809, si_uid=1000} ---
1914817 1790393057.165090 tgkill(1914809, 1914809, SIGURG) = 0 <0.000074>
1914809 1790393057.165272 --- SIGURG {si_signo=SIGURG, si_code=SI_TKILL, si_pid=1914809, si_uid=1000} ---
1914817 1790393057.167043 tgkill(1914809, 1914809, SIGURG) = 0 <0.000057>
1914809 1790393057.167171 --- SIGURG {si_signo=SIGURG, si_code=SI_TKILL, si_pid=1914809, si_uid=1000} ---
1914817 1790393057.167689 tgkill(1914809, 1914809, SIGURG) = 0 <0.000042>
1914809 1790393057.167813 --- SIGURG {si_signo=SIGURG, si_code=SI_TKILL, si_pid=1914809, si_uid=1000} ---
1914817 1790393057.168928 tgkill(1914809, 1914809, SIGURG) = 0 <0.000063>
1914809 1790393057.169052 --- SIGURG {si_signo=SIGURG, si_code=SI_TKILL, si_pid=1914809, si_uid=1000} ---
1914817 1790393057.170147 tgkill(1914809, 1914809, SIGURG) = 0 <0.000077>
1914817 1790393057.170538 tgkill(1914809, 1914819, SIGURG <unfinished ...>
1914809 1790393057.170593 --- SIGURG {si_signo=SIGURG, si_code=SI_TKILL, si_pid=1914809, si_uid=1000} ---
1914817 1790393057.170669 <... tgkill resumed>) = 0 <0.000116>
1914819 1790393057.170809 --- SIGURG {si_signo=SIGURG, si_code=SI_TKILL, si_pid=1914809, si_uid=1000} ---
1914818 1790393057.174974 tgkill(1914809, 1914809, SIGURG) = 0 <0.000091>
1914816 1790393057.175162 clone(child_stack=0x207b08b5a000, flags=CLONE_VM|CLONE_FS|CLONE_FILES|CLONE_SIGHAND|CLONE_THREAD|CLONE_SYSVSEM|CLONE_SETTLS <unfinished ...>
1914809 1790393057.175207 --- SIGURG {si_signo=SIGURG, si_code=SI_TKILL, si_pid=1914809, si_uid=1000} ---
1914816 1790393057.175335 <... clone resumed>, tls=0x207b08b4c890) = 1914822 <0.000160>
1914818 1790393057.175461 tgkill(1914809, 1914809, SIGURG) = 0 <0.000080>
1914809 1790393057.175737 --- SIGURG {si_signo=SIGURG, si_code=SI_TKILL, si_pid=1914809, si_uid=1000} ---
1914818 1790393057.176026 tgkill(1914809, 1914809, SIGURG) = 0 <0.000056>
1914809 1790393057.176284 --- SIGURG {si_signo=SIGURG, si_code=SI_TKILL, si_pid=1914809, si_uid=1000} ---
1914818 1790393057.176556 tgkill(1914809, 1914809, SIGURG) = 0 <0.000054>
1914809 1790393057.176712 --- SIGURG {si_signo=SIGURG, si_code=SI_TKILL, si_pid=1914809, si_uid=1000} ---
1914818 1790393057.176917 tgkill(1914809, 1914809, SIGURG) = 0 <0.000056>
1914809 1790393057.177068 --- SIGURG {si_signo=SIGURG, si_code=SI_TKILL, si_pid=1914809, si_uid=1000} ---
1914818 1790393057.177328 tgkill(1914809, 1914809, SIGURG) = 0 <0.000063>
1914809 1790393057.177426 --- SIGURG {si_signo=SIGURG, si_code=SI_TKILL, si_pid=1914809, si_uid=1000} ---
1914818 1790393057.177686 tgkill(1914809, 1914809, SIGURG) = 0 <0.000084>
1914809 1790393057.177897 --- SIGURG {si_signo=SIGURG, si_code=SI_TKILL, si_pid=1914809, si_uid=1000} ---
1914818 1790393057.178764 tgkill(1914809, 1914809, SIGURG) = 0 <0.000060>
1914809 1790393057.178883 --- SIGURG {si_signo=SIGURG, si_code=SI_TKILL, si_pid=1914809, si_uid=1000} ---
1914818 1790393057.180135 tgkill(1914809, 1914809, SIGURG) = 0 <0.000088>
1914809 1790393057.180265 --- SIGURG {si_signo=SIGURG, si_code=SI_TKILL, si_pid=1914809, si_uid=1000} ---
1914818 1790393057.180742 tgkill(1914809, 1914809, SIGURG) = 0 <0.000054>
1914809 1790393057.180852 --- SIGURG {si_signo=SIGURG, si_code=SI_TKILL, si_pid=1914809, si_uid=1000} ---
1914818 1790393057.181320 tgkill(1914809, 1914809, SIGURG) = 0 <0.000080>
1914809 1790393057.181520 --- SIGURG {si_signo=SIGURG, si_code=SI_TKILL, si_pid=1914809, si_uid=1000} ---
1914818 1790393057.183043 tgkill(1914809, 1914809, SIGURG) = 0 <0.000059>
1914809 1790393057.183159 --- SIGURG {si_signo=SIGURG, si_code=SI_TKILL, si_pid=1914809, si_uid=1000} ---
1914816 1790393057.188095 tgkill(1914809, 1914809, SIGURG) = 0 <0.000103>
1914809 1790393057.188271 --- SIGURG {si_signo=SIGURG, si_code=SI_TKILL, si_pid=1914809, si_uid=1000} ---
1914816 1790393057.188730 tgkill(1914809, 1914809, SIGURG) = 0 <0.000097>
1914809 1790393057.188993 --- SIGURG {si_signo=SIGURG, si_code=SI_TKILL, si_pid=1914809, si_uid=1000} ---
1914816 1790393057.189196 tgkill(1914809, 1914809, SIGURG) = 0 <0.000057>
1914809 1790393057.189286 --- SIGURG {si_signo=SIGURG, si_code=SI_TKILL, si_pid=1914809, si_uid=1000} ---
1914816 1790393057.189541 tgkill(1914809, 1914809, SIGURG) = 0 <0.000058>
1914809 1790393057.189639 --- SIGURG {si_signo=SIGURG, si_code=SI_TKILL, si_pid=1914809, si_uid=1000} ---
1914816 1790393057.189953 tgkill(1914809, 1914809, SIGURG) = 0 <0.000071>
1914809 1790393057.190103 --- SIGURG {si_signo=SIGURG, si_code=SI_TKILL, si_pid=1914809, si_uid=1000} ---
1914816 1790393057.190416 tgkill(1914809, 1914809, SIGURG) = 0 <0.000080>
1914809 1790393057.190554 --- SIGURG {si_signo=SIGURG, si_code=SI_TKILL, si_pid=1914809, si_uid=1000} ---
1914816 1790393057.190828 tgkill(1914809, 1914809, SIGURG) = 0 <0.000076>
1914809 1790393057.190961 --- SIGURG {si_signo=SIGURG, si_code=SI_TKILL, si_pid=1914809, si_uid=1000} ---
1914816 1790393057.191270 tgkill(1914809, 1914809, SIGURG) = 0 <0.000060>
1914809 1790393057.191422 --- SIGURG {si_signo=SIGURG, si_code=SI_TKILL, si_pid=1914809, si_uid=1000} ---
1914816 1790393057.191623 tgkill(1914809, 1914809, SIGURG) = 0 <0.000059>
1914809 1790393057.191768 --- SIGURG {si_signo=SIGURG, si_code=SI_TKILL, si_pid=1914809, si_uid=1000} ---
1914816 1790393057.192924 tgkill(1914809, 1914809, SIGURG) = 0 <0.000060>
1914809 1790393057.193020 --- SIGURG {si_signo=SIGURG, si_code=SI_TKILL, si_pid=1914809, si_uid=1000} ---
1914816 1790393057.193866 tgkill(1914809, 1914809, SIGURG) = 0 <0.000059>
1914809 1790393057.193959 --- SIGURG {si_signo=SIGURG, si_code=SI_TKILL, si_pid=1914809, si_uid=1000} ---
1914809 1790393057.196250 clone(child_stack=0x207b08794000, flags=CLONE_VM|CLONE_FS|CLONE_FILES|CLONE_SIGHAND|CLONE_THREAD|CLONE_SYSVSEM|CLONE_SETTLS, tls=0x207b08983890) = 1914823 <0.000188>
1914810 1790393057.208406 tgkill(1914809, 1914818, SIGURG <unfinished ...>
1914818 1790393057.208489 --- SIGURG {si_signo=SIGURG, si_code=SI_TKILL, si_pid=1914809, si_uid=1000} ---
1914810 1790393057.208520 <... tgkill resumed>) = 0 <0.000095>
1914818 1790393057.210151 connect(6, {sa_family=AF_UNIX, sun_path="<LAB>/w/hoveld.sock"}, 33) = 0 <0.000081>
1914817 1790393057.214005 connect(6, {sa_family=AF_UNIX, sun_path="<LAB>/w/hoveld.sock"}, 33) = 0 <0.000095>
1914811 1790393057.527643 clone(child_stack=0x207b08cb6000, flags=CLONE_VM|CLONE_FS|CLONE_FILES|CLONE_SIGHAND|CLONE_THREAD|CLONE_SYSVSEM|CLONE_SETTLS <unfinished ...>
1914812 1790393057.528001 tgkill(1914809, 1914817, SIGURG <unfinished ...>
1914811 1790393057.528035 <... clone resumed>, tls=0x207b08b4d090) = 1914837 <0.000355>
1914812 1790393057.528145 <... tgkill resumed>) = 0 <0.000126>
1914817 1790393057.528326 --- SIGURG {si_signo=SIGURG, si_code=SI_TKILL, si_pid=1914809, si_uid=1000} ---
1914812 1790393057.528745 tgkill(1914809, 1914817, SIGURG <unfinished ...>
1914817 1790393057.528870 --- SIGURG {si_signo=SIGURG, si_code=SI_TKILL, si_pid=1914809, si_uid=1000} ---
1914812 1790393057.528899 <... tgkill resumed>) = 0 <0.000141>
1914812 1790393057.529284 tgkill(1914809, 1914817, SIGURG) = 0 <0.000075>
1914817 1790393057.529441 --- SIGURG {si_signo=SIGURG, si_code=SI_TKILL, si_pid=1914809, si_uid=1000} ---
1914812 1790393057.530826 tgkill(1914809, 1914815, SIGURG <unfinished ...>
1914815 1790393057.530943 --- SIGURG {si_signo=SIGURG, si_code=SI_TKILL, si_pid=1914809, si_uid=1000} ---
1914812 1790393057.530974 <... tgkill resumed>) = 0 <0.000126>
1914812 1790393057.531889 tgkill(1914809, 1914817, SIGURG <unfinished ...>
1914817 1790393057.532017 --- SIGURG {si_signo=SIGURG, si_code=SI_TKILL, si_pid=1914809, si_uid=1000} ---
1914812 1790393057.532051 <... tgkill resumed>) = 0 <0.000143>
1914817 1790393057.540324 waitid(P_PIDFD, 13, 0x207b08db1650, WEXITED, NULL) = -1 ECHILD (No child processes) <0.000049>
1914817 1790393057.540456 pidfd_send_signal(13, 0, NULL, 0) = 0 <0.000059>
1914817 1790393057.540615 clone(child_stack=NULL, flags=CLONE_VM|CLONE_PIDFD|CLONE_VFORK <unfinished ...>
1914838 1790393057.540797 exit_group(0) = ?
1914838 1790393057.540935 +++ exited with 0 +++
1914817 1790393057.540948 <... clone resumed>, parent_tid=[14]) = 1914838 <0.000301>
1914817 1790393057.541024 waitid(P_PIDFD, 14, {si_signo=SIGCHLD, si_code=CLD_EXITED, si_pid=1914838, si_uid=1000, si_status=0, si_utime=0, si_stime=0}, WEXITED|__WCLONE, NULL) = 0 <0.000063>
1914817 1790393057.542505 clone(child_stack=NULL, flags=CLONE_VM|CLONE_PIDFD|CLONE_VFORK|SIGCHLD <unfinished ...>
1914810 1790393057.543410 tgkill(1914809, 1914817, SIGURG) = 0 <0.000038>
1914839 1790393057.550017 execve("<LAB>/cache/burrow/modules/88c67f76be5bf6c701d9182d7520f9573a8b42b0c31b59f1986c735400d2ea2a/7c595f72824b93d64bc29333d425d49220b3a34fe4422bfe3799187f891be5a4/burrow", ["<LAB>/cache/burrow/mo"..., "module"], 0x207b087e9d48 /* 66 vars */ <unfinished ...>
1914817 1790393057.550223 <... clone resumed>, parent_tid=[15]) = 1914839 <0.007677>
1914839 1790393057.550302 <... execve resumed>) = 0 <0.000254>
1914817 1790393057.550414 --- SIGURG {si_signo=SIGURG, si_code=SI_TKILL, si_pid=1914809, si_uid=1000} ---
1914839 1790393057.582826 clone3({flags=CLONE_VM|CLONE_FS|CLONE_FILES|CLONE_SIGHAND|CLONE_THREAD|CLONE_SYSVSEM|CLONE_SETTLS|CLONE_PARENT_SETTID|CLONE_CHILD_CLEARTID, child_tid=0x72be3899fce8, parent_tid=0x72be3899f990, exit_signal=0, stack=0x72be3819f000, stack_size=0x7fff80, tls=0x72be3899f6c0} => {parent_tid=[1914840]}, 88) = 1914840 <0.000190>
1914839 1790393057.583967 clone3({flags=CLONE_VM|CLONE_FS|CLONE_FILES|CLONE_SIGHAND|CLONE_THREAD|CLONE_SYSVSEM|CLONE_SETTLS|CLONE_PARENT_SETTID|CLONE_CHILD_CLEARTID, child_tid=0x72be2ffffce8, parent_tid=0x72be2ffff990, exit_signal=0, stack=0x72be2f7ff000, stack_size=0x7fff80, tls=0x72be2ffff6c0} => {parent_tid=[1914841]}, 88) = 1914841 <0.000197>
1914839 1790393057.585268 clone3({flags=CLONE_VM|CLONE_FS|CLONE_FILES|CLONE_SIGHAND|CLONE_THREAD|CLONE_SYSVSEM|CLONE_SETTLS|CLONE_PARENT_SETTID|CLONE_CHILD_CLEARTID, child_tid=0x72be2f7fece8, parent_tid=0x72be2f7fe990, exit_signal=0, stack=0x72be2effe000, stack_size=0x7fff80, tls=0x72be2f7fe6c0} => {parent_tid=[1914842]}, 88) = 1914842 <0.000187>
1914841 1790393057.585847 clone3({flags=CLONE_VM|CLONE_FS|CLONE_FILES|CLONE_SIGHAND|CLONE_THREAD|CLONE_SYSVSEM|CLONE_SETTLS|CLONE_PARENT_SETTID|CLONE_CHILD_CLEARTID, child_tid=0x72be2effdce8, parent_tid=0x72be2effd990, exit_signal=0, stack=0x72be2e7fd000, stack_size=0x7fff80, tls=0x72be2effd6c0} => {parent_tid=[1914843]}, 88) = 1914843 <0.000180>
1914840 1790393057.587262 tgkill(1914839, 1914839, SIGURG) = 0 <0.000060>
1914839 1790393057.587883 clone3({flags=CLONE_VM|CLONE_FS|CLONE_FILES|CLONE_SIGHAND|CLONE_THREAD|CLONE_SYSVSEM|CLONE_SETTLS|CLONE_PARENT_SETTID|CLONE_CHILD_CLEARTID, child_tid=0x72be2e7fcce8, parent_tid=0x72be2e7fc990, exit_signal=0, stack=0x72be2dffc000, stack_size=0x7fff80, tls=0x72be2e7fc6c0} => {parent_tid=[1914844]}, 88) = 1914844 <0.000199>
1914839 1790393057.588481 --- SIGURG {si_signo=SIGURG, si_code=SI_TKILL, si_pid=1914839, si_uid=1000} ---
1914840 1790393057.691332 tgkill(1914839, 1914839, SIGURG) = 0 <0.000062>
1914839 1790393057.691447 --- SIGURG {si_signo=SIGURG, si_code=SI_TKILL, si_pid=1914839, si_uid=1000} ---
1914840 1790393057.820180 tgkill(1914839, 1914839, SIGURG) = 0 <0.000072>
1914839 1790393057.820308 --- SIGURG {si_signo=SIGURG, si_code=SI_TKILL, si_pid=1914839, si_uid=1000} ---
1914840 1790393057.887669 tgkill(1914839, 1914839, SIGURG) = 0 <0.000058>
1914839 1790393057.887788 --- SIGURG {si_signo=SIGURG, si_code=SI_TKILL, si_pid=1914839, si_uid=1000} ---
1914840 1790393057.911805 tgkill(1914839, 1914839, SIGURG) = 0 <0.000060>
1914839 1790393057.911913 --- SIGURG {si_signo=SIGURG, si_code=SI_TKILL, si_pid=1914839, si_uid=1000} ---
1914843 1790393057.916829 clone3({flags=CLONE_VM|CLONE_FS|CLONE_FILES|CLONE_SIGHAND|CLONE_THREAD|CLONE_SYSVSEM|CLONE_SETTLS|CLONE_PARENT_SETTID|CLONE_CHILD_CLEARTID, child_tid=0x72be2dffbce8, parent_tid=0x72be2dffb990, exit_signal=0, stack=0x72be2d7fb000, stack_size=0x7fff80, tls=0x72be2dffb6c0} => {parent_tid=[1914845]}, 88) = 1914845 <0.000275>
1914839 1790393057.929364 clone3({flags=CLONE_VM|CLONE_FS|CLONE_FILES|CLONE_SIGHAND|CLONE_THREAD|CLONE_SYSVSEM|CLONE_SETTLS|CLONE_PARENT_SETTID|CLONE_CHILD_CLEARTID, child_tid=0x72be2d7face8, parent_tid=0x72be2d7fa990, exit_signal=0, stack=0x72be2cffa000, stack_size=0x7fff80, tls=0x72be2d7fa6c0} => {parent_tid=[1914846]}, 88) = 1914846 <0.000195>
1914839 1790393057.930499 clone3({flags=CLONE_VM|CLONE_FS|CLONE_FILES|CLONE_SIGHAND|CLONE_THREAD|CLONE_SYSVSEM|CLONE_SETTLS|CLONE_PARENT_SETTID|CLONE_CHILD_CLEARTID, child_tid=0x72be2cff9ce8, parent_tid=0x72be2cff9990, exit_signal=0, stack=0x72be2c7f9000, stack_size=0x7fff80, tls=0x72be2cff96c0} => {parent_tid=[1914847]}, 88) = 1914847 <0.000191>
1914846 1790393057.931769 clone3({flags=CLONE_VM|CLONE_FS|CLONE_FILES|CLONE_SIGHAND|CLONE_THREAD|CLONE_SYSVSEM|CLONE_SETTLS|CLONE_PARENT_SETTID|CLONE_CHILD_CLEARTID, child_tid=0x72be17fffce8, parent_tid=0x72be17fff990, exit_signal=0, stack=0x72be177ff000, stack_size=0x7fff80, tls=0x72be17fff6c0} <unfinished ...>
1914839 1790393057.931870 clone3({flags=CLONE_VM|CLONE_FS|CLONE_FILES|CLONE_SIGHAND|CLONE_THREAD|CLONE_SYSVSEM|CLONE_SETTLS|CLONE_PARENT_SETTID|CLONE_CHILD_CLEARTID, child_tid=0x72be177fece8, parent_tid=0x72be177fe990, exit_signal=0, stack=0x72be16ffe000, stack_size=0x7fff80, tls=0x72be177fe6c0} <unfinished ...>
1914846 1790393057.932030 <... clone3 resumed> => {parent_tid=[1914848]}, 88) = 1914848 <0.000239>
1914839 1790393057.932225 <... clone3 resumed> => {parent_tid=[1914849]}, 88) = 1914849 <0.000338>
1914847 1790393057.932301 tgkill(1914839, 1914839, SIGURG) = 0 <0.000077>
1914839 1790393057.932941 --- SIGURG {si_signo=SIGURG, si_code=SI_TKILL, si_pid=1914839, si_uid=1000} ---
1914847 1790393057.933304 tgkill(1914839, 1914839, SIGURG) = 0 <0.000081>
1914839 1790393057.934029 clone3({flags=CLONE_VM|CLONE_FS|CLONE_FILES|CLONE_SIGHAND|CLONE_THREAD|CLONE_SYSVSEM|CLONE_SETTLS|CLONE_PARENT_SETTID|CLONE_CHILD_CLEARTID, child_tid=0x72be16ffdce8, parent_tid=0x72be16ffd990, exit_signal=0, stack=0x72be167fd000, stack_size=0x7fff80, tls=0x72be16ffd6c0} => {parent_tid=[1914850]}, 88) = 1914850 <0.000214>
1914839 1790393057.934596 --- SIGURG {si_signo=SIGURG, si_code=SI_TKILL, si_pid=1914839, si_uid=1000} ---
1914847 1790393057.934856 tgkill(1914839, 1914839, SIGURG) = 0 <0.000080>
1914839 1790393057.935033 --- SIGURG {si_signo=SIGURG, si_code=SI_TKILL, si_pid=1914839, si_uid=1000} ---
1914847 1790393057.935298 tgkill(1914839, 1914839, SIGURG) = 0 <0.000076>
1914839 1790393057.935451 --- SIGURG {si_signo=SIGURG, si_code=SI_TKILL, si_pid=1914839, si_uid=1000} ---
1914847 1790393057.935730 tgkill(1914839, 1914839, SIGURG) = 0 <0.000074>
1914839 1790393057.935903 --- SIGURG {si_signo=SIGURG, si_code=SI_TKILL, si_pid=1914839, si_uid=1000} ---
1914847 1790393057.936125 tgkill(1914839, 1914839, SIGURG) = 0 <0.000061>
1914839 1790393057.936273 --- SIGURG {si_signo=SIGURG, si_code=SI_TKILL, si_pid=1914839, si_uid=1000} ---
1914847 1790393057.936534 tgkill(1914839, 1914839, SIGURG) = 0 <0.000053>
1914839 1790393057.936646 --- SIGURG {si_signo=SIGURG, si_code=SI_TKILL, si_pid=1914839, si_uid=1000} ---
1914847 1790393057.936940 tgkill(1914839, 1914839, SIGURG) = 0 <0.000069>
1914839 1790393057.937066 --- SIGURG {si_signo=SIGURG, si_code=SI_TKILL, si_pid=1914839, si_uid=1000} ---
1914847 1790393057.937291 tgkill(1914839, 1914839, SIGURG) = 0 <0.000048>
1914839 1790393057.937450 --- SIGURG {si_signo=SIGURG, si_code=SI_TKILL, si_pid=1914839, si_uid=1000} ---
1914847 1790393057.938758 tgkill(1914839, 1914839, SIGURG) = 0 <0.000058>
1914839 1790393057.939031 --- SIGURG {si_signo=SIGURG, si_code=SI_TKILL, si_pid=1914839, si_uid=1000} ---
1914847 1790393057.940138 tgkill(1914839, 1914839, SIGURG) = 0 <0.000079>
1914839 1790393057.940404 --- SIGURG {si_signo=SIGURG, si_code=SI_TKILL, si_pid=1914839, si_uid=1000} ---
1914847 1790393057.941724 tgkill(1914839, 1914839, SIGURG) = 0 <0.000056>
1914839 1790393057.941838 --- SIGURG {si_signo=SIGURG, si_code=SI_TKILL, si_pid=1914839, si_uid=1000} ---
1914840 1790393057.943774 tgkill(1914839, 1914847, SIGURG <unfinished ...>
1914847 1790393057.943830 tgkill(1914839, 1914839, SIGURG) = 0 <0.000095>
1914840 1790393057.943978 <... tgkill resumed>) = 0 <0.000187>
1914847 1790393057.944029 --- SIGURG {si_signo=SIGURG, si_code=SI_TKILL, si_pid=1914839, si_uid=1000} ---
1914839 1790393057.944112 --- SIGURG {si_signo=SIGURG, si_code=SI_TKILL, si_pid=1914839, si_uid=1000} ---
1914849 1790393057.946693 tgkill(1914839, 1914839, SIGURG) = 0 <0.000082>
1914839 1790393057.947010 --- SIGURG {si_signo=SIGURG, si_code=SI_TKILL, si_pid=1914839, si_uid=1000} ---
1914841 1790393057.947088 tgkill(1914839, 1914849, SIGURG <unfinished ...>
1914849 1790393057.947184 --- SIGURG {si_signo=SIGURG, si_code=SI_TKILL, si_pid=1914839, si_uid=1000} ---
1914841 1790393057.947233 <... tgkill resumed>) = 0 <0.000133>
1914846 1790393057.947287 clone3({flags=CLONE_VM|CLONE_FS|CLONE_FILES|CLONE_SIGHAND|CLONE_THREAD|CLONE_SYSVSEM|CLONE_SETTLS|CLONE_PARENT_SETTID|CLONE_CHILD_CLEARTID, child_tid=0x72be167fcce8, parent_tid=0x72be167fc990, exit_signal=0, stack=0x72be15ffc000, stack_size=0x7fff80, tls=0x72be167fc6c0} <unfinished ...>
1914849 1790393057.947537 tgkill(1914839, 1914839, SIGURG <unfinished ...>
1914846 1790393057.947567 <... clone3 resumed> => {parent_tid=[1914851]}, 88) = 1914851 <0.000263>
1914849 1790393057.947628 <... tgkill resumed>) = 0 <0.000078>
1914839 1790393057.947922 --- SIGURG {si_signo=SIGURG, si_code=SI_TKILL, si_pid=1914839, si_uid=1000} ---
1914849 1790393057.948174 tgkill(1914839, 1914839, SIGURG) = 0 <0.000072>
1914839 1790393057.948278 --- SIGURG {si_signo=SIGURG, si_code=SI_TKILL, si_pid=1914839, si_uid=1000} ---
1914849 1790393057.948570 tgkill(1914839, 1914839, SIGURG) = 0 <0.000078>
1914839 1790393057.948873 --- SIGURG {si_signo=SIGURG, si_code=SI_TKILL, si_pid=1914839, si_uid=1000} ---
1914849 1790393057.949103 tgkill(1914839, 1914839, SIGURG) = 0 <0.000048>
1914839 1790393057.949266 --- SIGURG {si_signo=SIGURG, si_code=SI_TKILL, si_pid=1914839, si_uid=1000} ---
1914849 1790393057.949478 tgkill(1914839, 1914839, SIGURG) = 0 <0.000048>
1914839 1790393057.949635 --- SIGURG {si_signo=SIGURG, si_code=SI_TKILL, si_pid=1914839, si_uid=1000} ---
1914845 1790393057.950602 tgkill(1914839, 1914839, SIGURG) = 0 <0.000064>
1914839 1790393057.950702 --- SIGURG {si_signo=SIGURG, si_code=SI_TKILL, si_pid=1914839, si_uid=1000} ---
1914845 1790393057.951526 tgkill(1914839, 1914839, SIGURG) = 0 <0.000064>
1914839 1790393057.951625 --- SIGURG {si_signo=SIGURG, si_code=SI_TKILL, si_pid=1914839, si_uid=1000} ---
1914845 1790393057.952215 tgkill(1914839, 1914839, SIGURG) = 0 <0.000073>
1914839 1790393057.952407 --- SIGURG {si_signo=SIGURG, si_code=SI_TKILL, si_pid=1914839, si_uid=1000} ---
1914845 1790393057.954108 tgkill(1914839, 1914839, SIGURG) = 0 <0.000067>
1914839 1790393057.954385 --- SIGURG {si_signo=SIGURG, si_code=SI_TKILL, si_pid=1914839, si_uid=1000} ---
1914845 1790393057.954562 tgkill(1914839, 1914851, SIGURG) = 0 <0.000054>
1914851 1790393057.954804 --- SIGURG {si_signo=SIGURG, si_code=SI_TKILL, si_pid=1914839, si_uid=1000} ---
1914843 1790393057.971173 tgkill(1914839, 1914839, SIGURG) = 0 <0.000078>
1914839 1790393057.971464 --- SIGURG {si_signo=SIGURG, si_code=SI_TKILL, si_pid=1914839, si_uid=1000} ---
1914843 1790393057.971846 tgkill(1914839, 1914839, SIGURG) = 0 <0.000080>
1914839 1790393057.971999 --- SIGURG {si_signo=SIGURG, si_code=SI_TKILL, si_pid=1914839, si_uid=1000} ---
1914843 1790393057.972249 tgkill(1914839, 1914839, SIGURG) = 0 <0.000110>
1914839 1790393057.972462 --- SIGURG {si_signo=SIGURG, si_code=SI_TKILL, si_pid=1914839, si_uid=1000} ---
1914843 1790393057.972704 tgkill(1914839, 1914839, SIGURG) = 0 <0.000078>
1914839 1790393057.972883 --- SIGURG {si_signo=SIGURG, si_code=SI_TKILL, si_pid=1914839, si_uid=1000} ---
1914843 1790393057.973127 tgkill(1914839, 1914839, SIGURG) = 0 <0.000064>
1914839 1790393057.973224 --- SIGURG {si_signo=SIGURG, si_code=SI_TKILL, si_pid=1914839, si_uid=1000} ---
1914843 1790393057.973522 tgkill(1914839, 1914839, SIGURG) = 0 <0.000052>
1914839 1790393057.973630 --- SIGURG {si_signo=SIGURG, si_code=SI_TKILL, si_pid=1914839, si_uid=1000} ---
1914843 1790393057.973885 tgkill(1914839, 1914839, SIGURG) = 0 <0.000052>
1914839 1790393057.974018 --- SIGURG {si_signo=SIGURG, si_code=SI_TKILL, si_pid=1914839, si_uid=1000} ---
1914843 1790393057.975341 tgkill(1914839, 1914839, SIGURG) = 0 <0.000055>
1914839 1790393057.975453 --- SIGURG {si_signo=SIGURG, si_code=SI_TKILL, si_pid=1914839, si_uid=1000} ---
1914843 1790393057.976018 tgkill(1914839, 1914839, SIGURG) = 0 <0.000089>
1914839 1790393057.976152 --- SIGURG {si_signo=SIGURG, si_code=SI_TKILL, si_pid=1914839, si_uid=1000} ---
1914843 1790393057.976638 tgkill(1914839, 1914839, SIGURG) = 0 <0.000059>
1914839 1790393057.976825 --- SIGURG {si_signo=SIGURG, si_code=SI_TKILL, si_pid=1914839, si_uid=1000} ---
1914839 1790393057.986848 exit_group(0 <unfinished ...>
1914845 1790393057.987298 +++ exited with 0 +++
1914839 1790393057.987399 <... exit_group resumed>) = ?
1914851 1790393057.987509 +++ exited with 0 +++
1914850 1790393057.987518 +++ exited with 0 +++
1914849 1790393057.987523 +++ exited with 0 +++
1914848 1790393057.987527 +++ exited with 0 +++
1914847 1790393057.987531 +++ exited with 0 +++
1914846 1790393057.987535 +++ exited with 0 +++
1914844 1790393057.987539 +++ exited with 0 +++
1914843 1790393057.987544 +++ exited with 0 +++
1914842 1790393057.987548 +++ exited with 0 +++
1914841 1790393057.987552 +++ exited with 0 +++
1914840 1790393057.987556 +++ exited with 0 +++
1914815 1790393057.987789 waitid(P_PIDFD, 15 <unfinished ...>
1914839 1790393057.988903 +++ exited with 0 +++
1914817 1790393057.988977 --- SIGCHLD {si_signo=SIGCHLD, si_code=CLD_EXITED, si_pid=1914839, si_uid=1000, si_status=0, si_utime=3 /* 0.03 s */, si_stime=11 /* 0.11 s */} ---
1914815 1790393057.989007 <... waitid resumed>, {si_signo=SIGCHLD, si_code=CLD_EXITED, si_pid=1914839, si_uid=1000, si_status=0, si_utime=0, si_stime=0}, WEXITED, {ru_utime={tv_sec=0, tv_usec=39798}, ru_stime={tv_sec=0, tv_usec=144269}, ...}) = 0 <0.001202>
1914810 1790393058.007449 tgkill(1914809, 1914812, SIGURG) = 0 <0.000063>
1914812 1790393058.007554 --- SIGURG {si_signo=SIGURG, si_code=SI_TKILL, si_pid=1914809, si_uid=1000} ---
1914810 1790393058.038155 tgkill(1914809, 1914815, SIGURG) = 0 <0.000048>
1914815 1790393058.038236 --- SIGURG {si_signo=SIGURG, si_code=SI_TKILL, si_pid=1914809, si_uid=1000} ---
1914810 1790393058.063826 tgkill(1914809, 1914815, SIGURG) = 0 <0.000099>
1914815 1790393058.063985 --- SIGURG {si_signo=SIGURG, si_code=SI_TKILL, si_pid=1914809, si_uid=1000} ---
1914815 1790393058.073186 fsync(10)     = 0 <0.000064>
1914815 1790393058.073581 fsync(6)      = 0 <0.000067>
1914815 1790393058.078138 fsync(10)     = 0 <0.000044>
1914815 1790393058.080810 fsync(10)     = 0 <0.000038>
1914815 1790393058.084088 fsync(10)     = 0 <0.000035>
1914810 1790393058.084809 tgkill(1914809, 1914815, SIGURG <unfinished ...>
1914815 1790393058.084860 connect(6, {sa_family=AF_UNIX, sun_path="<LAB>/w/hoveld.sock"}, 33 <unfinished ...>
1914810 1790393058.084901 <... tgkill resumed>) = 0 <0.000077>
1914815 1790393058.084976 <... connect resumed>) = 0 <0.000093>
1914815 1790393058.085033 --- SIGURG {si_signo=SIGURG, si_code=SI_TKILL, si_pid=1914809, si_uid=1000} ---
1914813 1790393058.094855 fsync(10)     = 0 <0.000043>
1914821 1790393058.100947 clone(child_stack=0x207b08d5a000, flags=CLONE_VM|CLONE_FS|CLONE_FILES|CLONE_SIGHAND|CLONE_THREAD|CLONE_SYSVSEM|CLONE_SETTLS <unfinished ...>
1914822 1790393058.101024 tgkill(1914809, 1914813, SIGURG) = 0 <0.000070>
1914821 1790393058.101150 <... clone resumed>, tls=0x207b08cdb090) = 1914852 <0.000181>
1914813 1790393058.101389 --- SIGURG {si_signo=SIGURG, si_code=SI_TKILL, si_pid=1914809, si_uid=1000} ---
1914820 1790393058.101587 tgkill(1914809, 1914822, SIGURG <unfinished ...>
1914822 1790393058.101690 --- SIGURG {si_signo=SIGURG, si_code=SI_TKILL, si_pid=1914809, si_uid=1000} ---
1914820 1790393058.101719 <... tgkill resumed>) = 0 <0.000120>
1914822 1790393058.101950 tgkill(1914809, 1914813, SIGURG) = 0 <0.000114>
1914813 1790393058.102100 --- SIGURG {si_signo=SIGURG, si_code=SI_TKILL, si_pid=1914809, si_uid=1000} ---
1914822 1790393058.102413 tgkill(1914809, 1914813, SIGURG) = 0 <0.000061>
1914813 1790393058.102506 --- SIGURG {si_signo=SIGURG, si_code=SI_TKILL, si_pid=1914809, si_uid=1000} ---
1914822 1790393058.102790 tgkill(1914809, 1914813, SIGURG) = 0 <0.000056>
1914813 1790393058.103046 --- SIGURG {si_signo=SIGURG, si_code=SI_TKILL, si_pid=1914809, si_uid=1000} ---
1914822 1790393058.103269 tgkill(1914809, 1914813, SIGURG) = 0 <0.000049>
1914813 1790393058.103407 --- SIGURG {si_signo=SIGURG, si_code=SI_TKILL, si_pid=1914809, si_uid=1000} ---
1914822 1790393058.490213 fsync(10)     = 0 <0.000040>
1914812 1790393058.494957 fsync(10)     = 0 <0.000036>
1914812 1790393058.500504 fsync(10)     = 0 <0.000106>
1914812 1790393058.501742 exit_group(0) = ?
1914852 1790393058.502455 +++ exited with 0 +++
1914837 1790393058.502468 +++ exited with 0 +++
1914823 1790393058.502472 +++ exited with 0 +++
1914822 1790393058.502477 +++ exited with 0 +++
1914821 1790393058.502481 +++ exited with 0 +++
1914820 1790393058.502485 +++ exited with 0 +++
1914819 1790393058.502489 +++ exited with 0 +++
1914818 1790393058.502493 +++ exited with 0 +++
1914817 1790393058.502497 +++ exited with 0 +++
1914816 1790393058.502501 +++ exited with 0 +++
1914815 1790393058.502505 +++ exited with 0 +++
1914813 1790393058.502510 +++ exited with 0 +++
1914812 1790393058.502514 +++ exited with 0 +++
1914811 1790393058.502518 +++ exited with 0 +++
1914810 1790393058.502522 +++ exited with 0 +++
1914809 1790393058.504169 +++ exited with 0 +++
1914689 1790393058.504205 <... waitid resumed>, {si_signo=SIGCHLD, si_code=CLD_EXITED, si_pid=1914809, si_uid=1000, si_status=0, si_utime=0, si_stime=0}, WEXITED, {ru_utime={tv_sec=0, tv_usec=71458}, ru_stime={tv_sec=0, tv_usec=412532}, ...}) = 0 <1.724417>
1914743 1790393058.504250 --- SIGCHLD {si_signo=SIGCHLD, si_code=CLD_EXITED, si_pid=1914809, si_uid=1000, si_status=0, si_utime=2 /* 0.02 s */, si_stime=20 /* 0.20 s */} ---
1914625 1790393058.514946 tgkill(1914624, 1914628, SIGURG) = 0 <0.000080>
1914628 1790393058.515088 --- SIGURG {si_signo=SIGURG, si_code=SI_TKILL, si_pid=1914624, si_uid=1000} ---
1914692 1790393058.516239 connect(11, {sa_family=AF_UNIX, sun_path="<LAB>/w/hoveld.sock"}, 33) = 0 <0.000095>
1914629 1790393058.526185 tgkill(1914624, 1914692, SIGURG <unfinished ...>
1914692 1790393058.526297 --- SIGURG {si_signo=SIGURG, si_code=SI_TKILL, si_pid=1914624, si_uid=1000} ---
1914629 1790393058.526377 <... tgkill resumed>) = 0 <0.000175>
1914691 1790393058.526561 clone3({flags=CLONE_VM|CLONE_FS|CLONE_FILES|CLONE_SIGHAND|CLONE_THREAD|CLONE_SYSVSEM|CLONE_SETTLS|CLONE_PARENT_SETTID|CLONE_CHILD_CLEARTID, child_tid=0x7391e67fcce8, parent_tid=0x7391e67fc990, exit_signal=0, stack=0x7391e5ffc000, stack_size=0x7fff80, tls=0x7391e67fc6c0} <unfinished ...>
1914629 1790393058.526660 tgkill(1914624, 1914692, SIGURG <unfinished ...>
1914692 1790393058.526789 --- SIGURG {si_signo=SIGURG, si_code=SI_TKILL, si_pid=1914624, si_uid=1000} ---
1914629 1790393058.526818 <... tgkill resumed>) = 0 <0.000142>
1914691 1790393058.526884 <... clone3 resumed> => {parent_tid=[1914876]}, 88) = 1914876 <0.000301>
1914743 1790393058.527049 tgkill(1914624, 1914627, SIGURG) = 0 <0.000093>
1914627 1790393058.527361 --- SIGURG {si_signo=SIGURG, si_code=SI_TKILL, si_pid=1914624, si_uid=1000} ---
1914743 1790393058.527519 tgkill(1914624, 1914629, SIGURG) = 0 <0.000091>
1914692 1790393058.527644 tgkill(1914624, 1914628, SIGURG) = 0 <0.000089>
1914627 1790393058.527829 tgkill(1914624, 1914692, SIGURG <unfinished ...>
1914629 1790393058.527918 --- SIGURG {si_signo=SIGURG, si_code=SI_TKILL, si_pid=1914624, si_uid=1000} ---
1914628 1790393058.527948 --- SIGURG {si_signo=SIGURG, si_code=SI_TKILL, si_pid=1914624, si_uid=1000} ---
1914627 1790393058.528038 <... tgkill resumed>) = 0 <0.000194>
1914692 1790393058.528086 --- SIGURG {si_signo=SIGURG, si_code=SI_TKILL, si_pid=1914624, si_uid=1000} ---
1914629 1790393058.528212 tgkill(1914624, 1914627, SIGURG) = 0 <0.000106>
1914627 1790393058.528566 --- SIGURG {si_signo=SIGURG, si_code=SI_TKILL, si_pid=1914624, si_uid=1000} ---
1914629 1790393058.529428 tgkill(1914624, 1914743, SIGURG) = 0 <0.000056>
1914743 1790393058.529527 --- SIGURG {si_signo=SIGURG, si_code=SI_TKILL, si_pid=1914624, si_uid=1000} ---
1914629 1790393058.531137 tgkill(1914624, 1914743, SIGURG) = 0 <0.000060>
1914743 1790393058.531243 --- SIGURG {si_signo=SIGURG, si_code=SI_TKILL, si_pid=1914624, si_uid=1000} ---
1914743 1790393058.534044 fsync(8)      = 0 <0.000040>
1914743 1790393058.535268 fsync(9)      = 0 <0.000039>
1914743 1790393058.535395 fsync(7)      = 0 <0.000056>
1914692 1790393058.537839 exit_group(0) = ?
1914876 1790393058.538534 +++ exited with 0 +++
1914743 1790393058.538547 +++ exited with 0 +++
1914692 1790393058.538552 +++ exited with 0 +++
1914691 1790393058.538557 +++ exited with 0 +++
1914690 1790393058.538562 +++ exited with 0 +++
1914689 1790393058.538567 +++ exited with 0 +++
1914687 1790393058.538571 +++ exited with 0 +++
1914686 1790393058.538576 +++ exited with 0 +++
1914685 1790393058.538581 +++ exited with 0 +++
1914630 1790393058.538585 +++ exited with 0 +++
1914629 1790393058.538590 +++ exited with 0 +++
1914628 1790393058.538595 +++ exited with 0 +++
1914627 1790393058.538599 +++ exited with 0 +++
1914626 1790393058.538604 +++ exited with 0 +++
1914625 1790393058.540377 +++ exited with 0 +++
1914624 1790393058.540388 +++ exited with 0 +++
